data/TC2_260821.pdf {'tags': 149, 'no_leader': 112, 'leader_hits_nothing': 12, 'same': 19, 'differ': 6}
   p4   PRV   leaders=0 len=None  nearest=GATE  leader=None  neard=28.3
   p4   PRV   leaders=0 len=None  nearest=GATE  leader=None  neard=27.4
   p4   PRV   leaders=0 len=None  nearest=GATE  leader=None  neard=30.0
   p4   BPRV  leaders=0 len=None  nearest=GATE  leader=None  neard=28.4
   p4   BPRV  leaders=0 len=None  nearest=GATE  leader=None  neard=28.3
   p4   PSV   leaders=1 len=21.4  nearest=CHECK  leader=None  neard=48.6
   p4   PSV   leaders=0 len=None  nearest=CHECK  leader=None  neard=57.4
   p5   MOV   leaders=1 len=19.8  nearest=GATE  leader=GATE  neard=39.9
   p5   MOV   leaders=1 len=19.8  nearest=GATE  leader=GATE  neard=39.9
   p5   MOV   leaders=1 len=19.8  nearest=GATE  leader=GATE  neard=39.9
   p5   MOV   leaders=0 len=None  nearest=GATE  leader=None  neard=28.3
   p5   MOV   leaders=0 len=None  nearest=GATE  leader=None  neard=28.2
   p5   MOV   leaders=0 len=None  nearest=GATE  leader=None  neard=28.2
   p5   HV    leaders=0 len=None  nearest=BALL  leader=None  neard=32.9
   p5   HV    leaders=0 len=None  nearest=BALL  leader=None  neard=32.8
   p5   PCV   leaders=1 len=19.6  nearest=GATE  leader=GATE  neard=34.2
   p5   PCV   leaders=0 len=None  nearest=GATE  leader=None  neard=28.4
   p5   HV    leaders=0 len=None  nearest=GATE  leader=None  neard=28.3
   p6   MOV   leaders=0 len=None  nearest=GLOBE  leader=None  neard=28.9
   p6   MOV   leaders=0 len=None  nearest=GATE  leader=None  neard=28.2
   p6   MOV   leaders=1 len=23.5  nearest=GLOBE  leader=GLOBE  neard=35.0
   p6   MOV   leaders=1 len=22.5  nearest=GLOBE  leader=GLOBE  neard=31.2
   p7   XV    leaders=0 len=None  nearest=CHECK  leader=None  neard=26.5
   p7   MOV   leaders=0 len=None  nearest=GLOBE  leader=None  neard=28.9
   p7   NRV   leaders=1 len=24.3  nearest=CHECK  leader=CHECK  neard=31.1
   p7   MOV   leaders=1 len=24.3  nearest=BUTTERFLY  leader=BUTTERFLY  neard=31.1
   p7   MOV   leaders=1 len=24.3  nearest=GATE  leader=GATE  neard=31.2
   p8   MOV   leaders=0 len=None  nearest=GLOBE  leader=None  neard=28.9
   p8   MOV   leaders=0 len=None  nearest=GLOBE  leader=None  neard=29.2
   p8   MOV   leaders=0 len=None  nearest=GATE  leader=None  neard=28.3
   p8   MOV   leaders=1 len=25.8  nearest=GLOBE  leader=GLOBE  neard=33.7
   p9   MOV   leaders=1 len=19.6  nearest=GATE  leader=GATE  neard=28.3
   p9   MOV   leaders=0 len=None  nearest=GLOBE  leader=None  neard=28.9
   p9   MOV   leaders=0 len=None  nearest=GLOBE  leader=None  neard=27.9
   p10  XV    leaders=0 len=None  nearest=GATE  leader=None  neard=34.1
   p10  TCV   leaders=0 len=None  nearest=GLOBE  leader=None  neard=53.6
   p10  XV    leaders=0 len=None  nearest=GLOBE  leader=None  neard=30.2
   p10  TCV   leaders=0 len=None  nearest=GLOBE  leader=None  neard=28.6
   p10  XV    leaders=0 len=None  nearest=GLOBE  leader=None  neard=29.6
   p10  TCV   leaders=0 len=None  nearest=GLOBE  leader=None  neard=29.3
   p10  PCV   leaders=0 len=None  nearest=GLOBE  leader=None  neard=103.6
   p10  PCV   leaders=1 len=18.1  nearest=ANGLE  leader=None  neard=54.8
   p10  PCV   leaders=0 len=None  nearest=ANGLE  leader=None  neard=68.5
   p10  MOV   leaders=0 len=None  nearest=GLOBE  leader=None  neard=25.2
   p10  MOV   leaders=0 len=None  nearest=GLOBE  leader=None  neard=28.9
   p10  XV    leaders=1 len=14.8  nearest=ANGLE  leader=ANGLE  neard=29.2
   p10  XV    leaders=1 len=14.8  nearest=ANGLE  leader=ANGLE  neard=29.2
   p11  MOV   leaders=1 len=19.5  nearest=GLOBE  leader=GLOBE  neard=31.2
   p11  XV    leaders=0 len=None  nearest=GLOBE  leader=None  neard=31.9
   p11  TCV   leaders=0 len=None  nearest=GLOBE  leader=None  neard=37.8
   p11  PCV   leaders=0 len=None  nearest=GLOBE  leader=None  neard=113.2
   p11  MOV   leaders=0 len=None  nearest=GLOBE  leader=None  neard=29.9
   p11  PSV   leaders=0 len=None  nearest=CHECK  leader=None  neard=22.1
   p11  MOV   leaders=0 len=None  nearest=GLOBE  leader=None  neard=28.9
   p11  MOV   leaders=1 len=12.2  nearest=GLOBE  leader=GLOBE  neard=25.6
   p11  XV    leaders=0 len=None  nearest=GATE  leader=None  neard=28.8
   p12  MOV   leaders=0 len=None  nearest=GLOBE  leader=None  neard=31.2
   p12  MOV   leaders=0 len=None  nearest=GLOBE  leader=None  neard=31.2
   p12  XV    leaders=0 len=None  nearest=GLOBE  leader=None  neard=33.8
   p13  MOV   leaders=0 len=None  nearest=GLOBE  leader=None  neard=32.7
   p13  MOV   leaders=0 len=None  nearest=CHECK  leader=None  neard=25.1
   p13  MOV   leaders=0 len=None  nearest=BUTTERFLY  leader=None  neard=35.8
   p13  MOV   leaders=0 len=None  nearest=GATE  leader=None  neard=31.0
   p13  PSV   leaders=0 len=None  nearest=CHECK  leader=None  neard=22.0
   p17  LCV   leaders=0 len=None  nearest=GATE  leader=None  neard=26.1
   p17  PRV   leaders=0 len=None  nearest=GATE  leader=None  neard=25.9
   p17  PSV   leaders=0 len=None  nearest=CHECK  leader=None  neard=26.7
   p17  FCV   leaders=0 len=None  nearest=GATE  leader=None  neard=18.3
   p17  MOV   leaders=0 len=None  nearest=CHECK  leader=None  neard=18.7
   p17  PSV   leaders=0 len=None  nearest=CHECK  leader=None  neard=20.5
   p18  MOV   leaders=0 len=None  nearest=BUTTERFLY  leader=None  neard=35.0
   p18  MOV   leaders=0 len=None  nearest=CHECK  leader=None  neard=26.0
   p18  PCV   leaders=0 len=None  nearest=GATE  leader=None  neard=18.3
   p18  TCV   leaders=0 len=None  nearest=BUTTERFLY  leader=None  neard=34.4
   p18  MOV   leaders=0 len=None  nearest=BUTTERFLY  leader=None  neard=35.1
   p22  MOV   leaders=0 len=None  nearest=GLOBE  leader=None  neard=28.4
   p22  PSV   leaders=1 len=9.6  nearest=GLOBE  leader=None  neard=51.1
   p22  PSV   leaders=1 len=4.3  nearest=GATE  leader=None  neard=29.2
   p22  FCV   leaders=1 len=17.2  nearest=GLOBE  leader=GLOBE  neard=28.9
   p22  FCV   leaders=0 len=None  nearest=GLOBE  leader=None  neard=28.9
   p22  PSV   leaders=1 len=4.3  nearest=GATE  leader=None  neard=77.0
   p22  MOV   leaders=1 len=15.8  nearest=GLOBE  leader=None  neard=24.9
   p22  MOV   leaders=0 len=None  nearest=GATE  leader=None  neard=32.1
   p22  MOV   leaders=1 len=20.1  nearest=GLOBE  leader=None  neard=51.4
   p22  MOV   leaders=0 len=None  nearest=GATE  leader=None  neard=32.2
   p22  MOV   leaders=1 len=12.4  nearest=GATE  leader=GATE  neard=26.1
   p23  MOV   leaders=0 len=None  nearest=BALL  leader=None  neard=25.8
   p23  MOV   leaders=0 len=None  nearest=BALL  leader=None  neard=37.5
   p23  MOV   leaders=0 len=None  nearest=BALL  leader=None  neard=37.5
   p23  MOV   leaders=0 len=None  nearest=BALL  leader=None  neard=25.8
   p24  PSV   leaders=0 len=None  nearest=CHECK  leader=None  neard=21.7
   p24  PSV   leaders=0 len=None  nearest=CHECK  leader=None  neard=21.6
   p25  XV    leaders=1 len=28.4  nearest=GLOBE  leader=None  neard=30.4
   p25  PSV   leaders=0 len=None  nearest=GLOBE  leader=None  neard=18.5
   p25  PSV   leaders=0 len=None  nearest=GLOBE  leader=None  neard=18.5
   p25  PSV   leaders=0 len=None  nearest=GLOBE  leader=None  neard=51.5
   p25  PSV   leaders=0 len=None  nearest=GLOBE  leader=None  neard=51.6
   p25  MOV   leaders=0 len=None  nearest=GATE  leader=None  neard=28.3
   p26  PSV   leaders=0 len=None  nearest=CHECK  leader=None  neard=21.4
   p26  PSV   leaders=0 len=None  nearest=CHECK  leader=None  neard=19.6
   p26  PSV   leaders=0 len=None  nearest=CHECK  leader=None  neard=21.4
   p26  PSV   leaders=0 len=None  nearest=CHECK  leader=None  neard=19.6
   p26  PSV   leaders=0 len=None  nearest=CHECK  leader=None  neard=19.6
   p26  PSV   leaders=0 len=None  nearest=CHECK  leader=None  neard=21.4
   p26  PSV   leaders=0 len=None  nearest=CHECK  leader=None  neard=19.6
   p26  FCV   leaders=1 len=15.7  nearest=GLOBE  leader=GLOBE  neard=30.1
   p27  PSV   leaders=0 len=None  nearest=CHECK  leader=None  neard=22.7
   p27  PSV   leaders=0 len=None  nearest=CHECK  leader=None  neard=22.6
   p27  PSV   leaders=0 len=None  nearest=CHECK  leader=None  neard=22.7
   p28  PSV   leaders=0 len=None  nearest=CHECK  leader=None  neard=22.6
   p28  PSV   leaders=0 len=None  nearest=CHECK  leader=None  neard=22.7
   p31  PRV   leaders=0 len=None  nearest=GATE  leader=None  neard=27.8
   p31  PRV   leaders=0 len=None  nearest=GATE  leader=None  neard=27.8
   p31  PRV   leaders=0 len=None  nearest=GATE  leader=None  neard=27.8
   p31  PRV   leaders=0 len=None  nearest=GATE  leader=None  neard=27.7
   p31  PRV   leaders=0 len=None  nearest=GATE  leader=None  neard=27.8
   p31  PRV   leaders=0 len=None  nearest=GATE  leader=None  neard=27.8
   p31  PRV   leaders=0 len=None  nearest=GATE  leader=None  neard=27.8
   p31  PRV   leaders=0 len=None  nearest=GATE  leader=None  neard=27.8
   p32  PSV   leaders=0 len=None  nearest=CHECK  leader=None  neard=35.4
   p32  MOV   leaders=0 len=None  nearest=GLOBE  leader=None  neard=28.8
   p32  MOV   leaders=0 len=None  nearest=GATE  leader=None  neard=21.3
   p33  PSV   leaders=0 len=None  nearest=CHECK  leader=None  neard=19.3
   p33  PSV   leaders=0 len=None  nearest=CHECK  leader=None  neard=19.3
   p33  PSV   leaders=0 len=None  nearest=GLOBE  leader=None  neard=32.1
   p33  PSV   leaders=0 len=None  nearest=CHECK  leader=None  neard=19.4
   p33  XV    leaders=1 len=15.4  nearest=GATE  leader=GATE  neard=17.8
   p33  XV    leaders=0 len=None  nearest=GATE  leader=None  neard=23.2
   p34  PSV   leaders=0 len=None  nearest=CHECK  leader=None  neard=19.3
   p34  PSV   leaders=0 len=None  nearest=CHECK  leader=None  neard=19.3
   p34  PSV   leaders=0 len=None  nearest=GLOBE  leader=None  neard=32.1
   p34  PSV   leaders=0 len=None  nearest=CHECK  leader=None  neard=19.4
   p34  XV    leaders=1 len=15.4  nearest=GATE  leader=GATE  neard=17.8
   p34  XV    leaders=0 len=None  nearest=GATE  leader=None  neard=23.2
   p36  MOV   leaders=0 len=None  nearest=GATE  leader=None  neard=28.3
   p36  MOV   leaders=0 len=None  nearest=GATE  leader=None  neard=28.4
   p37  PRV   leaders=0 len=None  nearest=GATE  leader=None  neard=30.2
   p42  MOV   leaders=0 len=None  nearest=GATE  leader=None  neard=27.4
   p44  MOV   leaders=0 len=None  nearest=GATE  leader=None  neard=27.5
   p46  MOV   leaders=1 len=22.5  nearest=GATE  leader=GATE  neard=27.4
   p47  MOV   leaders=0 len=None  nearest=GATE  leader=None  neard=27.4
   p49  PRV   leaders=1 len=26.2  nearest=GLOBE  leader=GLOBE  neard=29.1
   p49  PRV   leaders=1 len=28.0  nearest=GLOBE  leader=GLOBE  neard=28.3
   p49  PSV   leaders=1 len=22.3  nearest=GLOBE  leader=None  neard=60.1
   p49  PSV   leaders=1 len=22.4  nearest=GLOBE  leader=None  neard=61.4
   p50  PRV   leaders=1 len=26.2  nearest=GLOBE  leader=GLOBE  neard=29.1
   p50  PRV   leaders=1 len=28.0  nearest=GLOBE  leader=GLOBE  neard=28.3
   p50  PSV   leaders=1 len=22.3  nearest=GLOBE  leader=None  neard=60.1
   p50  PSV   leaders=1 len=22.4  nearest=GLOBE  leader=None  neard=61.4
