data/pid_total.pdf {'tags': 198, 'leader_hits_nothing': 49, 'no_leader': 140, 'same': 9}
   p3   FCV   leaders=1 len=26.9  nearest=GATE  leader=None  neard=163.0
   p3   LCV   leaders=0 len=None  nearest=GATE  leader=None  neard=58.9
   p3   PRV   leaders=0 len=None  nearest=GATE  leader=None  neard=56.7
   p3   PRV   leaders=0 len=None  nearest=GATE  leader=None  neard=54.9
   p3   PRV   leaders=0 len=None  nearest=GATE  leader=None  neard=60.0
   p3   BPRV  leaders=0 len=None  nearest=GATE  leader=None  neard=56.7
   p3   BPRV  leaders=0 len=None  nearest=GATE  leader=None  neard=56.8
   p3   PSV   leaders=1 len=42.8  nearest=CHECK  leader=None  neard=188.0
   p3   PSV   leaders=0 len=None  nearest=None  leader=None  neard=None
   p3   PSV   leaders=0 len=None  nearest=None  leader=None  neard=None
   p4   MOV   leaders=1 len=39.6  nearest=GATE  leader=GATE  neard=80.1
   p4   MOV   leaders=1 len=39.5  nearest=GATE  leader=GATE  neard=80.1
   p4   MOV   leaders=1 len=39.6  nearest=GATE  leader=GATE  neard=80.1
   p4   MOV   leaders=0 len=None  nearest=GATE  leader=None  neard=56.7
   p4   MOV   leaders=0 len=None  nearest=GATE  leader=None  neard=56.7
   p4   MOV   leaders=0 len=None  nearest=GATE  leader=None  neard=56.7
   p4   HV    leaders=0 len=None  nearest=BUTTERFLY  leader=None  neard=65.9
   p4   HV    leaders=0 len=None  nearest=BUTTERFLY  leader=None  neard=65.9
   p4   PCV   leaders=1 len=39.2  nearest=GATE  leader=GATE  neard=68.6
   p4   PCV   leaders=0 len=None  nearest=GATE  leader=None  neard=56.7
   p4   HV    leaders=0 len=None  nearest=GATE  leader=None  neard=56.8
   p6   MOV   leaders=0 len=None  nearest=GLOBE  leader=None  neard=66.5
   p6   MOV   leaders=0 len=None  nearest=BALL  leader=None  neard=66.5
   p6   MOV   leaders=0 len=None  nearest=GLOBE  leader=None  neard=66.5
   p6   MOV   leaders=0 len=None  nearest=GLOBE  leader=None  neard=59.8
   p7   MOV   leaders=0 len=None  nearest=GLOBE  leader=None  neard=67.1
   p7   PCV   leaders=0 len=None  nearest=GATE  leader=None  neard=62.4
   p7   PCV   leaders=0 len=None  nearest=GLOBE  leader=None  neard=69.4
   p7   NRV   leaders=0 len=None  nearest=GLOBE  leader=None  neard=49.8
   p7   MOV   leaders=0 len=None  nearest=GATE  leader=None  neard=60.1
   p7   MOV   leaders=0 len=None  nearest=GATE  leader=None  neard=71.5
   p7   MOV   leaders=0 len=None  nearest=GLOBE  leader=None  neard=76.4
   p7   MOV   leaders=0 len=None  nearest=GLOBE  leader=None  neard=76.4
   p7   MOV   leaders=0 len=None  nearest=GLOBE  leader=None  neard=66.9
   p7   MOV   leaders=0 len=None  nearest=GLOBE  leader=None  neard=66.5
   p7   MOV   leaders=0 len=None  nearest=GLOBE  leader=None  neard=66.5
   p8   MOV   leaders=0 len=None  nearest=DIAPHRAGM  leader=None  neard=60.2
   p8   MOV   leaders=0 len=None  nearest=GATE  leader=None  neard=60.2
   p8   MOV   leaders=1 len=44.1  nearest=GLOBE  leader=GLOBE  neard=60.1
   p8   MOV   leaders=0 len=None  nearest=GLOBE  leader=None  neard=60.1
   p8   MOV   leaders=0 len=None  nearest=GLOBE  leader=None  neard=59.8
   p9   MOV   leaders=0 len=None  nearest=GATE  leader=None  neard=60.1
   p9   MOV   leaders=0 len=None  nearest=GATE  leader=None  neard=60.2
   p9   MOV   leaders=0 len=None  nearest=GLOBE  leader=None  neard=60.1
   p9   MOV   leaders=0 len=None  nearest=GLOBE  leader=None  neard=59.7
   p9   MOV   leaders=0 len=None  nearest=GLOBE  leader=None  neard=60.2
   p9   MOV   leaders=0 len=None  nearest=GLOBE  leader=None  neard=60.1
   p10  MOV   leaders=0 len=None  nearest=GLOBE  leader=None  neard=60.1
   p10  MOV   leaders=0 len=None  nearest=GLOBE  leader=None  neard=60.1
   p10  MOV   leaders=0 len=None  nearest=GLOBE  leader=None  neard=60.1
   p10  TCV   leaders=0 len=None  nearest=GLOBE  leader=None  neard=60.1
   p10  XV    leaders=0 len=None  nearest=GLOBE  leader=None  neard=59.7
   p10  TCV   leaders=0 len=None  nearest=GLOBE  leader=None  neard=60.1
   p10  XV    leaders=0 len=None  nearest=GLOBE  leader=None  neard=59.7
   p10  TCV   leaders=0 len=None  nearest=GLOBE  leader=None  neard=60.1
   p10  XV    leaders=0 len=None  nearest=GLOBE  leader=None  neard=59.7
   p10  XV    leaders=0 len=None  nearest=ANGLE  leader=None  neard=67.1
   p10  XV    leaders=0 len=None  nearest=ANGLE  leader=None  neard=67.2
   p10  XV    leaders=0 len=None  nearest=ANGLE  leader=None  neard=67.2
   p11  TCV   leaders=0 len=None  nearest=GLOBE  leader=None  neard=60.1
   p11  XV    leaders=0 len=None  nearest=GLOBE  leader=None  neard=59.7
   p11  TCV   leaders=0 len=None  nearest=GLOBE  leader=None  neard=60.1
   p11  XV    leaders=0 len=None  nearest=GLOBE  leader=None  neard=59.7
   p11  TCV   leaders=0 len=None  nearest=GLOBE  leader=None  neard=60.1
   p11  XV    leaders=0 len=None  nearest=GLOBE  leader=None  neard=59.7
   p11  MOV   leaders=0 len=None  nearest=GLOBE  leader=None  neard=60.1
   p11  MOV   leaders=1 len=44.1  nearest=GLOBE  leader=GLOBE  neard=60.1
   p11  MOV   leaders=0 len=None  nearest=GLOBE  leader=None  neard=60.1
   p11  XV    leaders=0 len=None  nearest=ANGLE  leader=None  neard=67.1
   p11  XV    leaders=0 len=None  nearest=ANGLE  leader=None  neard=67.2
   p11  XV    leaders=0 len=None  nearest=ANGLE  leader=None  neard=67.2
   p12  PCV   leaders=0 len=None  nearest=None  leader=None  neard=None
   p12  TCV   leaders=0 len=None  nearest=GLOBE  leader=None  neard=59.5
   p12  XV    leaders=0 len=None  nearest=GLOBE  leader=None  neard=61.5
   p12  PSV   leaders=0 len=None  nearest=None  leader=None  neard=None
   p12  MOV   leaders=0 len=None  nearest=GLOBE  leader=None  neard=62.2
   p12  MOV   leaders=0 len=None  nearest=GLOBE  leader=None  neard=46.0
   p12  MOV   leaders=0 len=None  nearest=GATE  leader=None  neard=62.2
   p12  MOV   leaders=0 len=None  nearest=GATE  leader=None  neard=62.2
   p14  MOV   leaders=0 len=None  nearest=GLOBE  leader=None  neard=77.7
   p14  MOV   leaders=0 len=None  nearest=GLOBE  leader=None  neard=74.1
   p14  BPRV  leaders=0 len=None  nearest=GATE  leader=None  neard=46.6
   p16  PSV   leaders=0 len=None  nearest=GLOBE  leader=None  neard=92.7
   p16  MOV   leaders=0 len=None  nearest=GATE  leader=None  neard=54.8
   p16  MOV   leaders=0 len=None  nearest=GATE  leader=None  neard=54.7
   p16  MOV   leaders=0 len=None  nearest=GATE  leader=None  neard=54.8
   p16  PSV   leaders=0 len=None  nearest=CHECK  leader=None  neard=45.6
   p16  PSV   leaders=0 len=None  nearest=GLOBE  leader=None  neard=91.0
   p16  LCV   leaders=0 len=None  nearest=GATE  leader=None  neard=55.2
   p16  FCV   leaders=0 len=None  nearest=GATE  leader=None  neard=45.2
   p16  LCV   leaders=0 len=None  nearest=GATE  leader=None  neard=50.2
   p17  PSV   leaders=0 len=None  nearest=CHECK  leader=None  neard=52.4
   p17  TCV   leaders=3 len=48.6  nearest=GLOBE  leader=None  neard=65.9
   p17  LCV   leaders=0 len=None  nearest=GATE  leader=None  neard=54.3
   p17  PRV   leaders=0 len=None  nearest=GATE  leader=None  neard=58.7
   p17  TCV   leaders=0 len=None  nearest=GATE  leader=None  neard=49.6
   p17  TCV   leaders=0 len=None  nearest=GATE  leader=None  neard=49.6
   p17  TCV   leaders=2 len=48.6  nearest=GLOBE  leader=None  neard=65.9
   p19  PSV   leaders=1 len=19.2  nearest=None  leader=None  neard=None
   p19  PSV   leaders=1 len=19.1  nearest=None  leader=None  neard=None
   p19  PSV   leaders=0 len=None  nearest=None  leader=None  neard=None
   p19  PSV   leaders=0 len=None  nearest=None  leader=None  neard=None
   p19  PSV   leaders=0 len=None  nearest=None  leader=None  neard=None
   p19  PSV   leaders=0 len=None  nearest=None  leader=None  neard=None
   p19  PSV   leaders=0 len=None  nearest=None  leader=None  neard=None
   p19  PSV   leaders=0 len=None  nearest=None  leader=None  neard=None
   p20  PSV   leaders=0 len=None  nearest=CHECK  leader=None  neard=56.8
   p20  MOV   leaders=0 len=None  nearest=GLOBE  leader=None  neard=51.0
   p20  PSV   leaders=0 len=None  nearest=GLOBE  leader=None  neard=77.9
   p20  MOV   leaders=0 len=None  nearest=GATE  leader=None  neard=56.3
   p21  FCV   leaders=0 len=None  nearest=GLOBE  leader=None  neard=56.3
   p21  XV    leaders=0 len=None  nearest=GLOBE  leader=None  neard=56.2
   p21  FCV   leaders=0 len=None  nearest=ANGLE  leader=None  neard=51.5
   p21  XV    leaders=0 len=None  nearest=GLOBE  leader=None  neard=57.4
   p21  PSV   leaders=0 len=None  nearest=CHECK  leader=None  neard=113.5
   p21  XV    leaders=0 len=None  nearest=GLOBE  leader=None  neard=56.2
   p21  PCV   leaders=0 len=None  nearest=GLOBE  leader=None  neard=49.7
   p21  XV    leaders=0 len=None  nearest=GLOBE  leader=None  neard=56.8
   p21  FCV   leaders=0 len=None  nearest=GLOBE  leader=None  neard=42.1
   p21  PSV   leaders=0 len=None  nearest=GLOBE  leader=None  neard=119.9
   p21  FCV   leaders=0 len=None  nearest=ANGLE  leader=None  neard=59.5
   p21  XV    leaders=0 len=None  nearest=GLOBE  leader=None  neard=56.9
   p21  XV    leaders=0 len=None  nearest=GLOBE  leader=None  neard=56.2
   p21  FCV   leaders=0 len=None  nearest=GLOBE  leader=None  neard=40.0
   p21  XV    leaders=0 len=None  nearest=GLOBE  leader=None  neard=45.0
   p25  PSV   leaders=0 len=None  nearest=CHECK  leader=None  neard=45.6
   p25  PSV   leaders=0 len=None  nearest=CHECK  leader=None  neard=51.9
   p26  MOV   leaders=3 len=126.4  nearest=BUTTERFLY  leader=None  neard=69.5
   p26  MOV   leaders=1 len=26.4  nearest=BUTTERFLY  leader=None  neard=69.5
   p26  HV    leaders=1 len=26.4  nearest=BUTTERFLY  leader=None  neard=69.5
   p26  HV    leaders=1 len=26.4  nearest=BUTTERFLY  leader=None  neard=69.5
   p27  MOV   leaders=0 len=None  nearest=BUTTERFLY  leader=None  neard=69.5
   p27  MOV   leaders=0 len=None  nearest=BUTTERFLY  leader=None  neard=69.5
   p27  HV    leaders=1 len=26.4  nearest=BUTTERFLY  leader=None  neard=69.5
   p27  HV    leaders=1 len=26.4  nearest=BUTTERFLY  leader=None  neard=69.5
   p28  PCV   leaders=0 len=None  nearest=GLOBE  leader=None  neard=73.1
   p28  MOV   leaders=3 len=126.4  nearest=BUTTERFLY  leader=None  neard=69.5
   p28  MOV   leaders=2 len=126.4  nearest=BUTTERFLY  leader=None  neard=69.4
   p31  PSV   leaders=0 len=None  nearest=CHECK  leader=None  neard=48.9
   p31  PSV   leaders=0 len=None  nearest=CHECK  leader=None  neard=53.4
   p31  PSV   leaders=0 len=None  nearest=CHECK  leader=None  neard=53.4
   p32  PSV   leaders=0 len=None  nearest=GATE  leader=None  neard=89.4
   p32  PSV   leaders=0 len=None  nearest=GATE  leader=None  neard=87.9
   p32  PSV   leaders=3 len=29.0  nearest=GATE  leader=None  neard=75.7
   p33  PSV   leaders=0 len=None  nearest=GATE  leader=None  neard=40.3
   p33  PSV   leaders=0 len=None  nearest=GLOBE  leader=None  neard=117.5
   p33  PSV   leaders=0 len=None  nearest=GATE  leader=None  neard=165.1
   p33  PCV   leaders=0 len=None  nearest=GATE  leader=None  neard=65.6
   p33  PSV   leaders=0 len=None  nearest=GATE  leader=None  neard=54.0
   p33  PSV   leaders=0 len=None  nearest=GATE  leader=None  neard=50.3
   p35  PSV   leaders=1 len=22.7  nearest=BUTTERFLY  leader=None  neard=102.3
   p35  XV    leaders=0 len=None  nearest=GLOBE  leader=None  neard=62.6
   p35  PSV   leaders=0 len=None  nearest=BUTTERFLY  leader=None  neard=90.1
   p35  PSV   leaders=0 len=None  nearest=BUTTERFLY  leader=None  neard=92.1
   p36  PSV   leaders=1 len=22.7  nearest=GATE  leader=None  neard=166.2
   p36  PSV   leaders=1 len=22.7  nearest=GATE  leader=None  neard=166.2
   p36  PSV   leaders=1 len=22.7  nearest=GATE  leader=None  neard=162.5
   p36  PSV   leaders=1 len=22.7  nearest=GATE  leader=None  neard=161.1
   p37  TCV   leaders=1 len=24.7  nearest=GLOBE  leader=None  neard=71.2
   p37  TCV   leaders=1 len=30.0  nearest=GLOBE  leader=GLOBE  neard=65.2
   p37  PSV   leaders=1 len=22.7  nearest=GATE  leader=None  neard=159.8
   p37  PSV   leaders=1 len=22.7  nearest=GATE  leader=None  neard=159.8
   p37  PSV   leaders=1 len=22.7  nearest=GATE  leader=None  neard=159.8
   p37  PSV   leaders=1 len=22.7  nearest=GATE  leader=None  neard=159.9
   p37  PSV   leaders=1 len=22.7  nearest=GATE  leader=None  neard=159.8
   p37  PSV   leaders=1 len=22.7  nearest=GATE  leader=None  neard=159.8
   p37  PSV   leaders=1 len=22.7  nearest=GATE  leader=None  neard=159.8
   p37  PSV   leaders=1 len=22.7  nearest=GATE  leader=None  neard=155.9
   p37  PSV   leaders=1 len=22.7  nearest=GATE  leader=None  neard=155.9
   p37  PSV   leaders=1 len=22.7  nearest=GATE  leader=None  neard=157.8
   p38  PSV   leaders=1 len=22.7  nearest=GATE  leader=None  neard=167.8
   p38  PSV   leaders=1 len=22.7  nearest=GATE  leader=None  neard=167.8
   p38  PSV   leaders=1 len=22.7  nearest=GATE  leader=None  neard=167.8
   p38  PSV   leaders=1 len=22.7  nearest=GATE  leader=None  neard=167.8
   p38  PSV   leaders=1 len=22.7  nearest=GATE  leader=None  neard=167.8
   p38  PSV   leaders=1 len=22.7  nearest=GATE  leader=None  neard=167.8
   p38  PSV   leaders=1 len=22.7  nearest=GATE  leader=None  neard=167.8
   p38  PSV   leaders=1 len=22.7  nearest=GATE  leader=None  neard=167.8
   p39  PSV   leaders=1 len=22.7  nearest=GATE  leader=None  neard=167.8
   p39  PSV   leaders=1 len=22.7  nearest=GATE  leader=None  neard=167.8
   p39  PSV   leaders=1 len=22.7  nearest=GATE  leader=None  neard=167.8
   p39  PSV   leaders=1 len=22.7  nearest=GATE  leader=None  neard=167.8
   p39  PSV   leaders=1 len=22.7  nearest=GATE  leader=None  neard=167.8
   p39  PSV   leaders=1 len=22.7  nearest=GATE  leader=None  neard=167.8
   p39  PSV   leaders=1 len=22.7  nearest=GATE  leader=None  neard=167.8
   p40  PSV   leaders=0 len=None  nearest=BUTTERFLY  leader=None  neard=148.6
   p40  PSV   leaders=1 len=27.5  nearest=GATE  leader=None  neard=167.5
   p41  PSV   leaders=0 len=None  nearest=BUTTERFLY  leader=None  neard=148.6
   p41  PSV   leaders=1 len=27.5  nearest=GATE  leader=None  neard=167.5
   p42  PSV   leaders=0 len=None  nearest=BALL  leader=None  neard=93.8
   p42  PSV   leaders=0 len=None  nearest=BALL  leader=None  neard=93.8
   p46  MOV   leaders=0 len=None  nearest=GLOBE  leader=None  neard=59.6
   p46  MOV   leaders=0 len=None  nearest=GATE  leader=None  neard=94.1
   p47  MOV   leaders=1 len=24.7  nearest=GLOBE  leader=None  neard=59.7
   p47  MOV   leaders=0 len=None  nearest=GATE  leader=None  neard=94.1
   p49  MOV   leaders=1 len=68.7  nearest=GATE  leader=GATE  neard=94.4
   p49  MOV   leaders=0 len=None  nearest=GATE  leader=None  neard=94.4
   p51  MOV   leaders=1 len=40.4  nearest=GATE  leader=GATE  neard=72.8
