data/pid_total.pdf {'tags': 198, 'leaders_2': 3, 'differ': 35, 'leaders_1': 185, 'agree': 162, 'leaders_3': 9, 'leaders_0': 1, 'no_leader': 1}
   p3   FCV   leaders=2 len=26.9 curd=163.0 leadd=165.4 same=False
   p3   LCV   leaders=1 len=45.6 curd=58.9 leadd=0.1 same=True
   p3   PRV   leaders=1 len=42.9 curd=56.7 leadd=0.0 same=True
   p3   PRV   leaders=1 len=42.9 curd=54.9 leadd=0.0 same=False
   p3   PRV   leaders=1 len=46.1 curd=60.0 leadd=0.1 same=True
   p3   BPRV  leaders=1 len=42.9 curd=56.7 leadd=0.0 same=True
   p3   BPRV  leaders=1 len=42.9 curd=56.8 leadd=0.0 same=True
   p3   PSV   leaders=1 len=42.8 curd=188.0 leadd=132.9 same=True
   p3   PSV   leaders=1 len=28.6 curd=251.9 leadd=225.3 same=False
   p3   PSV   leaders=1 len=28.7 curd=254.5 leadd=225.3 same=True
   p4   MOV   leaders=1 len=39.6 curd=80.1 leadd=9.6 same=True
   p4   MOV   leaders=1 len=39.5 curd=80.1 leadd=9.6 same=True
   p4   MOV   leaders=1 len=39.6 curd=80.1 leadd=9.5 same=True
   p4   MOV   leaders=1 len=42.9 curd=56.7 leadd=0.0 same=True
   p4   MOV   leaders=1 len=42.9 curd=56.7 leadd=0.1 same=True
   p4   MOV   leaders=1 len=42.9 curd=56.7 leadd=0.0 same=True
   p4   HV    leaders=1 len=49.8 curd=65.9 leadd=0.0 same=True
   p4   HV    leaders=1 len=49.8 curd=65.9 leadd=0.0 same=True
   p4   PCV   leaders=1 len=39.2 curd=68.6 leadd=0.4 same=True
   p4   PCV   leaders=1 len=42.8 curd=56.7 leadd=0.0 same=True
   p4   HV    leaders=1 len=42.9 curd=56.8 leadd=0.1 same=True
   p6   MOV   leaders=1 len=47.4 curd=66.5 leadd=3.6 same=True
   p6   MOV   leaders=2 len=47.4 curd=66.5 leadd=3.6 same=True
   p6   MOV   leaders=2 len=47.4 curd=66.5 leadd=3.5 same=True
   p6   MOV   leaders=1 len=47.4 curd=59.8 leadd=3.6 same=True
   p7   MOV   leaders=1 len=56.8 curd=67.1 leadd=3.5 same=True
   p7   PCV   leaders=1 len=53.5 curd=62.4 leadd=3.5 same=False
   p7   PCV   leaders=1 len=51.7 curd=69.4 leadd=3.6 same=True
   p7   NRV   leaders=1 len=45.9 curd=49.8 leadd=0.1 same=False
   p7   MOV   leaders=1 len=44.1 curd=60.1 leadd=0.1 same=True
   p7   MOV   leaders=1 len=57.9 curd=71.5 leadd=0.1 same=True
   p7   MOV   leaders=1 len=60.6 curd=76.4 leadd=3.6 same=True
   p7   MOV   leaders=1 len=60.6 curd=76.4 leadd=3.5 same=True
   p7   MOV   leaders=1 len=56.8 curd=66.9 leadd=3.1 same=True
   p7   MOV   leaders=1 len=56.7 curd=66.5 leadd=2.8 same=True
   p7   MOV   leaders=1 len=56.8 curd=66.5 leadd=2.8 same=True
   p8   MOV   leaders=1 len=44.1 curd=60.2 leadd=0.0 same=True
   p8   MOV   leaders=1 len=44.1 curd=60.2 leadd=0.0 same=True
   p8   MOV   leaders=1 len=44.1 curd=60.1 leadd=0.0 same=True
   p8   MOV   leaders=1 len=44.1 curd=60.1 leadd=0.0 same=True
   p8   MOV   leaders=1 len=47.4 curd=59.8 leadd=3.6 same=True
   p9   MOV   leaders=1 len=44.1 curd=60.1 leadd=0.0 same=True
   p9   MOV   leaders=1 len=44.1 curd=60.2 leadd=0.0 same=True
   p9   MOV   leaders=1 len=44.1 curd=60.1 leadd=0.1 same=True
   p9   MOV   leaders=1 len=47.4 curd=59.7 leadd=3.5 same=True
   p9   MOV   leaders=1 len=44.1 curd=60.2 leadd=0.1 same=True
   p9   MOV   leaders=1 len=44.1 curd=60.1 leadd=0.0 same=True
   p10  MOV   leaders=1 len=44.1 curd=60.1 leadd=0.0 same=True
   p10  MOV   leaders=1 len=44.1 curd=60.1 leadd=0.0 same=True
   p10  MOV   leaders=1 len=44.1 curd=60.1 leadd=0.0 same=True
   p10  TCV   leaders=1 len=44.1 curd=60.1 leadd=0.0 same=True
   p10  XV    leaders=1 len=52.2 curd=59.7 leadd=0.0 same=True
   p10  TCV   leaders=1 len=44.1 curd=60.1 leadd=0.0 same=True
   p10  XV    leaders=1 len=52.2 curd=59.7 leadd=0.0 same=True
   p10  TCV   leaders=1 len=44.0 curd=60.1 leadd=0.0 same=True
   p10  XV    leaders=1 len=52.2 curd=59.7 leadd=0.0 same=True
   p10  XV    leaders=1 len=46.5 curd=67.1 leadd=3.6 same=True
   p10  XV    leaders=1 len=46.5 curd=67.2 leadd=3.6 same=True
   p10  XV    leaders=1 len=46.5 curd=67.2 leadd=3.6 same=True
   p11  TCV   leaders=1 len=44.1 curd=60.1 leadd=0.1 same=True
   p11  XV    leaders=1 len=52.1 curd=59.7 leadd=0.0 same=True
   p11  TCV   leaders=1 len=44.1 curd=60.1 leadd=0.1 same=True
   p11  XV    leaders=1 len=52.2 curd=59.7 leadd=0.0 same=True
   p11  TCV   leaders=1 len=44.1 curd=60.1 leadd=0.1 same=True
   p11  XV    leaders=1 len=52.2 curd=59.7 leadd=0.1 same=True
   p11  MOV   leaders=1 len=44.1 curd=60.1 leadd=0.0 same=True
   p11  MOV   leaders=1 len=44.1 curd=60.1 leadd=0.0 same=True
   p11  MOV   leaders=1 len=44.1 curd=60.1 leadd=0.0 same=True
   p11  XV    leaders=1 len=46.5 curd=67.1 leadd=3.6 same=True
   p11  XV    leaders=1 len=46.5 curd=67.2 leadd=3.6 same=True
   p11  XV    leaders=1 len=46.5 curd=67.2 leadd=3.6 same=True
   p12  PCV   leaders=1 len=49.4 curd=256.7 leadd=197.8 same=True
   p12  TCV   leaders=1 len=43.7 curd=59.5 leadd=3.5 same=False
   p12  XV    leaders=1 len=42.8 curd=61.5 leadd=3.5 same=True
   p12  PSV   leaders=1 len=25.3 curd=252.3 leadd=272.3 same=True
   p12  MOV   leaders=1 len=43.1 curd=62.2 leadd=3.5 same=True
   p12  MOV   leaders=1 len=43.1 curd=46.0 leadd=3.5 same=False
   p12  MOV   leaders=1 len=43.0 curd=62.2 leadd=3.6 same=True
   p12  MOV   leaders=1 len=43.1 curd=62.2 leadd=3.6 same=True
   p14  MOV   leaders=1 len=64.8 curd=77.7 leadd=0.1 same=True
