[감사] 산출 대상 4010행 / job 2개 · 사람이 도면 값을 덮어쓴 칸 0 · 도면 근거 없는 행 0
[감사] 고아 업로드 0 · 고아 출력 0 · 고아 진단 0 · DB 34.5 MB 중 죽은 페이지 0.2 MB · 정리하면 되찾는 용량 0.2 MB
Traceback (most recent call last):
  File "/home/user/AI-P-ID-Extraction-tool/spike/rev_recompare.py", line 26, in <module>
    print(json.loads(urllib.request.urlopen(req, timeout=600).read()).get("counts"))
                     ^^^^^^^^^^^^^^^^^^^^^^^^^^^^^^^^^^^^^^^^
  File "/usr/lib/python3.11/urllib/request.py", line 216, in urlopen
    return opener.open(url, data, timeout)
           ^^^^^^^^^^^^^^^^^^^^^^^^^^^^^^^
  File "/usr/lib/python3.11/urllib/request.py", line 525, in open
    response = meth(req, response)
               ^^^^^^^^^^^^^^^^^^^
  File "/usr/lib/python3.11/urllib/request.py", line 634, in http_response
    response = self.parent.error(
               ^^^^^^^^^^^^^^^^^^
  File "/usr/lib/python3.11/urllib/request.py", line 563, in error
    return self._call_chain(*args)
           ^^^^^^^^^^^^^^^^^^^^^^^
  File "/usr/lib/python3.11/urllib/request.py", line 496, in _call_chain
    result = func(*args)
             ^^^^^^^^^^^
  File "/usr/lib/python3.11/urllib/request.py", line 643, in http_error_default
    raise HTTPError(req.full_url, code, msg, hdrs, fp)
urllib.error.HTTPError: HTTP Error 422: Unprocessable Entity
