· AL NOUF1 분석 …
   행 1133 · 지문 46d551fd · 축3 95.1점

프로젝트          행         지문     Q'ty       초     RSS      축3
AL NOUF1   1133   46d551fd     2136     509    4.9G   95.1

축3 내역 (지표별 맞춘 수 / 분모)
         도면번호         개정           태그→행         수량           심볼판정         파라미터       
AL NOUF1 58/58        58/58        245/267      1133/1133    1133/1329    28/30      
결과: /home/user/AI-P-ID-Extraction-tool/out/regression_3p.json

기준선과 같습니다.
· TC2 분석 …
   행 902 · 지문 23e78e27 · 축3 94.2점

프로젝트      행         지문     Q'ty       초     RSS      축3
TC2    902   23e78e27     5564     428    7.4G   94.2

축3 내역 (지표별 맞춘 수 / 분모)
    도면번호         개정           태그→행         수량           심볼판정         파라미터       
TC2 60/60        60/60        239/266      902/902      902/1055     26/29      
결과: /home/user/AI-P-ID-Extraction-tool/out/regression_3p.json

기준선과 같습니다.
· QFE 분석 …
   행 2043 · 지문 26cd1210 · 축3 91.2점

프로젝트      행         지문     Q'ty       초     RSS      축3
QFE   2043   26cd1210     3720     738    6.2G   91.2

축3 내역 (지표별 맞춘 수 / 분모)
    도면번호         개정           태그→행         수량           심볼판정         파라미터       
QFE 86/86        85/93        337/430      2041/2043    2043/2342    28/31      
결과: /home/user/AI-P-ID-Extraction-tool/out/regression_3p.json

★ 기준선을 벗어났습니다
   QFE fingerprint: 기준선 8bd6a8b382c0ae7874fd99d3e69437116c05b663825ef2126d0074302f341d2b → 지금 26cd1210045a25dd6057816f13466fa01a2b888059a355c8ae35c36039461281
· UAD-DXF 분석 …
   행 507 · 지문 a32c02a6 · 축3 — (DXF · 안 잰다)

프로젝트         행         지문     Q'ty       초     RSS      축3
UAD-DXF    507   a32c02a6      507      96    0.5G    nan

축3 내역 (지표별 맞춘 수 / 분모)
        도면번호         개정           태그→행         수량           심볼판정         파라미터       
UAD-DXF —            —            —            —            —            —          
결과: /home/user/AI-P-ID-Extraction-tool/out/regression_3p.json

기준선과 같습니다.
