  page   6    0.81s   valves.bodies 0.23s valves.tags 0.22s valves.actuators 0.14s instruments 0.13s valves.shape_library 0.11s annotations 0.00s
  page   7    0.72s   valves.bodies 0.22s valves.tags 0.15s valves.actuators 0.14s valves.shape_library 0.10s instruments 0.10s annotations 0.00s
  page   8    0.49s   instruments 0.14s valves.bodies 0.11s valves.tags 0.10s valves.actuators 0.08s valves.shape_library 0.05s annotations 0.00s
  page   9    0.55s   valves.shape_library 0.13s valves.tags 0.12s valves.bodies 0.12s instruments 0.10s valves.actuators 0.07s annotations 0.00s
  page  10    1.09s   valves.actuators 0.46s valves.bodies 0.24s instruments 0.15s valves.tags 0.14s valves.shape_library 0.10s annotations 0.00s
  page  11    0.84s   valves.actuators 0.27s valves.bodies 0.19s instruments 0.16s valves.tags 0.14s valves.shape_library 0.07s annotations 0.00s
  page  12    0.90s   valves.actuators 0.37s valves.tags 0.18s valves.bodies 0.16s instruments 0.13s valves.shape_library 0.07s annotations 0.00s
  page  13    0.86s   valves.bodies 0.26s valves.shape_library 0.24s valves.actuators 0.15s valves.tags 0.11s instruments 0.10s annotations 0.00s
  page  14    0.45s   valves.actuators 0.12s valves.bodies 0.12s instruments 0.10s valves.tags 0.06s valves.shape_library 0.06s annotations 0.00s
  page  15    1.05s   valves.shape_library 0.49s instruments 0.19s valves.bodies 0.19s valves.actuators 0.11s valves.tags 0.08s annotations 0.00s
  page  16    1.44s   valves.actuators 0.90s valves.bodies 0.22s instruments 0.18s valves.shape_library 0.08s valves.tags 0.07s annotations 0.00s
  page  17    0.85s   valves.actuators 0.24s valves.bodies 0.24s valves.tags 0.18s instruments 0.11s valves.shape_library 0.09s annotations 0.00s
  page  18    2.22s   valves.actuators 1.69s valves.bodies 0.20s valves.tags 0.13s instruments 0.11s valves.shape_library 0.09s annotations 0.00s
  page  19    0.34s   valves.bodies 0.10s valves.actuators 0.07s instruments 0.06s valves.tags 0.06s valves.shape_library 0.05s annotations 0.00s
  page  20    0.44s   instruments 0.11s valves.bodies 0.11s valves.shape_library 0.09s valves.actuators 0.08s valves.tags 0.05s annotations 0.00s
  page  21    0.35s   valves.bodies 0.09s instruments 0.09s valves.tags 0.06s valves.actuators 0.06s valves.shape_library 0.05s annotations 0.00s
  page  22    1.30s   valves.actuators 0.46s valves.bodies 0.39s valves.tags 0.22s instruments 0.14s valves.shape_library 0.08s annotations 0.00s
  page  23    0.63s   instruments 0.19s valves.bodies 0.13s valves.actuators 0.13s valves.tags 0.12s valves.shape_library 0.06s annotations 0.00s
  page  24    0.43s   valves.bodies 0.11s valves.tags 0.10s instruments 0.10s valves.actuators 0.07s valves.shape_library 0.05s annotations 0.00s
  page  25    1.34s   valves.actuators 0.55s valves.bodies 0.32s instruments 0.18s valves.tags 0.15s valves.shape_library 0.14s annotations 0.00s
  page  26    0.55s   valves.bodies 0.18s valves.tags 0.12s instruments 0.11s valves.actuators 0.08s valves.shape_library 0.06s annotations 0.00s
  page  27    0.51s   valves.bodies 0.16s valves.tags 0.10s instruments 0.10s valves.shape_library 0.09s valves.actuators 0.07s annotations 0.00s
  page  28    0.62s   valves.bodies 0.17s valves.actuators 0.14s valves.tags 0.14s instruments 0.10s valves.shape_library 0.08s annotations 0.00s
  page  29    1.32s   valves.actuators 0.83s valves.shape_library 0.22s valves.bodies 0.12s instruments 0.09s valves.tags 0.06s annotations 0.00s
  page  30    0.74s   valves.shape_library 0.39s valves.bodies 0.11s instruments 0.10s valves.actuators 0.07s valves.tags 0.07s annotations 0.00s
  page  31    0.98s   valves.shape_library 0.50s valves.bodies 0.20s valves.tags 0.10s instruments 0.10s valves.actuators 0.08s annotations 0.00s
  page  32    0.92s   valves.shape_library 0.51s valves.tags 0.12s instruments 0.11s valves.bodies 0.10s valves.actuators 0.08s annotations 0.00s
  page  33    0.71s   instruments 0.31s valves.bodies 0.17s valves.tags 0.09s valves.actuators 0.08s valves.shape_library 0.06s annotations 0.00s
  page  34    0.62s   instruments 0.24s valves.bodies 0.16s valves.tags 0.08s valves.actuators 0.08s valves.shape_library 0.06s annotations 0.00s
  page  35    0.21s   valves.bodies 0.06s instruments 0.06s valves.actuators 0.03s valves.shape_library 0.03s valves.tags 0.03s annotations 0.00s
  page  36    0.73s   valves.actuators 0.26s valves.bodies 0.16s instruments 0.13s valves.tags 0.11s valves.shape_library 0.06s annotations 0.00s
  page  37    0.42s   valves.bodies 0.13s valves.tags 0.09s instruments 0.07s valves.actuators 0.07s valves.shape_library 0.05s annotations 0.00s
  page  38    0.46s   valves.bodies 0.16s instruments 0.11s valves.actuators 0.08s valves.shape_library 0.06s valves.tags 0.06s annotations 0.00s
  page  39    0.35s   valves.bodies 0.11s valves.actuators 0.06s instruments 0.06s valves.tags 0.06s valves.shape_library 0.06s annotations 0.00s
  page  40    0.39s   valves.bodies 0.11s instruments 0.09s valves.tags 0.08s valves.actuators 0.06s valves.shape_library 0.05s annotations 0.00s
  page  42    0.70s   valves.bodies 0.23s valves.actuators 0.15s instruments 0.13s valves.tags 0.12s valves.shape_library 0.07s annotations 0.00s
  page  43    0.41s   valves.bodies 0.16s instruments 0.08s valves.actuators 0.06s valves.tags 0.06s valves.shape_library 0.06s annotations 0.00s
  page  44    0.67s   instruments 0.17s valves.actuators 0.16s valves.bodies 0.15s valves.tags 0.11s valves.shape_library 0.08s annotations 0.00s
  page  45    0.34s   valves.bodies 0.10s instruments 0.08s valves.tags 0.06s valves.actuators 0.06s valves.shape_library 0.05s annotations 0.00s
  page  46    0.61s   instruments 0.17s valves.actuators 0.14s valves.tags 0.13s valves.bodies 0.12s valves.shape_library 0.06s annotations 0.00s
  page  47    0.58s   valves.tags 0.17s valves.bodies 0.14s valves.actuators 0.13s instruments 0.09s valves.shape_library 0.05s annotations 0.00s
  page  48    0.35s   valves.bodies 0.12s valves.shape_library 0.07s instruments 0.06s valves.actuators 0.05s valves.tags 0.05s annotations 0.00s
  page  49    3.57s   valves.shape_library 2.96s valves.bodies 0.24s instruments 0.16s valves.tags 0.11s valves.actuators 0.09s annotations 0.00s
  page  50    3.40s   valves.shape_library 2.86s valves.bodies 0.18s instruments 0.15s valves.tags 0.12s valves.actuators 0.09s annotations 0.00s
  page  51    0.62s   instruments 0.21s valves.actuators 0.15s valves.bodies 0.13s valves.shape_library 0.06s valves.tags 0.06s annotations 0.00s
  page  52    0.58s   instruments 0.18s valves.bodies 0.14s valves.actuators 0.13s valves.tags 0.06s valves.shape_library 0.06s annotations 0.00s
  page  53    0.52s   valves.bodies 0.15s valves.actuators 0.13s instruments 0.12s valves.tags 0.07s valves.shape_library 0.05s annotations 0.00s
  page  54    0.55s   instruments 0.15s valves.actuators 0.15s valves.bodies 0.13s valves.shape_library 0.06s valves.tags 0.06s annotations 0.00s
  page  55    0.58s   valves.actuators 0.18s instruments 0.16s valves.bodies 0.12s valves.tags 0.06s valves.shape_library 0.05s annotations 0.00s
  page  56    0.49s   valves.bodies 0.15s valves.actuators 0.12s instruments 0.10s valves.shape_library 0.07s valves.tags 0.05s annotations 0.00s
  page  57    0.52s   valves.actuators 0.13s valves.bodies 0.13s instruments 0.13s valves.tags 0.08s valves.shape_library 0.06s annotations 0.00s
  page  58    0.54s   instruments 0.16s valves.bodies 0.14s valves.actuators 0.12s valves.shape_library 0.06s valves.tags 0.06s annotations 0.00s
  page  59    0.33s   valves.bodies 0.10s instruments 0.07s valves.actuators 0.06s valves.tags 0.05s valves.shape_library 0.05s annotations 0.00s
  page  60    0.36s   valves.bodies 0.11s instruments 0.07s valves.tags 0.07s valves.actuators 0.06s valves.shape_library 0.06s annotations 0.00s
analysis took 460.4s, by stage:
  layout                   247.04s   53.7%
  instruments              109.77s   23.8%
  titleblocks               27.85s    6.0%
  valves.shape_library      13.11s    2.8%
  valves.actuators          12.25s    2.7%
  describe_axis             10.20s    2.2%
  valves.bodies              9.18s    2.0%
  titleblock_glyphs          7.83s    1.7%
  pipe_graph                 6.63s    1.4%
  valves.tags                5.78s    1.3%
  open_pdf                   4.27s    0.9%
  candidates                 3.43s    0.7%
  legend_rules               2.76s    0.6%
  equipment                  0.23s    0.0%
  description                0.05s    0.0%
  unit_multipliers           0.04s    0.0%
  annotations                0.01s    0.0%
  valves.glyph_library       0.01s    0.0%
  slowest pages: p49 3.6s, p50 3.5s, p18 2.3s, p2 1.7s, p16 1.5s
TC2_260821.pdf  행 902  지문 23e78e27146e9ea3ac2cb12666dc4509c9f1e73e8e5c014f71cff4b8a6d8a3ac  494.4초  최대 RSS 7.48GB
