  page   6    2.67s   instruments 2.67s annotations 0.00s
  page   7    4.75s   instruments 4.75s annotations 0.00s
  page   8    3.32s   instruments 3.32s annotations 0.00s
  page   9    3.30s   instruments 3.30s annotations 0.00s
  page  10    0.91s   instruments 0.91s annotations 0.00s
  page  11    2.91s   instruments 2.91s annotations 0.00s
  page  12    3.23s   instruments 3.23s annotations 0.00s
  page  13    4.64s   instruments 4.64s annotations 0.00s
  page  14    5.34s   instruments 5.34s annotations 0.00s
  page  15    1.22s   instruments 1.22s annotations 0.00s
  page  16    2.15s   instruments 2.15s annotations 0.00s
  page  17    1.66s   instruments 1.66s annotations 0.00s
  page  18    1.69s   instruments 1.69s annotations 0.00s
  page  19    3.37s   instruments 3.37s annotations 0.00s
  page  20    4.20s   instruments 4.20s annotations 0.00s
  page  21    3.85s   instruments 3.85s annotations 0.00s
  page  23    4.39s   instruments 4.39s annotations 0.00s
  page  24    1.01s   instruments 1.01s annotations 0.00s
  page  25    1.99s   instruments 1.99s annotations 0.00s
  page  26    3.80s   instruments 3.80s annotations 0.00s
  page  27    3.09s   instruments 3.09s annotations 0.00s
  page  28    1.15s   instruments 1.15s annotations 0.00s
  page  29    4.03s   instruments 4.03s annotations 0.00s
  page  30    5.49s   instruments 5.49s annotations 0.00s
  page  31    3.37s   instruments 3.37s annotations 0.00s
analysis took 409.4s, by stage:
  instruments              235.62s   57.6%
  layout                   125.44s   30.6%
  valves.actuators          13.92s    3.4%
  open_pdf                   9.43s    2.3%
  titleblocks                7.14s    1.7%
  titleblock_glyphs          4.24s    1.0%
  pipe_graph                 3.36s    0.8%
  valves.bodies              2.99s    0.7%
  describe_axis              2.19s    0.5%
  candidates                 1.94s    0.5%
  legend_rules               1.56s    0.4%
  valves.tags                1.06s    0.3%
  equipment                  0.48s    0.1%
  description                0.01s    0.0%
  annotations                0.00s    0.0%
  unit_multipliers           0.00s    0.0%
  valves.glyph_library       0.00s    0.0%
  slowest pages: p30 7.4s, p7 6.8s, p14 6.2s, p13 5.9s, p29 5.3s
UAD_binding.pdf  행 301  지문 55e057131f67c01406af7d96d702bdad3d4f678ce3fd73d8122891e47d1d40a1  421.4초  최대 RSS 3.23GB
