.............................sss........................................ [  9%]
........................................................................ [ 19%]
........................................................................ [ 29%]
........................................................................ [ 39%]
........................................................................ [ 49%]
........................................................................ [ 58%]
........................................................................ [ 68%]
........................................................................ [ 78%]
.................................s...................................... [ 88%]
............................................................ss.......... [ 98%]
..............                                                           [100%]
=============================== warnings summary ===============================
tests/test_project_delete.py::test_the_confirm_value_must_match
  /usr/local/lib/python3.11/dist-packages/fastapi/testclient.py:1: StarletteDeprecationWarning: Using `httpx` with `starlette.testclient` is deprecated; install `httpx2` instead.
    from starlette.testclient import TestClient as TestClient  # noqa

tests/test_project_delete.py::test_the_confirm_value_must_match
  /usr/local/lib/python3.11/dist-packages/starlette/testclient.py:53: DeprecationWarning: The anyio.abc.BlockingPortal alias is deprecated, use anyio.from_thread.BlockingPortal instead.
    _PortalFactoryType = Callable[[], AbstractContextManager[anyio.abc.BlockingPortal]]

-- Docs: https://docs.pytest.org/en/stable/how-to/capture-warnings.html
728 passed, 6 skipped, 44 deselected, 2 warnings in 60.17s (0:01:00)
