· AL NOUF1 분석 …
   행 1037 · 지문 fb85b039 · 축3 95.1점
· SADARA 분석 …
   행 82 · 지문 0767ba79 · 축3 75.4점
· TC2 분석 …
   행 607 · 지문 c0a2d29d · 축3 89.1점
· UAD 분석 …
   행 149 · 지문 db1a77d1 · 축3 83.0점

프로젝트          행         지문     Q'ty       초     RSS      축3
AL NOUF1   1037   fb85b039     1931     528    4.9G   95.1
SADARA       82   0767ba79        0      57    0.9G   75.4
TC2         607   c0a2d29d     3047     388    7.2G   89.1
UAD         149   db1a77d1      149     318    3.2G   83.0

축3 내역 (지표별 맞춘 수 / 분모)
         도면번호         개정           태그→행         수량           심볼판정         파라미터       
AL NOUF1 58/58        58/58        247/272      1037/1037    1037/1206    29/31      
SADARA   9/9          9/9          33/33        0/82         82/126       27/31      
TC2      56/60        60/60        178/248      607/607      607/724      24/28      
UAD      21/22        23/32        37/50        149/149      149/211      25/29      
결과: /home/user/AI-P-ID-Extraction-tool/out/regression_3p.json

기준선과 같습니다.
