Traceback (most recent call last):
  File "/home/user/AI-P-ID-Extraction-tool/spike/dxf_shots.py", line 84, in <module>
    facts = pg.evaluate("""() => {
            ^^^^^^^^^^^^^^^^^^^^^^
  File "/usr/local/lib/python3.11/dist-packages/playwright/sync_api/_generated.py", line 9413, in evaluate
    self._sync(
  File "/usr/local/lib/python3.11/dist-packages/playwright/_impl/_sync_base.py", line 115, in _sync
    return task.result()
           ^^^^^^^^^^^^^
  File "/usr/local/lib/python3.11/dist-packages/playwright/_impl/_page.py", line 474, in evaluate
    return await self._main_frame.evaluate(expression, arg)
           ^^^^^^^^^^^^^^^^^^^^^^^^^^^^^^^^^^^^^^^^^^^^^^^^
  File "/usr/local/lib/python3.11/dist-packages/playwright/_impl/_frame.py", line 346, in evaluate
    await self._channel.send(
  File "/usr/local/lib/python3.11/dist-packages/playwright/_impl/_connection.py", line 76, in send
    return await self._connection.wrap_api_call(
           ^^^^^^^^^^^^^^^^^^^^^^^^^^^^^^^^^^^^^
  File "/usr/local/lib/python3.11/dist-packages/playwright/_impl/_connection.py", line 632, in wrap_api_call
    raise rewrite_error(error, f"{parsed_st['apiName']}: {error}") from None
playwright._impl._errors.Error: Page.evaluate: TypeError: Cannot read properties of undefined (reading 'w')
    at eval (eval at evaluate (:311:30), <anonymous>:8:45)
    at UtilityScript.evaluate (<anonymous>:318:18)
    at UtilityScript.<anonymous> (<anonymous>:1:44)
