## TC2_260821.pdf
  p2   고립   5 → 배운 크기 [(7.4, 7.4)]
  p3   고립   7 → 배운 크기 [(3.1, 3.7), (5.5, 5.5)]
  p6   고립   5 → 배운 크기 [(6.0, 7.0), (3.8, 4.8)]
  p8   고립   5 → 배운 크기 [(6.1, 7.0), (4.0, 4.8)]
  p9   고립   3 → 배운 크기 [(4.0, 4.8)]
  p11  고립  30 → 배운 크기 [(6.5, 7.6), (6.2, 5.2), (4.4, 4.9)]
  p13  고립   7 → 배운 크기 [(4.9, 4.2), (5.0, 4.9)]
  p15  고립   7 → 배운 크기 [(3.8, 3.6), (6.6, 5.6), (2.6, 3.4)]
  p16  고립   9 → 배운 크기 [(3.7, 4.3), (7.2, 7.1), (6.8, 7.9)]
  p18  고립   2 → 배운 크기 [(2.4, 3.1)]
  p20  고립   6 → 배운 크기 [(6.8, 6.2)]
  p21  고립   8 → 배운 크기 [(4.8, 3.8), (5.6, 4.3)]
  p22  고립   4 → 배운 크기 [(4.1, 5.3), (3.4, 4.0)]
  p23  고립  23 → 배운 크기 [(6.7, 7.3), (4.3, 4.6), (5.4, 6.5), (7.6, 6.4), (3.4, 3.4)]
  p24  고립  14 → 배운 크기 [(6.0, 5.0), (6.7, 7.2), (4.3, 4.4)]
  p25  고립   2 → 배운 크기 [(2.8, 3.4)]
  p33  고립   4 → 배운 크기 [(3.0, 4.0)]
  p34  고립   4 → 배운 크기 [(3.0, 4.0)]
  p36  고립   5 → 배운 크기 [(3.1, 3.7), (3.8, 3.4)]
  p38  고립   6 → 배운 크기 [(3.1, 3.7), (3.6, 3.1)]
  p40  고립   3 → 배운 크기 [(3.1, 3.7)]
  p41  고립   5 → 배운 크기 [(3.1, 3.7)]
  p42  고립   8 → 배운 크기 [(3.4, 4.0)]
  p43  고립   4 → 배운 크기 [(3.7, 3.7)]
  p44  고립   4 → 배운 크기 [(5.5, 5.9)]
  p45  고립   4 → 배운 크기 [(3.7, 3.7)]
  p46  고립   6 → 배운 크기 [(3.2, 4.0), (5.5, 6.0)]
  p47  고립   4 → 배운 크기 [(3.2, 4.0)]
  p59  고립   3 → 배운 크기 [(3.7, 3.4)]
  배운 장 29 · 크기 종류 41
