  p6   사전 {1: 'DENOTES EQUIPMENT WILL BE SUPPLIED  획 [('DENOTES EQUIPMENT WILL BE SUPPLIED BY HR', 2, 2, 4.0, 4.0, 0.0), ('DENOTES EQUIPMENT WILL BE SUPPLIED BY ST', 2, 2, 4.0, 4.0, 0.0)]
  p7   사전 {1: 'DENOTES EQUIPMENT WILL BE SUPPLIED  획 [('DENOTES EQUIPMENT WILL BE SUPPLIED BY HR', 2, 2, 4.0, 4.0, 0.0), ('DENOTES EQUIPMENT WILL BE SUPPLIED BY ST', 2, 2, 4.0, 4.0, 0.0)]
  p8   사전 {1: 'DENOTES EQUIPMENT WILL BE SUPPLIED  획 [('DENOTES EQUIPMENT WILL BE SUPPLIED BY HR', 2, 2, 4.0, 4.0, 0.0), ('DENOTES EQUIPMENT WILL BE SUPPLIED BY ST', 2, 2, 4.0, 4.0, 0.0)]
  p9   사전 {1: 'DENOTES EQUIPMENT WILL BE SUPPLIED  획 [('DENOTES EQUIPMENT WILL BE SUPPLIED BY HR', 2, 2, 4.0, 4.0, 0.0), ('DENOTES EQUIPMENT WILL BE SUPPLIED BY ST', 2, 2, 4.0, 4.0, 0.0)]
  p10  사전 {1: 'DENOTES EQUIPMENT WILL BE SUPPLIED  획 [('DENOTES EQUIPMENT WILL BE SUPPLIED BY BY', 2, 2, 4.0, 4.0, 0.0)]
  p11  사전 {1: 'DENOTES EQUIPMENT WILL BE SUPPLIED  획 [('DENOTES EQUIPMENT WILL BE SUPPLIED BY BY', 2, 2, 4.0, 4.0, 0.0)]
  p12  사전 {1: 'SUPPLIED BY AUX BOILER SUPPLIER.'}  획 [('SUPPLIED BY AUX BOILER SUPPLIER.', 2, 2, 4.0, 4.0, 0.0)]
  p13  사전 {1: 'EQUIPMENT PROVIDED BY HRSG VENDOR.' 획 [('EQUIPMENT PROVIDED BY HRSG VENDOR.', 2, 2, 4.0, 4.0, 0.0), ('EQUIPMENT PROVIDED BY PUMP VENDOR.', 2, 2, 4.0, 4.0, 0.0)]
  p14  사전 {2: 'EQUIPMENT PROVIDED BY PUMP VENDOR.' 획 [('EQUIPMENT PROVIDED BY PUMP VENDOR.', 2, 2, 4.0, 4.0, 0.0), ('EQUIPMENT PROVIDED BY PUMP VENDOR.', 2, 2, 4.0, 4.0, 0.0)]
  p16  사전 {1: 'SUPPLIED BY CEP SUPPLIER', 2: 'SUPP 획 [('SUPPLIED BY CEP SUPPLIER', 2, 2, 4.0, 4.0, 0.0), ('SUPPLIED BY ST SUPPLIER', 2, 2, 4.0, 4.0, 0.0)]
  p20  사전 {1: 'MARKED ITEM TO BE SUPPLIED BY BFP S 획 [('MARKED ITEM TO BE SUPPLIED BY BFP SUPPLI', 2, 2, 4.0, 4.0, 0.0)]
  p25  사전 {1: 'MARKED ITEM TO BE SUPPLIED BY GT SU 획 [('MARKED ITEM TO BE SUPPLIED BY GT SUPPLIE', 2, 2, 4.0, 4.0, 0.0)]
  p26  사전 {1: 'SYMBOL INDICATES COMPONENTS FURNISH 없음 []
  p27  사전 {1: 'SYMBOL INDICATES COMPONENTS FURNISH 없음 []
  p28  사전 {1: 'SYMBOL INDICATES COMPONENTS FURNISH 없음 []
  p30  사전 {1: 'IT WILL BE SUPPLIED BY CONDENSER SU 획 [('IT WILL BE SUPPLIED BY CONDENSER SUPPLIE', 2, 2, 4.0, 4.0, 0.0)]
  p32  사전 {1: 'MARKED ITEMS TO BE PROVIDED BY FUEL 없음 []
  p35  사전 {1: 'SUPPLIED BY PUMP SUPPLIER.'}        획 [('SUPPLIED BY PUMP SUPPLIER.', 2, 2, 4.0, 4.0, 0.0)]
  p46  사전 {1: 'TO BE SUPPLIED BY WATER TREATMENT S 텍스트 ['*', '**']
  p47  사전 {1: 'TO BE SUPPLIED BY PUMP VENDOR.', 2: 텍스트 ['*', '**', '***']
  p49  사전 {1: 'TO BE SUPPLIED BY PUMP VENDOR.', 2: 없음 []
  p51  사전 {1: 'TO BE SUPPLIED BY PUMP VENDOR.', 2: 없음 []
  p52  사전 {1: 'DENOTED INSTRUMENTS WILL BE SUPPLIE 획 [('DENOTED INSTRUMENTS WILL BE SUPPLIED FRO', 2, 2, 4.0, 4.0, 0.0)]
  p53  사전 {1: 'DENOTED INSTRUMENTS WILL BE SUPPLIE 획 [('DENOTED INSTRUMENTS WILL BE SUPPLIED FRO', 2, 2, 4.0, 4.0, 0.0)]
  p54  사전 {1: 'DENOTED INSTRUMENTS WILL BE SUPPLIE 획 [('DENOTED INSTRUMENTS WILL BE SUPPLIED FRO', 2, 2, 4.0, 4.0, 0.0)]
  p55  사전 {1: 'TO BE SUPPLIED BY PUMP VENDOR.'}    없음 []
  p56  사전 {1: 'DENOTED INSTRUMENTS WILL BE SUPPLIE 획 [('DENOTED INSTRUMENTS WILL BE SUPPLIED FRO', 2, 2, 4.0, 4.0, 0.0)]
## pid_total.pdf — 사전 있는 장 27
   정의줄의 별표 표기: {'획': 18, '없음': 7, '텍스트': 2}
   획으로 그린 것의 (획 수, 방향 수): [((2, 2), 34)]
   크기: [((4.0, 4.0), 34)]
   중점 퍼짐: [(0.0, 34)]
