mark_blob (1.5, 8.0) glyph_span (3.0, 8.0) cluster_gap 2.0
== 자리 (261.7, 199.0)
   0.4x0.0 @(261.8,196.0) items=1 크기 0.4x0.0 밖(1.5~8.0) · 납작 0.00
   12.7x0.2 @(249.2,195.9) items=6 획아님 fill=(0.0, 0.0, 0.0) items={'l'} · 크기 12.7x0.2 밖(1.5~8.0) · 납작 0.24 · 비율 53.00
   8.0x5.0 @(263.0,203.7) items=1 크기 8.0x5.0 밖(1.5~8.0)
   8.0x5.0 @(263.0,203.7) items=1 크기 8.0x5.0 밖(1.5~8.0)
   18.5x0.0 @(244.6,206.2) items=1 크기 18.5x0.0 밖(1.5~8.0) · 납작 0.00
   0.0x5.0 @(263.0,203.7) items=1 납작 0.00 · 비율 0.00
   2.0x2.0 @(265.9,205.2) items=4 획아님 fill=None items={'c'}
   0.2x0.0 @(266.9,205.2) items=2 획아님 fill=(0.0, 0.0, 0.0) items={'l'} · 크기 0.2x0.0 밖(1.5~8.0) · 납작 0.00
   0.5x0.1 @(266.8,205.2) items=6 획아님 fill=(0.0, 0.0, 0.0) items={'l'} · 크기 0.5x0.1 밖(1.5~8.0) · 납작 0.12 · 비율 4.00
   0.6x0.0 @(266.8,205.3) items=6 획아님 fill=(0.0, 0.0, 0.0) items={'l'} · 크기 0.6x0.0 밖(1.5~8.0) · 납작 0.00
   1.0x0.0 @(266.5,205.3) items=9 획아님 fill=(0.0, 0.0, 0.0) items={'l'} · 크기 1.0x0.0 밖(1.5~8.0) · 납작 0.00
   0.8x0.0 @(266.6,205.3) items=2 획아님 fill=(0.0, 0.0, 0.0) items={'l'} · 크기 0.8x0.0 밖(1.5~8.0) · 납작 0.00
   1.2x0.1 @(266.4,205.3) items=6 획아님 fill=(0.0, 0.0, 0.0) items={'l'} · 크기 1.2x0.1 밖(1.5~8.0) · 납작 0.12 · 비율 10.00
   1.3x0.0 @(266.4,205.4) items=6 획아님 fill=(0.0, 0.0, 0.0) items={'l'} · 크기 1.3x0.0 밖(1.5~8.0) · 납작 0.00
   1.4x0.1 @(266.3,205.4) items=6 획아님 fill=(0.0, 0.0, 0.0) items={'l'} · 크기 1.4x0.1 밖(1.5~8.0) · 납작 0.12 · 비율 12.00
   1.6x0.0 @(266.3,205.5) items=6 획아님 fill=(0.0, 0.0, 0.0) items={'l'} · 납작 0.00
   1.7x0.1 @(266.2,205.5) items=6 획아님 fill=(0.0, 0.0, 0.0) items={'l'} · 납작 0.12 · 비율 14.00
   1.8x0.1 @(266.2,205.6) items=6 획아님 fill=(0.0, 0.0, 0.0) items={'l'} · 납작 0.12 · 비율 15.00
   1.9x0.1 @(266.0,205.8) items=9 획아님 fill=(0.0, 0.0, 0.0) items={'l'} · 납작 0.12 · 비율 16.00
   1.8x0.0 @(266.2,205.9) items=2 획아님 fill=(0.0, 0.0, 0.0) items={'l'} · 납작 0.00
   1.9x0.1 @(266.0,205.9) items=6 획아님 fill=(0.0, 0.0, 0.0) items={'l'} · 납작 0.12 · 비율 16.00
   2.0x0.1 @(266.0,206.0) items=6 획아님 fill=(0.0, 0.0, 0.0) items={'l'} · 납작 0.12 · 비율 17.00
   2.0x0.1 @(266.0,206.1) items=10 획아님 fill=(0.0, 0.0, 0.0) items={'l'} · 납작 0.12 · 비율 17.00
   2.0x0.1 @(266.0,206.2) items=6 획아님 fill=(0.0, 0.0, 0.0) items={'l'} · 납작 0.12 · 비율 17.00
   1.9x0.1 @(266.0,206.4) items=6 획아님 fill=(0.0, 0.0, 0.0) items={'l'} · 납작 0.12 · 비율 15.99
   1.9x0.1 @(266.0,206.5) items=10 획아님 fill=(0.0, 0.0, 0.0) items={'l'} · 납작 0.12 · 비율 16.00
   1.8x0.1 @(266.2,206.6) items=6 획아님 fill=(0.0, 0.0, 0.0) items={'l'} · 납작 0.12 · 비율 15.00
   1.7x0.1 @(266.2,206.7) items=6 획아님 fill=(0.0, 0.0, 0.0) items={'l'} · 납작 0.12 · 비율 14.00
   1.6x0.0 @(266.3,206.8) items=6 획아님 fill=(0.0, 0.0, 0.0) items={'l'} · 납작 0.00
   1.4x0.1 @(266.3,206.8) items=6 획아님 fill=(0.0, 0.0, 0.0) items={'l'} · 크기 1.4x0.1 밖(1.5~8.0) · 납작 0.12 · 비율 12.00
   1.3x0.0 @(266.4,207.0) items=6 획아님 fill=(0.0, 0.0, 0.0) items={'l'} · 크기 1.3x0.0 밖(1.5~8.0) · 납작 0.00
   1.8x1.7 @(262.7,200.0) items=1 통과
   1.8x1.7 @(262.7,200.0) items=1 통과
   0.0x2.4 @(263.6,199.6) items=1 납작 0.00 · 비율 0.00
   2.5x0.0 @(262.3,200.8) items=1 납작 0.00
== 자리 (228.0, 209.0)
   0.2x16.0 @(221.4,196.0) items=6 획아님 fill=(0.0, 0.0, 0.0) items={'l'} · 크기 0.2x16.0 밖(1.5~8.0) · 납작 0.24 · 비율 0.02
   0.2x3.0 @(221.4,215.0) items=6 획아님 fill=(0.0, 0.0, 0.0) items={'l'} · 납작 0.24 · 비율 0.08
   1.7x1.8 @(228.5,210.2) items=1 통과
   1.7x1.8 @(228.5,210.2) items=1 통과
   0.0x2.5 @(229.3,209.8) items=1 납작 0.00 · 비율 0.00
   2.4x0.0 @(228.1,211.0) items=1 납작 0.00
== 자리 (261.5, 228.0)
   8.0x5.0 @(263.5,230.4) items=1 크기 8.0x5.0 밖(1.5~8.0)
   8.0x5.0 @(263.5,230.4) items=1 크기 8.0x5.0 밖(1.5~8.0)
   2.0x2.0 @(266.5,231.8) items=4 획아님 fill=None items={'c'}
   0.4x0.0 @(267.4,231.9) items=3 획아님 fill=(0.0, 0.0, 0.0) items={'l'} · 크기 0.4x0.0 밖(1.5~8.0) · 납작 0.00
   0.5x0.0 @(267.4,231.9) items=6 획아님 fill=(0.0, 0.0, 0.0) items={'l'} · 크기 0.5x0.0 밖(1.5~8.0) · 납작 0.00
   0.6x0.0 @(267.2,231.9) items=5 획아님 fill=(0.0, 0.0, 0.0) items={'l'} · 크기 0.6x0.0 밖(1.5~8.0) · 납작 0.00
   0.8x0.0 @(267.1,231.9) items=6 획아님 fill=(0.0, 0.0, 0.0) items={'l'} · 크기 0.8x0.0 밖(1.5~8.0) · 납작 0.00
   1.0x0.1 @(267.1,231.9) items=6 획아님 fill=(0.0, 0.0, 0.0) items={'l'} · 크기 1.0x0.1 밖(1.5~8.0) · 납작 0.12 · 비율 8.00
   1.2x0.0 @(267.0,232.0) items=6 획아님 fill=(0.0, 0.0, 0.0) items={'l'} · 크기 1.2x0.0 밖(1.5~8.0) · 납작 0.00
   1.3x0.1 @(266.9,232.0) items=6 획아님 fill=(0.0, 0.0, 0.0) items={'l'} · 크기 1.3x0.1 밖(1.5~8.0) · 납작 0.12 · 비율 11.00
   1.4x0.0 @(266.9,232.2) items=6 획아님 fill=(0.0, 0.0, 0.0) items={'l'} · 크기 1.4x0.0 밖(1.5~8.0) · 납작 0.00
   1.6x0.1 @(266.8,232.2) items=6 획아님 fill=(0.0, 0.0, 0.0) items={'l'} · 납작 0.12 · 비율 13.00
   1.7x0.0 @(266.8,232.3) items=6 획아님 fill=(0.0, 0.0, 0.0) items={'l'} · 납작 0.00
   1.8x0.1 @(266.6,232.3) items=6 획아님 fill=(0.0, 0.0, 0.0) items={'l'} · 납작 0.12 · 비율 15.00
   1.8x0.1 @(266.6,232.4) items=6 획아님 fill=(0.0, 0.0, 0.0) items={'l'} · 납작 0.12 · 비율 15.00
   1.9x0.1 @(266.6,232.5) items=10 획아님 fill=(0.0, 0.0, 0.0) items={'l'} · 납작 0.12 · 비율 16.00
   2.0x0.1 @(266.5,232.6) items=6 획아님 fill=(0.0, 0.0, 0.0) items={'l'} · 납작 0.12 · 비율 17.00
   2.0x0.1 @(266.5,232.8) items=6 획아님 fill=(0.0, 0.0, 0.0) items={'l'} · 납작 0.12 · 비율 17.00
   2.0x0.1 @(266.5,232.9) items=6 획아님 fill=(0.0, 0.0, 0.0) items={'l'} · 납작 0.12 · 비율 17.00
   2.0x0.1 @(266.5,233.0) items=10 획아님 fill=(0.0, 0.0, 0.0) items={'l'} · 납작 0.12 · 비율 17.00
   1.9x0.1 @(266.6,233.1) items=6 획아님 fill=(0.0, 0.0, 0.0) items={'l'} · 납작 0.12 · 비율 16.00
   1.8x0.1 @(266.6,233.2) items=9 획아님 fill=(0.0, 0.0, 0.0) items={'l'} · 납작 0.12 · 비율 15.00
   1.8x0.0 @(266.6,233.4) items=2 획아님 fill=(0.0, 0.0, 0.0) items={'l'} · 납작 0.00
   1.7x0.1 @(266.8,233.4) items=6 획아님 fill=(0.0, 0.0, 0.0) items={'l'} · 납작 0.12 · 비율 13.99
   1.6x0.1 @(266.8,233.5) items=6 획아님 fill=(0.0, 0.0, 0.0) items={'l'} · 납작 0.12 · 비율 13.00
   1.4x0.0 @(266.9,233.6) items=6 획아님 fill=(0.0, 0.0, 0.0) items={'l'} · 크기 1.4x0.0 밖(1.5~8.0) · 납작 0.00
   1.3x0.1 @(266.9,233.6) items=6 획아님 fill=(0.0, 0.0, 0.0) items={'l'} · 크기 1.3x0.1 밖(1.5~8.0) · 납작 0.12 · 비율 11.00
   1.2x0.0 @(267.0,233.7) items=6 획아님 fill=(0.0, 0.0, 0.0) items={'l'} · 크기 1.2x0.0 밖(1.5~8.0) · 납작 0.00
   1.0x0.1 @(267.1,233.7) items=6 획아님 fill=(0.0, 0.0, 0.0) items={'l'} · 크기 1.0x0.1 밖(1.5~8.0) · 납작 0.12 · 비율 8.00
   0.8x0.0 @(267.1,233.8) items=9 획아님 fill=(0.0, 0.0, 0.0) items={'l'} · 크기 0.8x0.0 밖(1.5~8.0) · 납작 0.00
   0.6x0.0 @(267.2,233.8) items=2 획아님 fill=(0.0, 0.0, 0.0) items={'l'} · 크기 0.6x0.0 밖(1.5~8.0) · 납작 0.00
   0.5x0.0 @(267.4,233.8) items=8 획아님 fill=(0.0, 0.0, 0.0) items={'l'} · 크기 0.5x0.0 밖(1.5~8.0) · 납작 0.00
   0.0x5.0 @(263.5,230.4) items=1 납작 0.00 · 비율 0.00
   19.0x0.0 @(244.6,232.9) items=1 크기 19.0x0.0 밖(1.5~8.0) · 납작 0.00
   1.8x1.7 @(262.7,227.0) items=1 통과
   1.8x1.7 @(262.7,227.0) items=1 통과
   0.0x2.4 @(263.6,226.6) items=1 납작 0.00 · 비율 0.00
   2.5x0.0 @(262.3,227.8) items=1 납작 0.00
== 자리 (355.0, 200.0)
   0.2x0.0 @(362.5,207.8) items=2 획아님 fill=(0.0, 0.0, 0.0) items={'l'} · 크기 0.2x0.0 밖(1.5~8.0) · 납작 0.00
   0.6x0.1 @(362.4,207.8) items=9 획아님 fill=(0.0, 0.0, 0.0) items={'l'} · 크기 0.6x0.1 밖(1.5~8.0) · 납작 0.12 · 비율 5.00
   0.5x0.0 @(362.5,207.9) items=2 획아님 fill=(0.0, 0.0, 0.0) items={'l'} · 크기 0.5x0.0 밖(1.5~8.0) · 납작 0.00
   0.8x0.0 @(362.3,207.9) items=6 획아님 fill=(0.0, 0.0, 0.0) items={'l'} · 크기 0.8x0.0 밖(1.5~8.0) · 납작 0.00
   1.1x0.1 @(362.2,207.9) items=10 획아님 fill=(0.0, 0.0, 0.0) items={'l'} · 크기 1.1x0.1 밖(1.5~8.0) · 납작 0.12 · 비율 9.00
   1.7x1.7 @(357.8,203.0) items=1 통과
   1.7x1.7 @(357.8,203.0) items=1 통과
   0.0x2.4 @(358.7,202.6) items=1 납작 0.00 · 비율 0.00
   2.4x0.0 @(357.5,203.8) items=1 납작 0.00
== 자리 (355.0, 219.0)
   0.2x0.0 @(362.5,226.9) items=2 획아님 fill=(0.0, 0.0, 0.0) items={'l'} · 크기 0.2x0.0 밖(1.5~8.0) · 납작 0.00
   0.5x0.0 @(362.5,226.9) items=6 획아님 fill=(0.0, 0.0, 0.0) items={'l'} · 크기 0.5x0.0 밖(1.5~8.0) · 납작 0.00
   0.6x0.0 @(362.4,226.9) items=5 획아님 fill=(0.0, 0.0, 0.0) items={'l'} · 크기 0.6x0.0 밖(1.5~8.0) · 납작 0.00
   0.8x0.1 @(362.3,226.9) items=6 획아님 fill=(0.0, 0.0, 0.0) items={'l'} · 크기 0.8x0.1 밖(1.5~8.0) · 납작 0.12 · 비율 7.00
   1.1x0.0 @(362.2,227.0) items=10 획아님 fill=(0.0, 0.0, 0.0) items={'l'} · 크기 1.1x0.0 밖(1.5~8.0) · 납작 0.00
   1.7x1.8 @(357.8,222.0) items=1 통과
   1.7x1.8 @(357.8,222.0) items=1 통과
   0.0x2.5 @(358.7,221.6) items=1 납작 0.00 · 비율 0.00
   2.4x0.0 @(357.5,222.9) items=1 납작 0.00
