  page   6    0.39s   valves.tags 0.19s instruments 0.08s valves.bodies 0.07s valves.actuators 0.05s annotations 0.00s
  page   7    0.34s   valves.tags 0.17s valves.bodies 0.06s instruments 0.05s valves.actuators 0.05s annotations 0.00s
  page   8   14.13s   valves.tags 13.98s valves.bodies 0.05s instruments 0.05s valves.actuators 0.05s annotations 0.00s
  page   9    0.36s   valves.tags 0.17s instruments 0.07s valves.bodies 0.06s valves.actuators 0.05s annotations 0.00s
  page  10    0.76s   valves.actuators 0.31s valves.tags 0.21s valves.bodies 0.15s instruments 0.10s annotations 0.00s
  page  11    0.48s   valves.tags 0.20s valves.actuators 0.12s valves.bodies 0.09s instruments 0.07s annotations 0.00s
  page  12    0.57s   valves.actuators 0.25s valves.tags 0.18s valves.bodies 0.07s instruments 0.07s annotations 0.00s
  page  13    0.46s   valves.tags 0.21s valves.bodies 0.12s valves.actuators 0.08s instruments 0.06s annotations 0.00s
  page  14    0.30s   valves.actuators 0.13s valves.bodies 0.08s instruments 0.05s valves.tags 0.03s annotations 0.00s
  page  15    0.28s   instruments 0.11s valves.bodies 0.08s valves.actuators 0.06s valves.tags 0.03s annotations 0.00s
  page  16    0.81s   valves.actuators 0.53s valves.bodies 0.12s instruments 0.11s valves.tags 0.06s annotations 0.00s
  page  17    0.65s   valves.tags 0.23s valves.bodies 0.19s valves.actuators 0.17s instruments 0.06s annotations 0.00s
  page  18    1.81s   valves.actuators 1.41s valves.tags 0.22s valves.bodies 0.11s instruments 0.06s annotations 0.00s
  page  19    0.19s   valves.bodies 0.06s valves.actuators 0.05s valves.tags 0.04s instruments 0.03s annotations 0.00s
  page  20    0.20s   valves.bodies 0.06s instruments 0.05s valves.actuators 0.05s valves.tags 0.03s annotations 0.00s
  page  21    0.20s   instruments 0.06s valves.bodies 0.05s valves.actuators 0.05s valves.tags 0.03s annotations 0.00s
  page  22    0.96s   valves.tags 0.34s valves.actuators 0.34s valves.bodies 0.19s instruments 0.09s annotations 0.00s
  page  23    0.72s   valves.actuators 0.24s valves.tags 0.23s instruments 0.17s valves.bodies 0.07s annotations 0.00s
  page  24    0.42s   valves.tags 0.23s instruments 0.06s valves.bodies 0.06s valves.actuators 0.06s annotations 0.00s
  page  25    1.06s   valves.actuators 0.44s valves.tags 0.31s valves.bodies 0.18s instruments 0.14s annotations 0.00s
  page  26    0.47s   valves.tags 0.23s valves.bodies 0.11s valves.actuators 0.07s instruments 0.06s annotations 0.00s
  page  27    0.43s   valves.tags 0.21s valves.bodies 0.08s instruments 0.07s valves.actuators 0.07s annotations 0.00s
  page  28    0.38s   valves.tags 0.18s valves.bodies 0.09s instruments 0.06s valves.actuators 0.05s annotations 0.00s
  page  29    0.89s   valves.actuators 0.71s valves.bodies 0.09s instruments 0.05s valves.tags 0.04s annotations 0.00s
  page  30    0.19s   instruments 0.06s valves.bodies 0.05s valves.actuators 0.05s valves.tags 0.03s annotations 0.00s
  page  31    0.37s   valves.tags 0.20s valves.bodies 0.06s instruments 0.06s valves.actuators 0.05s annotations 0.00s
  page  32    0.34s   valves.tags 0.17s instruments 0.07s valves.bodies 0.06s valves.actuators 0.05s annotations 0.00s
  page  33    0.48s   instruments 0.20s valves.tags 0.14s valves.bodies 0.09s valves.actuators 0.05s annotations 0.00s
  page  34    0.48s   instruments 0.17s valves.tags 0.15s valves.bodies 0.10s valves.actuators 0.06s annotations 0.00s
  page  35    0.11s   instruments 0.04s valves.bodies 0.03s valves.actuators 0.02s valves.tags 0.01s annotations 0.00s
  page  36    0.55s   valves.actuators 0.20s valves.tags 0.18s valves.bodies 0.09s instruments 0.08s annotations 0.00s
  page  37    0.31s   valves.tags 0.17s valves.bodies 0.05s valves.actuators 0.05s instruments 0.04s annotations 0.00s
  page  38    0.24s   valves.bodies 0.08s instruments 0.07s valves.actuators 0.05s valves.tags 0.04s annotations 0.00s
  page  39    0.16s   valves.bodies 0.05s valves.actuators 0.05s instruments 0.03s valves.tags 0.03s annotations 0.00s
  page  40    0.18s   valves.bodies 0.06s instruments 0.05s valves.actuators 0.04s valves.tags 0.03s annotations 0.00s
  page  42    0.54s   valves.actuators 0.19s valves.tags 0.19s valves.bodies 0.10s instruments 0.07s annotations 0.00s
  page  43    0.15s   valves.bodies 0.05s valves.actuators 0.04s instruments 0.04s valves.tags 0.03s annotations 0.00s
  page  44    0.42s   valves.tags 0.17s valves.actuators 0.12s valves.bodies 0.07s instruments 0.06s annotations 0.00s
  page  45    0.16s   valves.bodies 0.05s instruments 0.05s valves.actuators 0.04s valves.tags 0.03s annotations 0.00s
  page  46    0.47s   valves.tags 0.22s valves.actuators 0.14s valves.bodies 0.06s instruments 0.05s annotations 0.00s
  page  47    0.39s   valves.tags 0.18s valves.actuators 0.10s valves.bodies 0.06s instruments 0.05s annotations 0.00s
  page  48    0.18s   valves.bodies 0.05s valves.actuators 0.05s instruments 0.04s valves.tags 0.04s annotations 0.00s
  page  49    0.45s   valves.tags 0.20s valves.bodies 0.11s instruments 0.09s valves.actuators 0.06s annotations 0.00s
  page  50    0.47s   valves.tags 0.20s instruments 0.10s valves.bodies 0.10s valves.actuators 0.06s annotations 0.00s
  page  51    0.54s   valves.actuators 0.29s instruments 0.14s valves.bodies 0.07s valves.tags 0.05s annotations 0.00s
  page  52    0.64s   valves.actuators 0.39s instruments 0.10s valves.bodies 0.09s valves.tags 0.06s annotations 0.00s
  page  53    0.42s   valves.actuators 0.18s instruments 0.11s valves.bodies 0.09s valves.tags 0.05s annotations 0.00s
  page  54    0.53s   valves.actuators 0.30s instruments 0.11s valves.bodies 0.10s valves.tags 0.03s annotations 0.00s
  page  55    0.48s   valves.actuators 0.27s instruments 0.11s valves.bodies 0.06s valves.tags 0.04s annotations 0.00s
  page  56    0.27s   valves.actuators 0.12s valves.bodies 0.06s instruments 0.06s valves.tags 0.03s annotations 0.00s
  page  57    0.37s   valves.actuators 0.18s instruments 0.08s valves.bodies 0.07s valves.tags 0.04s annotations 0.00s
  page  58    0.49s   valves.actuators 0.28s instruments 0.09s valves.bodies 0.07s valves.tags 0.04s annotations 0.00s
  page  59    0.19s   instruments 0.06s valves.bodies 0.06s valves.actuators 0.05s valves.tags 0.03s annotations 0.00s
  page  60    0.21s   valves.actuators 0.07s valves.bodies 0.07s valves.tags 0.04s instruments 0.04s annotations 0.00s
analysis took 379.3s, by stage:
  layout                   153.43s   40.4%
  instruments              147.40s   38.9%
  valves.tags               21.00s    5.5%
  titleblocks               18.62s    4.9%
  valves.actuators          10.67s    2.8%
  describe_axis              7.79s    2.1%
  titleblock_glyphs          5.19s    1.4%
  valves.bodies              4.74s    1.2%
  pipe_graph                 3.54s    0.9%
  open_pdf                   2.64s    0.7%
  candidates                 2.31s    0.6%
  legend_rules               1.80s    0.5%
  equipment                  0.15s    0.0%
  description                0.04s    0.0%
  unit_multipliers           0.01s    0.0%
  annotations                0.00s    0.0%
  valves.glyph_library       0.00s    0.0%
  slowest pages: p8 14.2s, p18 1.9s, p25 1.1s, p22 1.0s, p29 0.9s
analysis took 379.3s, by stage:
  layout                   153.43s   40.4%
  instruments              147.40s   38.9%
  valves.tags               21.00s    5.5%
  titleblocks               18.62s    4.9%
  valves.actuators          10.67s    2.8%
  describe_axis              7.79s    2.1%
  titleblock_glyphs          5.19s    1.4%
  valves.bodies              4.74s    1.2%
  pipe_graph                 3.54s    0.9%
  open_pdf                   2.64s    0.7%
  candidates                 2.31s    0.6%
  legend_rules               1.80s    0.5%
  equipment                  0.15s    0.0%
  description                0.04s    0.0%
  unit_multipliers           0.01s    0.0%
  annotations                0.00s    0.0%
  valves.glyph_library       0.00s    0.0%
  slowest pages: p8 14.2s, p18 1.9s, p25 1.1s, p22 1.0s, p29 0.9s
wall 414.0 rows 902 fp None
