## 정의줄 획수 게이트 유무 — TC2_260821.pdf
   쪽           현행 마크/붙음    게이트없이 마크/붙음   사전
   p6          0 /    0        11 /    9   (없음)
   p7          0 /    0         4 /    4   (없음)
   p8          0 /    0         9 /    9   (없음)
   p9          0 /    0        13 /   10   (없음)
   p12         0 /    0         2 /    2   (없음)
   p15         0 /    0         8 /    3   (없음)
   p16         6 /    3        23 /    6   (없음)
   p23         4 /    2         6 /    4   (없음)
   p51         0 /    0        38 /   28   (없음)
   p52         0 /    0        55 /   26   (없음)
   p53         0 /    0        28 /   12   (없음)
   p54         0 /    0        24 /   20   (없음)
   p55         0 /    0        33 /   17   (없음)
   p56         0 /    0         6 /    8   (없음)
   p57         0 /    0        19 /    9   (없음)
   p58         0 /    0        32 /   16   (없음)
합계: {'현행마크': 103, '현행붙음': 73, '신규마크': 404, '신규붙음': 251}
움직인 장 16개: [6, 7, 8, 9, 12, 15, 16, 23, 51, 52, 53, 54, 55, 56, 57, 58]
