## A. API 전수
jobs 2 · done 2 · B 48b5adbdd28c · A 2098450b4603
  느림 6.3s GET /jobs/48b5adbdd28c/titleblock
GET 47개 · 5xx 0
  PATCH qty → 200
  PATCH qty 되돌림 → 200
  PATCH scope → 200
  PATCH scope 되돌림 → 200
  PATCH 없는 칸 → 400
  PATCH 없는 행 → 404
  PATCH review state → 200
  POST rows (마크업) → 200
  GET history(추가행) → 200
  DELETE rows(추가행) → 200
  POST restore → 200
  DELETE 검출행(오검출 표시) → 200
  POST restore 검출행 → 200
  POST copy → 200
  POST propose → 200
  POST axis_text → 200
  POST reports → 200
  PATCH report → 200
  DELETE report → 200
  POST multipliers → 200
  DELETE multipliers → 200
  POST sheet_numbers → 200
  DELETE sheet_numbers → 200
  POST titleblock/preview → 400
  POST titleblock → 200
  DELETE titleblock → 200
  POST snapshot → 200
  POST save → 200
  GET revisions/{id}/excel → 400
  POST deleted confirm → 200
  POST deleted unconfirm → 200
  PATCH project mode → 200
  PATCH project mode auto → 200
  POST symbols/global → 400
  POST symbols/global/enabled → 200
  DELETE symbols/global → 404
  POST diagnostic → 200
  POST projects 중복 → 409
  POST projects 새 → 200
  DELETE projects 확인없이 → 400
  DELETE projects → 200
  POST jobs 빈 파일 → 400
A 끝 — 서버 Traceback 0 · 500 0
## B. 화면 전수 클릭
-- round 1
  버튼 #excel 비활성
  열 머리 0: 동작 실패 — Locator.click: Timeout 1500ms exceeded.
Call log:
  - waiting for locator("#grid thead th").first
    - locator resolved to <th data-col="page_no">…</th>
  - at
  열 머리 1: 동작 실패 — Locator.click: Timeout 1500ms exceeded.
Call log:
  - waiting for locator("#grid thead th").nth(1)
    - locator resolved to <th data-col="pid_no">…</th>
  - at
  열 머리 2: 동작 실패 — Locator.click: Timeout 1500ms exceeded.
Call log:
  - waiting for locator("#grid thead th").nth(2)
    - locator resolved to <th data-col="origin">귀속</th>
  - a
  열 머리 3: 동작 실패 — Locator.click: Timeout 1500ms exceeded.
Call log:
  - waiting for locator("#grid thead th").nth(3)
    - locator resolved to <th data-col="rev_state">…</th>
  -
  열 머리 4: 동작 실패 — Locator.click: Timeout 1500ms exceeded.
Call log:
  - waiting for locator("#grid thead th").nth(4)
    - locator resolved to <th data-col="type">…</th>
  - atte
  열 머리 5: 동작 실패 — Locator.click: Timeout 1500ms exceeded.
Call log:
  - waiting for locator("#grid thead th").nth(5)
    - locator resolved to <th data-col="tag_no">Tag No.</th>

  열 머리 6: 동작 실패 — Locator.click: Timeout 1500ms exceeded.
Call log:
  - waiting for locator("#grid thead th").nth(6)
    - locator resolved to <th data-col="line_no">Line No.</th
  열 머리 7: 동작 실패 — Locator.click: Timeout 1500ms exceeded.
Call log:
  - waiting for locator("#grid thead th").nth(7)
    - locator resolved to <th data-col="line_size">Line Size<
  열 머리 8: 동작 실패 — Locator.click: Timeout 1500ms exceeded.
Call log:
  - waiting for locator("#grid thead th").nth(8)
    - locator resolved to <th data-col="valve_type">…</th>
  
  열 머리 9: 동작 실패 — Locator.click: Timeout 1500ms exceeded.
Call log:
  - waiting for locator("#grid thead th").nth(9)
    - locator resolved to <th data-col="qty">…</th>
  - attem
  열 머리 10: 동작 실패 — Locator.click: Timeout 1500ms exceeded.
Call log:
  - waiting for locator("#grid thead th").nth(10)
    - locator resolved to <th data-col="system">…</th>
  - a
  열 머리 11: 동작 실패 — Locator.click: Timeout 1500ms exceeded.
Call log:
  - waiting for locator("#grid thead th").nth(11)
    - locator resolved to <th data-col="vendor_supply">…</th
  열 메뉴 0: 동작 실패 — Locator.click: Timeout 1500ms exceeded.
Call log:
  - waiting for locator("#grid thead th button").first
    - locator resolved to <button class="colf" data-col
  열 메뉴 1: 동작 실패 — Locator.click: Timeout 1500ms exceeded.
Call log:
  - waiting for locator("#grid thead th button").nth(1)
    - locator resolved to <button class="colf" data-co
  열 메뉴 2: 동작 실패 — Locator.click: Timeout 1500ms exceeded.
Call log:
  - waiting for locator("#grid thead th button").nth(2)
    - locator resolved to <button class="colf" title="
  열 메뉴 3: 동작 실패 — Locator.click: Timeout 1500ms exceeded.
Call log:
  - waiting for locator("#grid thead th button").nth(3)
    - locator resolved to <button class="colf" data-co
  열 메뉴 4: 동작 실패 — Locator.click: Timeout 1500ms exceeded.
Call log:
  - waiting for locator("#grid thead th button").nth(4)
    - locator resolved to <button class="colf" data-co
  열 메뉴 5: 동작 실패 — Locator.click: Timeout 1500ms exceeded.
Call log:
  - waiting for locator("#grid thead th button").nth(5)
    - locator resolved to <button class="colf" data-co
  행 클릭 0: 동작 실패 — Locator.click: Timeout 2000ms exceeded.
Call log:
  - waiting for locator("#body tr").first
    - locator resolved to <tr data-rev="MODIFIED" class="rev-modifie
  행 클릭 1: 동작 실패 — Locator.click: Timeout 2000ms exceeded.
Call log:
  - waiting for locator("#body tr").nth(1)
    - locator resolved to <tr data-key="1eb04317d7ba8c97">…</tr>
  
  행 클릭 2: 동작 실패 — Locator.click: Timeout 2000ms exceeded.
Call log:
  - waiting for locator("#body tr").nth(2)
    - locator resolved to <tr data-key="240e9c85daad0048">…</tr>
  
  행 클릭 3: 동작 실패 — Locator.click: Timeout 2000ms exceeded.
Call log:
  - waiting for locator("#body tr").nth(3)
    - locator resolved to <tr data-key="4c538caa026ed691">…</tr>
  
  행 클릭 4: 동작 실패 — Locator.click: Timeout 2000ms exceeded.
Call log:
  - waiting for locator("#body tr").nth(4)
    - locator resolved to <tr data-key="51b9d5f4e27cbbd7">…</tr>
  
  셀 편집 qty: 동작 실패 — Page.dblclick: Timeout 30000ms exceeded.
Call log:
  - waiting for locator("#body tr:first-child td[data-col=qty]")
    - locator resolved to <td title="1" data
  셀 편집 qty 되돌림: 동작 실패 — Page.dblclick: Timeout 30000ms exceeded.
Call log:
  - waiting for locator("#body tr:first-child td[data-col=qty]")
    - locator resolved to <td title="1" data
  오버레이 토글 복귀: 동작 실패 — ElementHandle.click: Element is not attached to the DOM
Call log:
  - attempting click action
    - waiting for element to be visible, enabled and stable

  오버레이 토글: 동작 실패 — ElementHandle.click: Element is not attached to the DOM
Call log:
  - attempting click action
    - waiting for element to be visible, enabled and stable

  오버레이 토글 복귀: 동작 실패 — ElementHandle.click: Element is not attached to the DOM
Call log:
  - attempting click action
    - waiting for element to be visible, enabled and stable

  오버레이 토글: 동작 실패 — ElementHandle.click: Element is not attached to the DOM
Call log:
  - attempting click action
    - waiting for element to be visible, enabled and stable

  오버레이 토글 복귀: 동작 실패 — ElementHandle.click: Element is not attached to the DOM
Call log:
  - attempting click action
    - waiting for element to be visible, enabled and stable

  오버레이 토글: 동작 실패 — ElementHandle.click: Element is not attached to the DOM
Call log:
  - attempting click action
    - waiting for element to be visible, enabled and stable

  오버레이 토글 복귀: 동작 실패 — ElementHandle.click: Element is not attached to the DOM
Call log:
  - attempting click action
    - waiting for element to be visible, enabled and stable

  오버레이 토글: 동작 실패 — ElementHandle.click: Element is not attached to the DOM
Call log:
  - attempting click action
    - waiting for element to be visible, enabled and stable

  오버레이 토글 복귀: 동작 실패 — ElementHandle.click: Element is not attached to the DOM
Call log:
  - attempting click action
    - waiting for element to be visible, enabled and stable

  오버레이 토글: 동작 실패 — ElementHandle.click: Element is not attached to the DOM
Call log:
  - attempting click action
    - waiting for element to be visible, enabled and stable

  오버레이 토글 복귀: 동작 실패 — ElementHandle.click: Element is not attached to the DOM
Call log:
  - attempting click action
    - waiting for element to be visible, enabled and stable

  mult-panel 버튼 '지정': 동작 실패 — ElementHandle.click: Element is not attached to the DOM
Call log:
  - attempting click action
    - waiting for element to be visible, enabled and stable

  mult-panel 버튼 '지정': 동작 실패 — ElementHandle.click: Element is not attached to the DOM
Call log:
  - attempting click action
    - waiting for element to be visible, enabled and stable

  mult-panel 버튼 '지정': 동작 실패 — ElementHandle.click: Element is not attached to the DOM
Call log:
  - attempting click action
    - waiting for element to be visible, enabled and stable

  sheet-panel 버튼 '보기': 동작 실패 — ElementHandle.click: Element is not attached to the DOM
Call log:
  - attempting click action
    - waiting for element to be visible, enabled and stable

  sheet-panel 버튼 '지정': 동작 실패 — ElementHandle.click: Element is not attached to the DOM
Call log:
  - attempting click action
    - waiting for element to be visible, enabled and stable

  sheet-panel 버튼 '보기': 동작 실패 — ElementHandle.click: Element is not attached to the DOM
Call log:
  - attempting click action
    - waiting for element to be visible, enabled and stable

-- round 2
  버튼 #excel 비활성
  근거 패널 버튼 2 '확인함': 동작 실패 — ElementHandle.click: Element is not attached to the DOM
Call log:
  - attempting click action
    - waiting for element to be visible, enabled and stable

  근거 패널 버튼 3 '수정함': 동작 실패 — ElementHandle.click: Element is not attached to the DOM
Call log:
  - attempting click action
    - waiting for element to be visible, enabled and stable

  근거 패널 버튼 4 '보류': 동작 실패 — ElementHandle.click: Element is not attached to the DOM
Call log:
  - attempting click action
    - waiting for element to be visible, enabled and stable

  근거 패널 버튼 5 'SCT': 동작 실패 — ElementHandle.click: Element is not attached to the DOM
Call log:
  - attempting click action
    - waiting for element to be visible, enabled and stable

  근거 패널 버튼 2 '확인함': 동작 실패 — ElementHandle.click: Element is not attached to the DOM
Call log:
  - attempting click action
    - waiting for element to be visible, enabled and stable

  근거 패널 버튼 3 '수정함': 동작 실패 — ElementHandle.click: Element is not attached to the DOM
Call log:
  - attempting click action
    - waiting for element to be visible, enabled and stable

  근거 패널 버튼 4 '보류': 동작 실패 — ElementHandle.click: Element is not attached to the DOM
Call log:
  - attempting click action
    - waiting for element to be visible, enabled and stable

  근거 패널 버튼 5 'SCT': 동작 실패 — ElementHandle.click: Element is not attached to the DOM
Call log:
  - attempting click action
    - waiting for element to be visible, enabled and stable

  근거 패널 버튼 2 '확인함': 동작 실패 — ElementHandle.click: Element is not attached to the DOM
Call log:
  - attempting click action
    - waiting for element to be visible, enabled and stable

  근거 패널 버튼 3 '수정함': 동작 실패 — ElementHandle.click: Element is not attached to the DOM
Call log:
  - attempting click action
    - waiting for element to be visible, enabled and stable

  근거 패널 버튼 4 '보류': 동작 실패 — ElementHandle.click: Element is not attached to the DOM
Call log:
  - attempting click action
    - waiting for element to be visible, enabled and stable

  근거 패널 버튼 5 'SCT': 동작 실패 — ElementHandle.click: Element is not attached to the DOM
Call log:
  - attempting click action
    - waiting for element to be visible, enabled and stable

  근거 패널 버튼 2 '확인함': 동작 실패 — ElementHandle.click: Element is not attached to the DOM
Call log:
  - attempting click action
    - waiting for element to be visible, enabled and stable

  근거 패널 버튼 3 '수정함': 동작 실패 — ElementHandle.click: Element is not attached to the DOM
Call log:
  - attempting click action
    - waiting for element to be visible, enabled and stable

  근거 패널 버튼 4 '보류': 동작 실패 — ElementHandle.click: Element is not attached to the DOM
Call log:
  - attempting click action
    - waiting for element to be visible, enabled and stable

  근거 패널 버튼 5 'SCT': 동작 실패 — ElementHandle.click: Element is not attached to the DOM
Call log:
  - attempting click action
    - waiting for element to be visible, enabled and stable

  근거 패널 버튼 2 '확인함': 동작 실패 — ElementHandle.click: Element is not attached to the DOM
Call log:
  - attempting click action
    - waiting for element to be visible, enabled and stable

  근거 패널 버튼 3 '수정함': 동작 실패 — ElementHandle.click: Element is not attached to the DOM
Call log:
  - attempting click action
    - waiting for element to be visible, enabled and stable

  근거 패널 버튼 4 '보류': 동작 실패 — ElementHandle.click: Element is not attached to the DOM
Call log:
  - attempting click action
    - waiting for element to be visible, enabled and stable

  근거 패널 버튼 5 'SCT': 동작 실패 — ElementHandle.click: Element is not attached to the DOM
Call log:
  - attempting click action
    - waiting for element to be visible, enabled and stable

  도면 상자 클릭: 동작 실패 — Page.click: Timeout 3000ms exceeded.
Call log:
  - waiting for locator("#ov rect.det").first

  오버레이 토글 복귀: 동작 실패 — ElementHandle.click: Element is not attached to the DOM
Call log:
  - attempting click action
    - waiting for element to be visible, enabled and stable

  오버레이 토글: 동작 실패 — ElementHandle.click: Element is not attached to the DOM
Call log:
  - attempting click action
    - waiting for element to be visible, enabled and stable

  오버레이 토글 복귀: 동작 실패 — ElementHandle.click: Element is not attached to the DOM
Call log:
  - attempting click action
    - waiting for element to be visible, enabled and stable

  오버레이 토글: 동작 실패 — ElementHandle.click: Element is not attached to the DOM
Call log:
  - attempting click action
    - waiting for element to be visible, enabled and stable

  오버레이 토글 복귀: 동작 실패 — ElementHandle.click: Element is not attached to the DOM
Call log:
  - attempting click action
    - waiting for element to be visible, enabled and stable

  오버레이 토글: 동작 실패 — ElementHandle.click: Element is not attached to the DOM
Call log:
  - attempting click action
    - waiting for element to be visible, enabled and stable

  오버레이 토글 복귀: 동작 실패 — ElementHandle.click: Element is not attached to the DOM
Call log:
  - attempting click action
    - waiting for element to be visible, enabled and stable

  오버레이 토글: 동작 실패 — ElementHandle.click: Element is not attached to the DOM
Call log:
  - attempting click action
    - waiting for element to be visible, enabled and stable

  오버레이 토글 복귀: 동작 실패 — ElementHandle.click: Element is not attached to the DOM
Call log:
  - attempting click action
    - waiting for element to be visible, enabled and stable

  오버레이 토글: 동작 실패 — ElementHandle.click: Element is not attached to the DOM
Call log:
  - attempting click action
    - waiting for element to be visible, enabled and stable

  오버레이 토글 복귀: 동작 실패 — ElementHandle.click: Element is not attached to the DOM
Call log:
  - attempting click action
    - waiting for element to be visible, enabled and stable

  변경 ▶: 동작 실패 — Page.click: Timeout 30000ms exceeded.
Call log:
  - waiting for locator("#cmp-changes button[data-step='1']")

  변경 ◀: 동작 실패 — Page.click: Timeout 30000ms exceeded.
Call log:
  - waiting for locator("#cmp-changes button[data-step='-1']")

B 끝 — 페이지/콘솔 오류 누적 0 · 서버 Traceback 0 · 500 0
## C. 합성 PDF 전 흐름
  C 프로젝트 생성 → 200
  Rev.A 업로드 → 200 d9d53bc53e90
  Rev.A 분석 done · 187초 · 행 None
  C PATCH qty → 200
  C 마크업 추가 → 200
  C 최종 저장 → 200
  C 변경 내역(비교 대상 없음 → 400) → 400
  Rev.B 업로드 → 200 81b70c7f405b
  Rev.B 분석 done · 187초 · 행 None
  C GET revision → 200
  대조: Rev.B vs Rev.A · counts {'MODIFIED': 40, 'UNCHANGED': 40, 'DELETED_CANDIDATE': 1, 'DELETED': 0} · matched_by {'TAG': 0, 'GEOMETRY': 80} · previous_job_id=True
  C 변경 내역 Excel → 200
  Rev.A 편집 승계: qty=5 행 1
  C 화면: {'side': True, 'sw': True, 'label': 'Rev.B vs Rev.A — 수정 40 · 삭제 후보 1 · 짝 태그 0 · 기하 80 · 빠진 장 1'} · 오류 0
  C DELETE job Rev.B 확인없이 → 400
  C DELETE job Rev.B → 200
  범례 없는 PDF → done · 사유 'done' · stopped_stage 
★ 범례 없는 PDF 가 실패로 멈추지 않았다: done
  C error_detail → 200
  C 프로젝트 삭제 미리보기 → 200
  C 프로젝트 삭제 → 200
  삭제 뒤 /home 에 QA-SYN 남음: False
C 끝 — 서버 Traceback 0 · 500 0

결함 1 · out/hotfix42/qa3/README.md
