  page   6    4.63s   instruments 4.63s annotations 0.00s
  page   7    7.03s   instruments 7.03s annotations 0.00s
  page   8    4.50s   instruments 4.50s annotations 0.00s
  page   9    4.50s   instruments 4.50s annotations 0.00s
  page  10    1.16s   instruments 1.16s annotations 0.00s
  page  19    4.66s   instruments 4.66s annotations 0.00s
  page  20    6.24s   instruments 6.24s annotations 0.00s
  page  21    6.25s   instruments 6.25s annotations 0.00s
  page  23    6.20s   instruments 6.20s annotations 0.00s
  page  24    1.39s   instruments 1.39s annotations 0.00s
  page  25    2.80s   instruments 2.80s annotations 0.00s
  page  26    5.99s   instruments 5.99s annotations 0.00s
  page  27    4.33s   instruments 4.33s annotations 0.00s
  page  28    1.44s   instruments 1.44s annotations 0.00s
  page  29    5.83s   instruments 5.83s annotations 0.00s
  page  30    9.25s   instruments 9.25s annotations 0.00s
  page  31    5.12s   instruments 5.12s annotations 0.00s
analysis took 1034.1s, by stage:
  layout                   757.19s   73.2%
  instruments              215.85s   20.9%
  valves.actuators          19.29s    1.9%
  open_pdf                  13.44s    1.3%
  titleblocks                9.42s    0.9%
  titleblock_glyphs          5.44s    0.5%
  valves.bodies              4.04s    0.4%
  pipe_graph                 2.99s    0.3%
  candidates                 1.87s    0.2%
  valves.tags                1.60s    0.2%
  describe_axis              1.35s    0.1%
  legend_rules               1.21s    0.1%
  equipment                  0.40s    0.0%
  description                0.01s    0.0%
  annotations                0.01s    0.0%
  unit_multipliers           0.00s    0.0%
  valves.glyph_library       0.00s    0.0%
  slowest pages: p30 12.1s, p7 9.9s, p29 7.8s, p21 7.1s, p23 7.0s
{"fingerprint": "db1a77d18876d286c71e1ae55aa3b592149f87c79fa9f58615ba4bb85946086c", "rows": 149, "qty_sum": 149, "tagged_rows": 0} declared_bid_tags_found bid
