6 circles 10 marks 10 refs {'D': 4, 'M': 4} details [('D', True, 2)]
7 circles 8 marks 8 refs {'M': 3, 'D1': 1, 'D2': 2} details [('D2', True, 1), ('D1', True, 2)]
8 circles 7 marks 7 refs {'D': 3, 'M': 4} details []
9 circles 8 marks 8 refs {'M': 3, 'D': 2} details [('D', True, 0)]
10 circles 2 marks 0 refs {} details []
11 circles 15 marks 15 refs {'M': 2, 'D': 2, 'D1': 7} details [('D1', True, 2), ('D', True, 0)]
12 circles 3 marks 2 refs {'M': 2} details []
13 circles 6 marks 4 refs {'M': 4} details []
14 circles 2 marks 0 refs {} details []
15 circles 0 marks 0 refs {} details []
16 circles 9 marks 0 refs {} details []
17 circles 2 marks 0 refs {} details []
18 circles 26 marks 6 refs {'M': 6} details []
19 circles 0 marks 0 refs {} details []
20 circles 0 marks 0 refs {} details []
21 circles 1 marks 1 refs {'M': 1} details []
22 circles 6 marks 0 refs {} details []
23 circles 4 marks 4 refs {'M': 4} details []
24 circles 8 marks 8 refs {'G': 8} details []
25 circles 2 marks 0 refs {} details []
26 circles 7 marks 0 refs {} details []
27 circles 4 marks 0 refs {} details []
28 circles 6 marks 0 refs {} details []
29 circles 10 marks 0 refs {} details []
30 circles 8 marks 8 refs {'M': 8} details []
31 circles 8 marks 8 refs {'M': 8} details []
32 circles 2 marks 2 refs {'M': 2} details []
33 circles 8 marks 0 refs {} details []
34 circles 8 marks 0 refs {} details []
35 circles 0 marks 0 refs {} details []
36 circles 8 marks 2 refs {'M': 2} details []
37 circles 0 marks 0 refs {} details []
38 circles 4 marks 0 refs {} details []
39 circles 0 marks 0 refs {} details []
40 circles 2 marks 0 refs {} details []
41 circles 2 marks 0 refs {} details []
42 circles 3 marks 1 refs {'M': 1} details []
43 circles 0 marks 0 refs {} details []
44 circles 3 marks 1 refs {'M': 1} details []
45 circles 0 marks 0 refs {} details []
46 circles 3 marks 1 refs {'M': 1} details []
47 circles 3 marks 1 refs {'M': 1} details []
48 circles 0 marks 0 refs {} details []
49 circles 0 marks 0 refs {} details []
50 circles 0 marks 0 refs {} details []
51 circles 0 marks 0 refs {} details []
52 circles 0 marks 0 refs {} details []
53 circles 0 marks 0 refs {} details []
54 circles 0 marks 0 refs {} details []
55 circles 0 marks 0 refs {} details []
56 circles 0 marks 0 refs {} details []
57 circles 0 marks 0 refs {} details []
58 circles 0 marks 0 refs {} details []
59 circles 0 marks 0 refs {} details []
60 circles 0 marks 0 refs {} details []
written /home/user/AI-P-ID-Extraction-tool/out/round38/typical_TC2.json
