  page   6    1.49s   valves.tags 0.80s instruments 0.52s valves.bodies 0.10s valves.actuators 0.06s annotations 0.00s
  page   7    1.34s   valves.tags 0.75s instruments 0.47s valves.bodies 0.07s valves.actuators 0.05s annotations 0.00s
  page   8    1.15s   valves.tags 0.66s instruments 0.40s valves.bodies 0.05s valves.actuators 0.04s annotations 0.00s
  page   9    1.21s   valves.tags 0.76s instruments 0.32s valves.bodies 0.07s valves.actuators 0.05s annotations 0.00s
  page  10    2.10s   valves.tags 0.93s instruments 0.72s valves.actuators 0.33s valves.bodies 0.11s annotations 0.00s
  page  11    1.49s   valves.tags 0.80s instruments 0.44s valves.actuators 0.13s valves.bodies 0.11s annotations 0.00s
  page  12    1.64s   valves.tags 0.81s instruments 0.46s valves.actuators 0.29s valves.bodies 0.08s annotations 0.00s
  page  13    1.55s   valves.tags 0.85s instruments 0.46s valves.bodies 0.15s valves.actuators 0.09s annotations 0.00s
  page  14    0.61s   instruments 0.38s valves.actuators 0.14s valves.bodies 0.06s valves.tags 0.03s annotations 0.00s
  page  15    0.79s   instruments 0.56s valves.bodies 0.12s valves.actuators 0.07s valves.tags 0.04s annotations 0.00s
  page  16    1.13s   valves.actuators 0.52s instruments 0.45s valves.bodies 0.12s valves.tags 0.03s annotations 0.00s
  page  17   12.81s   valves.tags 12.27s instruments 0.33s valves.actuators 0.10s valves.bodies 0.10s annotations 0.00s
  page  18    2.83s   valves.actuators 1.48s valves.tags 0.92s instruments 0.34s valves.bodies 0.10s annotations 0.00s
  page  19    0.29s   instruments 0.17s valves.bodies 0.05s valves.actuators 0.04s valves.tags 0.03s annotations 0.00s
  page  20    0.48s   instruments 0.36s valves.bodies 0.05s valves.actuators 0.04s valves.tags 0.03s annotations 0.00s
  page  21    0.49s   instruments 0.35s valves.bodies 0.05s valves.actuators 0.05s valves.tags 0.03s annotations 0.00s
  page  22    2.04s   valves.tags 1.03s instruments 0.42s valves.actuators 0.36s valves.bodies 0.24s annotations 0.00s
  page  23    1.60s   valves.tags 0.73s instruments 0.49s valves.actuators 0.28s valves.bodies 0.10s annotations 0.00s
  page  24    1.25s   valves.tags 0.81s instruments 0.31s valves.actuators 0.07s valves.bodies 0.07s annotations 0.00s
  page  25    2.22s   valves.tags 1.02s instruments 0.48s valves.actuators 0.45s valves.bodies 0.27s annotations 0.00s
  page  26    1.50s   valves.tags 0.96s instruments 0.35s valves.bodies 0.11s valves.actuators 0.08s annotations 0.00s
  page  27    1.40s   valves.tags 0.85s instruments 0.36s valves.bodies 0.13s valves.actuators 0.07s annotations 0.00s
  page  28    1.38s   valves.tags 0.82s instruments 0.38s valves.bodies 0.11s valves.actuators 0.06s annotations 0.00s
  page  29    1.04s   valves.actuators 0.56s instruments 0.39s valves.bodies 0.05s valves.tags 0.03s annotations 0.00s
  page  30    0.50s   instruments 0.37s valves.actuators 0.05s valves.bodies 0.05s valves.tags 0.03s annotations 0.00s
  page  31    1.27s   valves.tags 0.72s instruments 0.43s valves.bodies 0.07s valves.actuators 0.05s annotations 0.00s
  page  32    1.27s   valves.tags 0.77s instruments 0.39s valves.bodies 0.06s valves.actuators 0.05s annotations 0.00s
  page  33    1.01s   valves.tags 0.51s instruments 0.36s valves.bodies 0.09s valves.actuators 0.05s annotations 0.00s
  page  34    1.26s   valves.tags 0.54s instruments 0.53s valves.bodies 0.14s valves.actuators 0.05s annotations 0.00s
  page  35    0.24s   instruments 0.17s valves.bodies 0.04s valves.actuators 0.02s valves.tags 0.01s annotations 0.00s
  page  36    1.43s   valves.tags 0.76s instruments 0.41s valves.actuators 0.19s valves.bodies 0.08s annotations 0.00s
  page  37    1.13s   valves.tags 0.65s instruments 0.34s valves.bodies 0.07s valves.actuators 0.06s annotations 0.00s
  page  38    0.65s   instruments 0.48s valves.bodies 0.08s valves.actuators 0.06s valves.tags 0.04s annotations 0.00s
  page  39    0.43s   instruments 0.30s valves.bodies 0.06s valves.actuators 0.04s valves.tags 0.03s annotations 0.00s
  page  40    0.49s   instruments 0.36s valves.bodies 0.05s valves.actuators 0.04s valves.tags 0.03s annotations 0.00s
  page  42    1.73s   valves.tags 0.86s instruments 0.58s valves.actuators 0.19s valves.bodies 0.10s annotations 0.00s
  page  43    0.40s   instruments 0.28s valves.bodies 0.05s valves.actuators 0.04s valves.tags 0.03s annotations 0.00s
  page  44    1.33s   valves.tags 0.72s instruments 0.42s valves.actuators 0.12s valves.bodies 0.07s annotations 0.00s
  page  45    0.43s   instruments 0.31s valves.bodies 0.05s valves.actuators 0.04s valves.tags 0.03s annotations 0.00s
  page  46    1.53s   valves.tags 0.77s instruments 0.54s valves.actuators 0.14s valves.bodies 0.07s annotations 0.00s
  page  47    1.28s   valves.tags 0.74s instruments 0.38s valves.actuators 0.09s valves.bodies 0.06s annotations 0.00s
  page  48    0.31s   instruments 0.19s valves.bodies 0.05s valves.actuators 0.05s valves.tags 0.03s annotations 0.00s
  page  49    1.45s   valves.tags 0.87s instruments 0.40s valves.bodies 0.11s valves.actuators 0.06s annotations 0.00s
  page  50    1.32s   valves.tags 0.73s instruments 0.41s valves.bodies 0.10s valves.actuators 0.08s annotations 0.00s
  page  51    1.01s   instruments 0.54s valves.actuators 0.35s valves.bodies 0.08s valves.tags 0.04s annotations 0.00s
  page  52    0.93s   instruments 0.47s valves.actuators 0.32s valves.bodies 0.09s valves.tags 0.04s annotations 0.00s
  page  53    0.65s   instruments 0.40s valves.actuators 0.16s valves.bodies 0.06s valves.tags 0.03s annotations 0.00s
  page  54    0.81s   instruments 0.47s valves.actuators 0.24s valves.bodies 0.07s valves.tags 0.03s annotations 0.00s
  page  55    0.93s   instruments 0.60s valves.actuators 0.22s valves.bodies 0.07s valves.tags 0.03s annotations 0.00s
  page  56    0.59s   instruments 0.41s valves.actuators 0.10s valves.bodies 0.05s valves.tags 0.03s annotations 0.00s
  page  57    0.73s   instruments 0.45s valves.actuators 0.19s valves.bodies 0.07s valves.tags 0.03s annotations 0.00s
  page  58    0.89s   instruments 0.43s valves.actuators 0.36s valves.bodies 0.06s valves.tags 0.03s annotations 0.00s
  page  59    0.31s   instruments 0.19s valves.bodies 0.05s valves.actuators 0.04s valves.tags 0.03s annotations 0.00s
  page  60    0.31s   instruments 0.16s valves.bodies 0.06s valves.actuators 0.05s valves.tags 0.04s annotations 0.00s
analysis took 639.9s, by stage:
  layout                   286.93s   44.8%
  instruments              257.93s   40.3%
  valves.tags               36.76s    5.7%
  titleblocks               18.40s    2.9%
  valves.actuators          10.60s    1.7%
  describe_axis              8.16s    1.3%
  titleblock_glyphs          5.24s    0.8%
  valves.bodies              4.93s    0.8%
  pipe_graph                 3.69s    0.6%
  candidates                 2.40s    0.4%
  open_pdf                   2.38s    0.4%
  legend_rules               2.30s    0.4%
  equipment                  0.16s    0.0%
  description                0.05s    0.0%
  unit_multipliers           0.01s    0.0%
  annotations                0.01s    0.0%
  valves.glyph_library       0.00s    0.0%
  slowest pages: p17 12.9s, p18 2.9s, p25 2.3s, p10 2.2s, p22 2.1s
analysis took 639.9s, by stage:
  layout                   286.93s   44.8%
  instruments              257.93s   40.3%
  valves.tags               36.76s    5.7%
  titleblocks               18.40s    2.9%
  valves.actuators          10.60s    1.7%
  describe_axis              8.16s    1.3%
  titleblock_glyphs          5.24s    0.8%
  valves.bodies              4.93s    0.8%
  pipe_graph                 3.69s    0.6%
  candidates                 2.40s    0.4%
  open_pdf                   2.38s    0.4%
  legend_rules               2.30s    0.4%
  equipment                  0.16s    0.0%
  description                0.05s    0.0%
  unit_multipliers           0.01s    0.0%
  annotations                0.01s    0.0%
  valves.glyph_library       0.00s    0.0%
  slowest pages: p17 12.9s, p18 2.9s, p25 2.3s, p10 2.2s, p22 2.1s
wall 697.6 rows 902 fp None
