· AL NOUF1 분석 …
   행 1037 · 지문 fb85b039 · 축3 95.0점
· SADARA 분석 …
   행 82 · 지문 0767ba79 · 축3 75.3점
· TC2 분석 …
   행 607 · 지문 c0a2d29d · 축3 89.1점
· UAD 분석 …
   행 149 · 지문 31231bd7 · 축3 71.0점

프로젝트          행         지문     Q'ty       초     RSS      축3
AL NOUF1   1037   fb85b039     1931     546    4.9G   95.0
SADARA       82   0767ba79        0      54    0.9G   75.3
TC2         607   c0a2d29d     3047     398    7.2G   89.1
UAD         149   31231bd7      149     328    3.2G   71.0

축3 내역 (지표별 맞춘 수 / 분모)
         도면번호         개정           태그→행         수량           심볼판정         파라미터       
AL NOUF1 58/58        58/58        247/272      1037/1037    1037/1206    28/30      
SADARA   9/9          9/9          33/33        0/82         82/126       26/30      
TC2      56/60        60/60        178/248      607/607      607/724      24/28      
UAD      21/22        0/32         37/50        149/149      149/211      24/28      
결과: /home/user/AI-P-ID-Extraction-tool/out/regression_3p.json

★ 기준선을 벗어났습니다
   TC2 fingerprint: 기준선 e909cf7c728420c2dff6e37a2ca674d201e60b01d9a0117a45a69b4d5a80242b → 지금 c0a2d29d049b2b9518a4e7e022db0b825f8f5409cca5a63aeb79429aba4f9f54
   TC2 score: 기준선 89.2 → 지금 89.1
   UAD — 기준선이 없습니다 (--write-baseline 으로 세우세요)
