## pid_total.pdf — 승수표 LEGEND {'00': 1, '10': 2, '11': 4, '12': 4, '20': 2, '21': 4, '22': 4}
  p6   유닛 2개 ['10', '20']                                 범례 1(코드 00)
  p7   유닛 2개 ['10', '20']                                 범례 1(코드 00)
  p8   유닛 2개 ['10', '20']                                 범례 1(코드 00)
  p9   유닛 2개 ['10', '20']                                 범례 1(코드 00)
  p10  유닛 2개 ['10', '20']                                 범례 1(코드 00)
  p11  유닛 2개 ['10', '20']                                 범례 1(코드 00)
  p12  유닛 2개 ['10', '20']                                 범례 1(코드 00)
  p13  유닛 4개 ['11', '12', '21', '22']                     범례 1(코드 00)
  p14  유닛 2개 ['10', '20']                                 범례 1(코드 00)
  p15  유닛 4개 ['11', '12', '21', '22']                     범례 1(코드 00)
  p16  유닛 2개 ['10', '20']                                 범례 1(코드 00)
  p17  유닛 2개 ['10', '20']                                 범례 1(코드 00)
  p18  유닛 2개 ['10', '20']                                 범례 2(코드 10)
  p19  유닛 2개 ['10', '20']                                 범례 2(코드 10)
  p20  유닛 4개 ['11', '12', '21', '22']                     범례 1(코드 00)
  p21  유닛 4개 ['11', '12', '21', '22']                     범례 1(코드 00)
  p30  유닛 2개 ['10', '20']                                 범례 1(코드 00)
  p31  유닛 2개 ['10', '20']                                 범례 1(코드 00)
  p35  유닛 2개 ['10', '20']                                 범례 1(코드 00)
  p36  유닛 2개 ['10', '20']                                 범례 2(코드 10)
  p37  유닛 2개 ['10', '20']                                 범례 2(코드 10)
  p38  유닛 2개 ['10', '20']                                 범례 2(코드 10)
  p39  유닛 2개 ['10', '20']                                 범례 2(코드 10)
  p40  유닛 2개 ['10', '20']                                 범례 1(코드 00)
  p41  유닛 2개 ['10', '20']                                 범례 1(코드 00)
  p58  유닛 4개 ['11', '12', '21', '22']                     범례 1(코드 00)
노트가 있는 장 26 · 개수 분포 {2: 21, 4: 5}
(노트 개수, 범례 승수) → 장수: {(2, 1): 15, (4, 1): 5, (2, 2): 6}
