## TC2_260821.pdf — 승수표 CONFIG_FALLBACK {'00': 1, '10': 2, '11': 4}
  p6   유닛 8개 ['3-1', '3-2', '4-1', '4-2', '5-1', '5-2', '6-1', '6-2'] 범례 None(코드 31)
  p7   유닛 8개 ['3-1', '3-2', '4-1', '4-2', '5-1', '5-2', '6-1', '6-2'] 범례 None(코드 31)
  p8   유닛 8개 ['3-1', '3-2', '4-1', '4-2', '5-1', '5-2', '6-1', '6-2'] 범례 None(코드 31)
  p9   유닛 8개 ['3-1', '3-2', '4-1', '4-2', '5-1', '5-2', '6-1', '6-2'] 범례 2(코드 10)
  p10  유닛 8개 ['3-1', '3-2', '4-1', '4-2', '5-1', '5-2', '6-1', '6-2'] 범례 2(코드 10)
  p11  유닛 8개 ['3-2', '4-1', '4-2', '5-1', '5-2', '6-1', '6-2', '3-1'] 범례 None(코드 31)
  p12  유닛 8개 ['3-1', '3-2', '4-1', '4-2', '5-1', '5-2', '6-1', '6-2'] 범례 4(코드 11)
  p13  유닛 8개 ['3-1', '3-2', '4-1', '4-2', '5-1', '5-2', '6-1', '6-2'] 범례 None(코드 31)
  p14  유닛 8개 ['3-1', '3-2', '4-1', '4-2', '5-1', '5-2', '6-1', '6-2'] 범례 None(코드 31)
  p15  유닛 8개 ['3-1', '3-2', '4-1', '4-2', '5-1', '5-2', '6-1', '6-2'] 범례 2(코드 10)
  p16  유닛 8개 ['3-1', '3-2', '4-1', '4-2', '5-1', '5-2', '6-1', '6-2'] 범례 2(코드 10)
  p17  유닛 8개 ['3-1', '3-2', '4-1', '4-2', '5-1', '5-2', '6-1', '6-2'] 범례 2(코드 10)
  p18  유닛 8개 ['3-1', '3-2', '4-1', '4-2', '5-1', '5-2', '6-1', '6-2'] 범례 None(코드 31)
  p19  유닛 8개 ['3-1', '3-2', '4-1', '4-2', '5-1', '5-2', '6-1', '6-2'] 범례 None(코드 31)
  p20  유닛 8개 ['3-1', '3-2', '4-1', '4-2', '5-1', '5-2', '6-1', '6-2'] 범례 None(코드 31)
  p21  유닛 8개 ['3-1', '3-2', '4-1', '4-2', '5-1', '5-2', '6-1', '6-2'] 범례 2(코드 10)
  p22  유닛 8개 ['3-1', '3-2', '4-1', '4-2', '5-1', '5-2', '6-1', '6-2'] 범례 None(코드 31)
  p25  유닛 8개 ['3-1', '3-2', '4-1', '4-2', '5-1', '5-2', '6-1', '6-2'] 범례 2(코드 10)
  p26  유닛 8개 ['3-1', '3-2', '4-1', '4-2', '5-1', '5-2', '6-1', '6-2'] 범례 None(코드 31)
  p27  유닛 8개 ['3-1', '3-2', '4-1', '4-2', '5-1', '5-2', '6-1', '6-2'] 범례 None(코드 31)
  p28  유닛 8개 ['3-1', '3-2', '4-1', '4-2', '5-1', '5-2', '6-1', '6-2'] 범례 1(코드 00)
  p30  유닛 4개 ['3', '4', '5', '6']                         범례 1(코드 00)
  p32  유닛 8개 ['3-1', '3-2', '4-1', '4-2', '5-1', '5-2', '6-1', '6-2'] 범례 1(코드 00)
  p35  유닛 2개 ['3-1', '3-2']                               범례 1(코드 00)
  p38  유닛 6개 ['4-1', '4-2', '5-1', '5-2', '6-1', '6-2']   범례 1(코드 00)
  p39  유닛 6개 ['4-1', '4-2', '5-1', '5-2', '6-1', '6-2']   범례 1(코드 00)
  p48  유닛 8개 ['3-1', '3-2', '4-1', '4-2', '5-1', '5-2', '6-1', '6-2'] 범례 None(코드 31)
  p49  유닛 8개 ['3-1', '3-2', '4-1', '4-2', '5-1', '5-2', '6-1', '6-2'] 범례 None(코드 31)
  p50  유닛 8개 ['3-1', '3-2', '4-1', '4-2', '5-1', '5-2', '6-1', '6-2'] 범례 None(코드 31)
  p59  유닛 8개 ['3-1', '3-2', '4-1', '4-2', '5-1', '5-2', '6-1', '6-2'] 범례 None(코드 31)
  p60  유닛 8개 ['3-1', '3-2', '4-1', '4-2', '5-1', '5-2', '6-1', '6-2'] 범례 None(코드 31)
노트가 있는 장 31 · 개수 분포 {8: 27, 4: 1, 2: 1, 6: 2}
(노트 개수, 범례 승수) → 장수: {(8, None): 17, (8, 2): 7, (8, 4): 1, (8, 1): 2, (4, 1): 1, (2, 1): 1, (6, 1): 2}
