· AL NOUF1 분석 …
   행 1037 · 지문 fb85b039 · 축3 95.0점
· SADARA 분석 …
   행 82 · 지문 0767ba79 · 축3 75.3점
· TC2 분석 …
   행 607 · 지문 aad59001 · 축3 88.8점

프로젝트          행         지문     Q'ty       초     RSS      축3
AL NOUF1   1037   fb85b039     1931     829    4.9G   95.0
SADARA       82   0767ba79        0      86    0.9G   75.3
TC2         607   aad59001     2489     642    7.2G   88.8

축3 내역 (지표별 맞춘 수 / 분모)
         도면번호         개정           태그→행         수량           심볼판정         파라미터       
AL NOUF1 58/58        58/58        247/272      1037/1037    1037/1206    28/30      
SADARA   9/9          9/9          33/33        0/82         82/126       26/30      
TC2      56/60        60/60        178/248      593/607      607/721      24/28      
결과: /home/user/AI-P-ID-Extraction-tool/out/regression_3p.json

★ 기준선을 벗어났습니다
   TC2 fingerprint: 기준선 536d3baacc67ef4a20a0d41743e0e93e54a5d9161f6942e7f259bd040fc6aa02 → 지금 aad59001c8b2d6d7d72f4fe3481aa49bb6fc8137df54627f559ce5d0047d2fe3
   TC2 qty_sum: 기준선 345 → 지금 2489
   TC2 score: 기준선 82.0 → 지금 88.8
