FEEEEEEEEEEE...........F                                                 [100%]
==================================== ERRORS ====================================
___________ ERROR at setup of test_step1_edits_are_saved_server_side ___________

page = <Page url='http://127.0.0.1:49807/#fa4ea08c7995'>
field_rows = {'delivered': [{'key': '5de1e21c2713127a', 'tab': 'FIELD', 'page_no': 20, 'drawing_no': 'D00P-11LAB00-M05-0001', ...},...01', ...}, {'key': '6688e56fcb86a134', 'tab': 'FIELD', 'page_no': 6, 'drawing_no': 'D00P-10LBA10-M05-0001', ...}, ...]}

    @pytest.fixture(scope="module")
    def edited(page, field_rows):
        """Step 1 - edit five rows, one column each, and read back what stuck."""
        # Field rows only.  The five columns exercised here all exist in the
        # instrument form; the valve form has no Vendor column at all, so editing a
        # MOV row's Vendor would test the client's template rather than this app.
        # Such an edit is stored and reported in the export MANIFEST as
        # `unmapped_values` - see test_step6_reports_unmappable_edits.
        page.evaluate(
            "() => [...document.querySelectorAll('#tabs button')]"
            ".find(b => b.textContent.startsWith('Field')).click()")
        page.wait_for_timeout(500)
        # Rows that are struck out are deliberately not editable, and this suite
        # strikes one out in step 5 - so on a database it has already run against,
        # taking "the first five rows" can pick one of its own casualties and the
        # failure looks like an editing bug.  Take five live ones.
        #
        # **SCOPE=SCT 인 행만 고른다** (14회차).  step6 두 시험이 "고친 값이 발주처
        # 양식 칸에 있는가" 를 보는데, 양식은 SCT 만 담으므로 벤더 행을 집으면 그
        # 시험이 제품의 정상 동작을 실패로 읽는다.  나가지 않는 쪽은 아래
        # `test_step6_edit_on_a_vendor_row_*` 가 따로 시험한다.
        want = {r["key"] for r in field_rows["delivered"]}
        keys = page.evaluate(
            "want => [...document.querySelectorAll('#body tr')]"
            ".filter(tr => !tr.classList.contains('deleted')"
            "           && !tr.classList.contains('added')"
            "           && want.includes(tr.dataset.key))"
            ".slice(0, 5).map(tr => tr.dataset.key)", sorted(want))
>       assert len(keys) == 5, "need five live SCT Field rows to edit"
E       AssertionError: need five live SCT Field rows to edit
E       assert 2 == 5
E        +  where 2 = len(['5de1e21c2713127a', '99ca06fe84a7348f'])

tests/test_ui_edits.py:312: AssertionError
____________ ERROR at setup of test_step2_survives_page_navigation _____________

page = <Page url='http://127.0.0.1:49807/#fa4ea08c7995'>
field_rows = {'delivered': [{'key': '5de1e21c2713127a', 'tab': 'FIELD', 'page_no': 20, 'drawing_no': 'D00P-11LAB00-M05-0001', ...},...01', ...}, {'key': '6688e56fcb86a134', 'tab': 'FIELD', 'page_no': 6, 'drawing_no': 'D00P-10LBA10-M05-0001', ...}, ...]}

    @pytest.fixture(scope="module")
    def edited(page, field_rows):
        """Step 1 - edit five rows, one column each, and read back what stuck."""
        # Field rows only.  The five columns exercised here all exist in the
        # instrument form; the valve form has no Vendor column at all, so editing a
        # MOV row's Vendor would test the client's template rather than this app.
        # Such an edit is stored and reported in the export MANIFEST as
        # `unmapped_values` - see test_step6_reports_unmappable_edits.
        page.evaluate(
            "() => [...document.querySelectorAll('#tabs button')]"
            ".find(b => b.textContent.startsWith('Field')).click()")
        page.wait_for_timeout(500)
        # Rows that are struck out are deliberately not editable, and this suite
        # strikes one out in step 5 - so on a database it has already run against,
        # taking "the first five rows" can pick one of its own casualties and the
        # failure looks like an editing bug.  Take five live ones.
        #
        # **SCOPE=SCT 인 행만 고른다** (14회차).  step6 두 시험이 "고친 값이 발주처
        # 양식 칸에 있는가" 를 보는데, 양식은 SCT 만 담으므로 벤더 행을 집으면 그
        # 시험이 제품의 정상 동작을 실패로 읽는다.  나가지 않는 쪽은 아래
        # `test_step6_edit_on_a_vendor_row_*` 가 따로 시험한다.
        want = {r["key"] for r in field_rows["delivered"]}
        keys = page.evaluate(
            "want => [...document.querySelectorAll('#body tr')]"
            ".filter(tr => !tr.classList.contains('deleted')"
            "           && !tr.classList.contains('added')"
            "           && want.includes(tr.dataset.key))"
            ".slice(0, 5).map(tr => tr.dataset.key)", sorted(want))
>       assert len(keys) == 5, "need five live SCT Field rows to edit"
E       AssertionError: need five live SCT Field rows to edit
E       assert 2 == 5
E        +  where 2 = len(['5de1e21c2713127a', '99ca06fe84a7348f'])

tests/test_ui_edits.py:312: AssertionError
_____________ ERROR at setup of test_step3_survives_origin_filter ______________

page = <Page url='http://127.0.0.1:49807/#fa4ea08c7995'>
field_rows = {'delivered': [{'key': '5de1e21c2713127a', 'tab': 'FIELD', 'page_no': 20, 'drawing_no': 'D00P-11LAB00-M05-0001', ...},...01', ...}, {'key': '6688e56fcb86a134', 'tab': 'FIELD', 'page_no': 6, 'drawing_no': 'D00P-10LBA10-M05-0001', ...}, ...]}

    @pytest.fixture(scope="module")
    def edited(page, field_rows):
        """Step 1 - edit five rows, one column each, and read back what stuck."""
        # Field rows only.  The five columns exercised here all exist in the
        # instrument form; the valve form has no Vendor column at all, so editing a
        # MOV row's Vendor would test the client's template rather than this app.
        # Such an edit is stored and reported in the export MANIFEST as
        # `unmapped_values` - see test_step6_reports_unmappable_edits.
        page.evaluate(
            "() => [...document.querySelectorAll('#tabs button')]"
            ".find(b => b.textContent.startsWith('Field')).click()")
        page.wait_for_timeout(500)
        # Rows that are struck out are deliberately not editable, and this suite
        # strikes one out in step 5 - so on a database it has already run against,
        # taking "the first five rows" can pick one of its own casualties and the
        # failure looks like an editing bug.  Take five live ones.
        #
        # **SCOPE=SCT 인 행만 고른다** (14회차).  step6 두 시험이 "고친 값이 발주처
        # 양식 칸에 있는가" 를 보는데, 양식은 SCT 만 담으므로 벤더 행을 집으면 그
        # 시험이 제품의 정상 동작을 실패로 읽는다.  나가지 않는 쪽은 아래
        # `test_step6_edit_on_a_vendor_row_*` 가 따로 시험한다.
        want = {r["key"] for r in field_rows["delivered"]}
        keys = page.evaluate(
            "want => [...document.querySelectorAll('#body tr')]"
            ".filter(tr => !tr.classList.contains('deleted')"
            "           && !tr.classList.contains('added')"
            "           && want.includes(tr.dataset.key))"
            ".slice(0, 5).map(tr => tr.dataset.key)", sorted(want))
>       assert len(keys) == 5, "need five live SCT Field rows to edit"
E       AssertionError: need five live SCT Field rows to edit
E       assert 2 == 5
E        +  where 2 = len(['5de1e21c2713127a', '99ca06fe84a7348f'])

tests/test_ui_edits.py:312: AssertionError
_____________ ERROR at setup of test_step4_survives_tab_switching ______________

page = <Page url='http://127.0.0.1:49807/#fa4ea08c7995'>
field_rows = {'delivered': [{'key': '5de1e21c2713127a', 'tab': 'FIELD', 'page_no': 20, 'drawing_no': 'D00P-11LAB00-M05-0001', ...},...01', ...}, {'key': '6688e56fcb86a134', 'tab': 'FIELD', 'page_no': 6, 'drawing_no': 'D00P-10LBA10-M05-0001', ...}, ...]}

    @pytest.fixture(scope="module")
    def edited(page, field_rows):
        """Step 1 - edit five rows, one column each, and read back what stuck."""
        # Field rows only.  The five columns exercised here all exist in the
        # instrument form; the valve form has no Vendor column at all, so editing a
        # MOV row's Vendor would test the client's template rather than this app.
        # Such an edit is stored and reported in the export MANIFEST as
        # `unmapped_values` - see test_step6_reports_unmappable_edits.
        page.evaluate(
            "() => [...document.querySelectorAll('#tabs button')]"
            ".find(b => b.textContent.startsWith('Field')).click()")
        page.wait_for_timeout(500)
        # Rows that are struck out are deliberately not editable, and this suite
        # strikes one out in step 5 - so on a database it has already run against,
        # taking "the first five rows" can pick one of its own casualties and the
        # failure looks like an editing bug.  Take five live ones.
        #
        # **SCOPE=SCT 인 행만 고른다** (14회차).  step6 두 시험이 "고친 값이 발주처
        # 양식 칸에 있는가" 를 보는데, 양식은 SCT 만 담으므로 벤더 행을 집으면 그
        # 시험이 제품의 정상 동작을 실패로 읽는다.  나가지 않는 쪽은 아래
        # `test_step6_edit_on_a_vendor_row_*` 가 따로 시험한다.
        want = {r["key"] for r in field_rows["delivered"]}
        keys = page.evaluate(
            "want => [...document.querySelectorAll('#body tr')]"
            ".filter(tr => !tr.classList.contains('deleted')"
            "           && !tr.classList.contains('added')"
            "           && want.includes(tr.dataset.key))"
            ".slice(0, 5).map(tr => tr.dataset.key)", sorted(want))
>       assert len(keys) == 5, "need five live SCT Field rows to edit"
E       AssertionError: need five live SCT Field rows to edit
E       assert 2 == 5
E        +  where 2 = len(['5de1e21c2713127a', '99ca06fe84a7348f'])

tests/test_ui_edits.py:312: AssertionError
__________ ERROR at setup of test_step5_survives_row_add_copy_delete ___________

page = <Page url='http://127.0.0.1:49807/#fa4ea08c7995'>
field_rows = {'delivered': [{'key': '5de1e21c2713127a', 'tab': 'FIELD', 'page_no': 20, 'drawing_no': 'D00P-11LAB00-M05-0001', ...},...01', ...}, {'key': '6688e56fcb86a134', 'tab': 'FIELD', 'page_no': 6, 'drawing_no': 'D00P-10LBA10-M05-0001', ...}, ...]}

    @pytest.fixture(scope="module")
    def edited(page, field_rows):
        """Step 1 - edit five rows, one column each, and read back what stuck."""
        # Field rows only.  The five columns exercised here all exist in the
        # instrument form; the valve form has no Vendor column at all, so editing a
        # MOV row's Vendor would test the client's template rather than this app.
        # Such an edit is stored and reported in the export MANIFEST as
        # `unmapped_values` - see test_step6_reports_unmappable_edits.
        page.evaluate(
            "() => [...document.querySelectorAll('#tabs button')]"
            ".find(b => b.textContent.startsWith('Field')).click()")
        page.wait_for_timeout(500)
        # Rows that are struck out are deliberately not editable, and this suite
        # strikes one out in step 5 - so on a database it has already run against,
        # taking "the first five rows" can pick one of its own casualties and the
        # failure looks like an editing bug.  Take five live ones.
        #
        # **SCOPE=SCT 인 행만 고른다** (14회차).  step6 두 시험이 "고친 값이 발주처
        # 양식 칸에 있는가" 를 보는데, 양식은 SCT 만 담으므로 벤더 행을 집으면 그
        # 시험이 제품의 정상 동작을 실패로 읽는다.  나가지 않는 쪽은 아래
        # `test_step6_edit_on_a_vendor_row_*` 가 따로 시험한다.
        want = {r["key"] for r in field_rows["delivered"]}
        keys = page.evaluate(
            "want => [...document.querySelectorAll('#body tr')]"
            ".filter(tr => !tr.classList.contains('deleted')"
            "           && !tr.classList.contains('added')"
            "           && want.includes(tr.dataset.key))"
            ".slice(0, 5).map(tr => tr.dataset.key)", sorted(want))
>       assert len(keys) == 5, "need five live SCT Field rows to edit"
E       AssertionError: need five live SCT Field rows to edit
E       assert 2 == 5
E        +  where 2 = len(['5de1e21c2713127a', '99ca06fe84a7348f'])

tests/test_ui_edits.py:312: AssertionError
______________ ERROR at setup of test_step6_edits_reach_the_excel ______________

page = <Page url='http://127.0.0.1:49807/#fa4ea08c7995'>
field_rows = {'delivered': [{'key': '5de1e21c2713127a', 'tab': 'FIELD', 'page_no': 20, 'drawing_no': 'D00P-11LAB00-M05-0001', ...},...01', ...}, {'key': '6688e56fcb86a134', 'tab': 'FIELD', 'page_no': 6, 'drawing_no': 'D00P-10LBA10-M05-0001', ...}, ...]}

    @pytest.fixture(scope="module")
    def edited(page, field_rows):
        """Step 1 - edit five rows, one column each, and read back what stuck."""
        # Field rows only.  The five columns exercised here all exist in the
        # instrument form; the valve form has no Vendor column at all, so editing a
        # MOV row's Vendor would test the client's template rather than this app.
        # Such an edit is stored and reported in the export MANIFEST as
        # `unmapped_values` - see test_step6_reports_unmappable_edits.
        page.evaluate(
            "() => [...document.querySelectorAll('#tabs button')]"
            ".find(b => b.textContent.startsWith('Field')).click()")
        page.wait_for_timeout(500)
        # Rows that are struck out are deliberately not editable, and this suite
        # strikes one out in step 5 - so on a database it has already run against,
        # taking "the first five rows" can pick one of its own casualties and the
        # failure looks like an editing bug.  Take five live ones.
        #
        # **SCOPE=SCT 인 행만 고른다** (14회차).  step6 두 시험이 "고친 값이 발주처
        # 양식 칸에 있는가" 를 보는데, 양식은 SCT 만 담으므로 벤더 행을 집으면 그
        # 시험이 제품의 정상 동작을 실패로 읽는다.  나가지 않는 쪽은 아래
        # `test_step6_edit_on_a_vendor_row_*` 가 따로 시험한다.
        want = {r["key"] for r in field_rows["delivered"]}
        keys = page.evaluate(
            "want => [...document.querySelectorAll('#body tr')]"
            ".filter(tr => !tr.classList.contains('deleted')"
            "           && !tr.classList.contains('added')"
            "           && want.includes(tr.dataset.key))"
            ".slice(0, 5).map(tr => tr.dataset.key)", sorted(want))
>       assert len(keys) == 5, "need five live SCT Field rows to edit"
E       AssertionError: need five live SCT Field rows to edit
E       assert 2 == 5
E        +  where 2 = len(['5de1e21c2713127a', '99ca06fe84a7348f'])

tests/test_ui_edits.py:312: AssertionError
____________ ERROR at setup of test_step6_reports_unmappable_edits _____________

page = <Page url='http://127.0.0.1:49807/#fa4ea08c7995'>
field_rows = {'delivered': [{'key': '5de1e21c2713127a', 'tab': 'FIELD', 'page_no': 20, 'drawing_no': 'D00P-11LAB00-M05-0001', ...},...01', ...}, {'key': '6688e56fcb86a134', 'tab': 'FIELD', 'page_no': 6, 'drawing_no': 'D00P-10LBA10-M05-0001', ...}, ...]}

    @pytest.fixture(scope="module")
    def edited(page, field_rows):
        """Step 1 - edit five rows, one column each, and read back what stuck."""
        # Field rows only.  The five columns exercised here all exist in the
        # instrument form; the valve form has no Vendor column at all, so editing a
        # MOV row's Vendor would test the client's template rather than this app.
        # Such an edit is stored and reported in the export MANIFEST as
        # `unmapped_values` - see test_step6_reports_unmappable_edits.
        page.evaluate(
            "() => [...document.querySelectorAll('#tabs button')]"
            ".find(b => b.textContent.startsWith('Field')).click()")
        page.wait_for_timeout(500)
        # Rows that are struck out are deliberately not editable, and this suite
        # strikes one out in step 5 - so on a database it has already run against,
        # taking "the first five rows" can pick one of its own casualties and the
        # failure looks like an editing bug.  Take five live ones.
        #
        # **SCOPE=SCT 인 행만 고른다** (14회차).  step6 두 시험이 "고친 값이 발주처
        # 양식 칸에 있는가" 를 보는데, 양식은 SCT 만 담으므로 벤더 행을 집으면 그
        # 시험이 제품의 정상 동작을 실패로 읽는다.  나가지 않는 쪽은 아래
        # `test_step6_edit_on_a_vendor_row_*` 가 따로 시험한다.
        want = {r["key"] for r in field_rows["delivered"]}
        keys = page.evaluate(
            "want => [...document.querySelectorAll('#body tr')]"
            ".filter(tr => !tr.classList.contains('deleted')"
            "           && !tr.classList.contains('added')"
            "           && want.includes(tr.dataset.key))"
            ".slice(0, 5).map(tr => tr.dataset.key)", sorted(want))
>       assert len(keys) == 5, "need five live SCT Field rows to edit"
E       AssertionError: need five live SCT Field rows to edit
E       assert 2 == 5
E        +  where 2 = len(['5de1e21c2713127a', '99ca06fe84a7348f'])

tests/test_ui_edits.py:312: AssertionError
__ ERROR at setup of test_step6_scope_edit_is_counted_and_follows_the_setting __

page = <Page url='http://127.0.0.1:49807/#fa4ea08c7995'>
field_rows = {'delivered': [{'key': '5de1e21c2713127a', 'tab': 'FIELD', 'page_no': 20, 'drawing_no': 'D00P-11LAB00-M05-0001', ...},...01', ...}, {'key': '6688e56fcb86a134', 'tab': 'FIELD', 'page_no': 6, 'drawing_no': 'D00P-10LBA10-M05-0001', ...}, ...]}

    @pytest.fixture(scope="module")
    def edited(page, field_rows):
        """Step 1 - edit five rows, one column each, and read back what stuck."""
        # Field rows only.  The five columns exercised here all exist in the
        # instrument form; the valve form has no Vendor column at all, so editing a
        # MOV row's Vendor would test the client's template rather than this app.
        # Such an edit is stored and reported in the export MANIFEST as
        # `unmapped_values` - see test_step6_reports_unmappable_edits.
        page.evaluate(
            "() => [...document.querySelectorAll('#tabs button')]"
            ".find(b => b.textContent.startsWith('Field')).click()")
        page.wait_for_timeout(500)
        # Rows that are struck out are deliberately not editable, and this suite
        # strikes one out in step 5 - so on a database it has already run against,
        # taking "the first five rows" can pick one of its own casualties and the
        # failure looks like an editing bug.  Take five live ones.
        #
        # **SCOPE=SCT 인 행만 고른다** (14회차).  step6 두 시험이 "고친 값이 발주처
        # 양식 칸에 있는가" 를 보는데, 양식은 SCT 만 담으므로 벤더 행을 집으면 그
        # 시험이 제품의 정상 동작을 실패로 읽는다.  나가지 않는 쪽은 아래
        # `test_step6_edit_on_a_vendor_row_*` 가 따로 시험한다.
        want = {r["key"] for r in field_rows["delivered"]}
        keys = page.evaluate(
            "want => [...document.querySelectorAll('#body tr')]"
            ".filter(tr => !tr.classList.contains('deleted')"
            "           && !tr.classList.contains('added')"
            "           && want.includes(tr.dataset.key))"
            ".slice(0, 5).map(tr => tr.dataset.key)", sorted(want))
>       assert len(keys) == 5, "need five live SCT Field rows to edit"
E       AssertionError: need five live SCT Field rows to edit
E       assert 2 == 5
E        +  where 2 = len(['5de1e21c2713127a', '99ca06fe84a7348f'])

tests/test_ui_edits.py:312: AssertionError
_ ERROR at setup of test_step6_edit_on_a_vendor_row_follows_the_form_scope_setting _

page = <Page url='http://127.0.0.1:49807/#fa4ea08c7995'>
field_rows = {'delivered': [{'key': '5de1e21c2713127a', 'tab': 'FIELD', 'page_no': 20, 'drawing_no': 'D00P-11LAB00-M05-0001', ...},...01', ...}, {'key': '6688e56fcb86a134', 'tab': 'FIELD', 'page_no': 6, 'drawing_no': 'D00P-10LBA10-M05-0001', ...}, ...]}

    @pytest.fixture(scope="module")
    def edited(page, field_rows):
        """Step 1 - edit five rows, one column each, and read back what stuck."""
        # Field rows only.  The five columns exercised here all exist in the
        # instrument form; the valve form has no Vendor column at all, so editing a
        # MOV row's Vendor would test the client's template rather than this app.
        # Such an edit is stored and reported in the export MANIFEST as
        # `unmapped_values` - see test_step6_reports_unmappable_edits.
        page.evaluate(
            "() => [...document.querySelectorAll('#tabs button')]"
            ".find(b => b.textContent.startsWith('Field')).click()")
        page.wait_for_timeout(500)
        # Rows that are struck out are deliberately not editable, and this suite
        # strikes one out in step 5 - so on a database it has already run against,
        # taking "the first five rows" can pick one of its own casualties and the
        # failure looks like an editing bug.  Take five live ones.
        #
        # **SCOPE=SCT 인 행만 고른다** (14회차).  step6 두 시험이 "고친 값이 발주처
        # 양식 칸에 있는가" 를 보는데, 양식은 SCT 만 담으므로 벤더 행을 집으면 그
        # 시험이 제품의 정상 동작을 실패로 읽는다.  나가지 않는 쪽은 아래
        # `test_step6_edit_on_a_vendor_row_*` 가 따로 시험한다.
        want = {r["key"] for r in field_rows["delivered"]}
        keys = page.evaluate(
            "want => [...document.querySelectorAll('#body tr')]"
            ".filter(tr => !tr.classList.contains('deleted')"
            "           && !tr.classList.contains('added')"
            "           && want.includes(tr.dataset.key))"
            ".slice(0, 5).map(tr => tr.dataset.key)", sorted(want))
>       assert len(keys) == 5, "need five live SCT Field rows to edit"
E       AssertionError: need five live SCT Field rows to edit
E       assert 2 == 5
E        +  where 2 = len(['5de1e21c2713127a', '99ca06fe84a7348f'])

tests/test_ui_edits.py:312: AssertionError
___ ERROR at setup of test_step6_a_row_with_no_scope_is_written_not_dropped ____

page = <Page url='http://127.0.0.1:49807/#fa4ea08c7995'>
field_rows = {'delivered': [{'key': '5de1e21c2713127a', 'tab': 'FIELD', 'page_no': 20, 'drawing_no': 'D00P-11LAB00-M05-0001', ...},...01', ...}, {'key': '6688e56fcb86a134', 'tab': 'FIELD', 'page_no': 6, 'drawing_no': 'D00P-10LBA10-M05-0001', ...}, ...]}

    @pytest.fixture(scope="module")
    def edited(page, field_rows):
        """Step 1 - edit five rows, one column each, and read back what stuck."""
        # Field rows only.  The five columns exercised here all exist in the
        # instrument form; the valve form has no Vendor column at all, so editing a
        # MOV row's Vendor would test the client's template rather than this app.
        # Such an edit is stored and reported in the export MANIFEST as
        # `unmapped_values` - see test_step6_reports_unmappable_edits.
        page.evaluate(
            "() => [...document.querySelectorAll('#tabs button')]"
            ".find(b => b.textContent.startsWith('Field')).click()")
        page.wait_for_timeout(500)
        # Rows that are struck out are deliberately not editable, and this suite
        # strikes one out in step 5 - so on a database it has already run against,
        # taking "the first five rows" can pick one of its own casualties and the
        # failure looks like an editing bug.  Take five live ones.
        #
        # **SCOPE=SCT 인 행만 고른다** (14회차).  step6 두 시험이 "고친 값이 발주처
        # 양식 칸에 있는가" 를 보는데, 양식은 SCT 만 담으므로 벤더 행을 집으면 그
        # 시험이 제품의 정상 동작을 실패로 읽는다.  나가지 않는 쪽은 아래
        # `test_step6_edit_on_a_vendor_row_*` 가 따로 시험한다.
        want = {r["key"] for r in field_rows["delivered"]}
        keys = page.evaluate(
            "want => [...document.querySelectorAll('#body tr')]"
            ".filter(tr => !tr.classList.contains('deleted')"
            "           && !tr.classList.contains('added')"
            "           && want.includes(tr.dataset.key))"
            ".slice(0, 5).map(tr => tr.dataset.key)", sorted(want))
>       assert len(keys) == 5, "need five live SCT Field rows to edit"
E       AssertionError: need five live SCT Field rows to edit
E       assert 2 == 5
E        +  where 2 = len(['5de1e21c2713127a', '99ca06fe84a7348f'])

tests/test_ui_edits.py:312: AssertionError
_____ ERROR at setup of test_step7_reanalysis_keeps_edits_and_refreshes_ai _____

page = <Page url='http://127.0.0.1:49807/#fa4ea08c7995'>
field_rows = {'delivered': [{'key': '5de1e21c2713127a', 'tab': 'FIELD', 'page_no': 20, 'drawing_no': 'D00P-11LAB00-M05-0001', ...},...01', ...}, {'key': '6688e56fcb86a134', 'tab': 'FIELD', 'page_no': 6, 'drawing_no': 'D00P-10LBA10-M05-0001', ...}, ...]}

    @pytest.fixture(scope="module")
    def edited(page, field_rows):
        """Step 1 - edit five rows, one column each, and read back what stuck."""
        # Field rows only.  The five columns exercised here all exist in the
        # instrument form; the valve form has no Vendor column at all, so editing a
        # MOV row's Vendor would test the client's template rather than this app.
        # Such an edit is stored and reported in the export MANIFEST as
        # `unmapped_values` - see test_step6_reports_unmappable_edits.
        page.evaluate(
            "() => [...document.querySelectorAll('#tabs button')]"
            ".find(b => b.textContent.startsWith('Field')).click()")
        page.wait_for_timeout(500)
        # Rows that are struck out are deliberately not editable, and this suite
        # strikes one out in step 5 - so on a database it has already run against,
        # taking "the first five rows" can pick one of its own casualties and the
        # failure looks like an editing bug.  Take five live ones.
        #
        # **SCOPE=SCT 인 행만 고른다** (14회차).  step6 두 시험이 "고친 값이 발주처
        # 양식 칸에 있는가" 를 보는데, 양식은 SCT 만 담으므로 벤더 행을 집으면 그
        # 시험이 제품의 정상 동작을 실패로 읽는다.  나가지 않는 쪽은 아래
        # `test_step6_edit_on_a_vendor_row_*` 가 따로 시험한다.
        want = {r["key"] for r in field_rows["delivered"]}
        keys = page.evaluate(
            "want => [...document.querySelectorAll('#body tr')]"
            ".filter(tr => !tr.classList.contains('deleted')"
            "           && !tr.classList.contains('added')"
            "           && want.includes(tr.dataset.key))"
            ".slice(0, 5).map(tr => tr.dataset.key)", sorted(want))
>       assert len(keys) == 5, "need five live SCT Field rows to edit"
E       AssertionError: need five live SCT Field rows to edit
E       assert 2 == 5
E        +  where 2 = len(['5de1e21c2713127a', '99ca06fe84a7348f'])

tests/test_ui_edits.py:312: AssertionError
=================================== FAILURES ===================================
______________ test_step0_the_suite_runs_against_scope_aware_data ______________

field_rows = {'delivered': [{'key': '5de1e21c2713127a', 'tab': 'FIELD', 'page_no': 20, 'drawing_no': 'D00P-11LAB00-M05-0001', ...},...01', ...}, {'key': '6688e56fcb86a134', 'tab': 'FIELD', 'page_no': 6, 'drawing_no': 'D00P-10LBA10-M05-0001', ...}, ...]}

    def test_step0_the_suite_runs_against_scope_aware_data(field_rows):
        """★ 이 스위트가 **어떤 데이터에서 도는지** 시험이 먼저 말한다 (14회차).
    
        11·12·13 회차의 `UI 21` 은 전부 10회차 이전 DB 에서 나온 값이었다 - 그
        DB 는 SCOPE 가 전부 빈칸이라 `legacy` 로 분류되고, 그러면 SCT 필터가
        실질적으로 아무 행도 거르지 않는다.  필터를 시험한다고 적어 둔 시험이
        필터가 꺼진 것과 같은 데이터에서만 돌고 있었던 것이고, 파일 동일성으로는
        잡히지 않는 종류였다.
    
        그래서 전제를 코드로 못박는다: **양식에 나가는 행과 안 나가는 행이 둘 다
        있어야** 아래 시험들이 무엇인가를 시험한 것이 된다.  건너뛰지 않고
        실패시키는 이유는, 건너뛰기가 바로 그 침묵을 세 회차 동안 만들었기
        때문이다.
        """
        assert field_rows["delivered"], (
            "이 DB 에는 SCOPE=SCT 인 FIELD 행이 없다 - 필터가 무엇을 통과시키는지 "
            "시험할 수 없다")
>       assert field_rows["vendor"], (
            "이 DB 에는 SCOPE 가 SCT 가 아닌 FIELD 행이 없다 - 10회차 이전 분석"
            "(SCOPE 전부 빈칸)으로 보인다.  다시 분석한 결과에서 돌려야 이 스위트가 "
            "발주처 양식 필터를 실제로 시험한다")
E       AssertionError: 이 DB 에는 SCOPE 가 SCT 가 아닌 FIELD 행이 없다 - 10회차 이전 분석(SCOPE 전부 빈칸)으로 보인다.  다시 분석한 결과에서 돌려야 이 스위트가 발주처 양식 필터를 실제로 시험한다
E       assert []

tests/test_ui_edits.py:278: AssertionError
_______________ test_zzz_the_suite_left_the_real_database_alone ________________

real_db_before = '643748dc0efe16816cb1b723941cb0fc6af1de9e183c15eab6d5dba726ecd40a'
data_root = PosixPath('/tmp/pytest-of-root/pytest-410/pid_data0')

    def test_zzz_the_suite_left_the_real_database_alone(real_db_before, data_root):
        """The steps above ran against a copy; the real database must be untouched.
    
        This is the check the round asked for, and it is placed last on purpose - the
        name sorts after every step so it sees the whole suite's damage, if any.  It
        compares bytes rather than row counts because the failure this guards against
        is not "a row appeared" but "anything at all was written": a revision
        snapshot, a feedback entry, a review mark, a `user_json` update.
    
        Until the copy existed, a single `-m ui` run left six overwritten cells, one
        hand-added row and two snapshots in the file the deliverables are built from,
        and nothing in the repository showed it - `app/_data/` is gitignored, so
        `git status` stayed clean the whole time.
        """
        assert _sha(REAL_DB) == real_db_before, (
            "app/_data/app.db changed while the UI suite ran; the server was not "
            "pointed at the copy")
        copy = data_root / "app.db"
        assert copy.exists(), "the copy the server ran against is missing"
        assert copy.resolve() != REAL_DB.resolve(), "the copy is the original"
        # And the copy did change - otherwise the suite proved nothing, because a
        # server that never wrote anywhere would also leave the original alone.
>       assert _sha(copy) != real_db_before, (
            "the copy is byte-identical to the original: the steps above wrote "
            "nothing, so this test cannot tell isolation from inactivity")
E       AssertionError: the copy is byte-identical to the original: the steps above wrote nothing, so this test cannot tell isolation from inactivity
E       assert '643748dc0efe16816cb1b723941cb0fc6af1de9e183c15eab6d5dba726ecd40a' != '643748dc0efe16816cb1b723941cb0fc6af1de9e183c15eab6d5dba726ecd40a'
E        +  where '643748dc0efe16816cb1b723941cb0fc6af1de9e183c15eab6d5dba726ecd40a' = _sha(PosixPath('/tmp/pytest-of-root/pytest-410/pid_data0/app.db'))

tests/test_ui_edits.py:1274: AssertionError
=========================== short test summary info ============================
FAILED tests/test_ui_edits.py::test_step0_the_suite_runs_against_scope_aware_data
FAILED tests/test_ui_edits.py::test_zzz_the_suite_left_the_real_database_alone
ERROR tests/test_ui_edits.py::test_step1_edits_are_saved_server_side - Assert...
ERROR tests/test_ui_edits.py::test_step2_survives_page_navigation - Assertion...
ERROR tests/test_ui_edits.py::test_step3_survives_origin_filter - AssertionEr...
ERROR tests/test_ui_edits.py::test_step4_survives_tab_switching - AssertionEr...
ERROR tests/test_ui_edits.py::test_step5_survives_row_add_copy_delete - Asser...
ERROR tests/test_ui_edits.py::test_step6_edits_reach_the_excel - AssertionErr...
ERROR tests/test_ui_edits.py::test_step6_reports_unmappable_edits - Assertion...
ERROR tests/test_ui_edits.py::test_step6_scope_edit_is_counted_and_follows_the_setting
ERROR tests/test_ui_edits.py::test_step6_edit_on_a_vendor_row_follows_the_form_scope_setting
ERROR tests/test_ui_edits.py::test_step6_a_row_with_no_scope_is_written_not_dropped
ERROR tests/test_ui_edits.py::test_step7_reanalysis_keeps_edits_and_refreshes_ai
2 failed, 11 passed, 227 deselected, 11 errors in 75.90s (0:01:15)
