    0s  서버 RSS 207 MB  자식 0 MB  요청 0  오류 0
   10s  서버 RSS 290 MB  자식 167 MB  요청 47  오류 0
   20s  서버 RSS 386 MB  자식 226 MB  요청 122  오류 0
   30s  서버 RSS 454 MB  자식 226 MB  요청 148  오류 0
   40s  서버 RSS 373 MB  자식 226 MB  요청 206  오류 0
   50s  서버 RSS 382 MB  자식 286 MB  요청 244  오류 0
   60s  서버 RSS 383 MB  자식 228 MB  요청 285  오류 0
   70s  서버 RSS 383 MB  자식 227 MB  요청 329  오류 0
   80s  서버 RSS 378 MB  자식 228 MB  요청 375  오류 0
   90s  서버 RSS 401 MB  자식 227 MB  요청 424  오류 0
  100s  서버 RSS 414 MB  자식 228 MB  요청 469  오류 0
  110s  서버 RSS 387 MB  자식 286 MB  요청 506  오류 0
  120s  서버 RSS 454 MB  자식 197 MB  요청 545  오류 0
  130s  서버 RSS 448 MB  자식 197 MB  요청 585  오류 0
  140s  서버 RSS 449 MB  자식 197 MB  요청 632  오류 0
  150s  서버 RSS 458 MB  자식 197 MB  요청 667  오류 0
  160s  서버 RSS 509 MB  자식 197 MB  요청 708  오류 0
  170s  서버 RSS 474 MB  자식 197 MB  요청 745  오류 0
  180s  서버 RSS 490 MB  자식 197 MB  요청 785  오류 0
  190s  서버 RSS 479 MB  자식 197 MB  요청 822  오류 0
  200s  서버 RSS 456 MB  자식 197 MB  요청 855  오류 0
  210s  서버 RSS 455 MB  자식 197 MB  요청 894  오류 0
  220s  서버 RSS 463 MB  자식 197 MB  요청 929  오류 0
  230s  서버 RSS 433 MB  자식 197 MB  요청 969  오류 0
  240s  서버 RSS 434 MB  자식 197 MB  요청 1001  오류 0
  250s  서버 RSS 433 MB  자식 197 MB  요청 1042  오류 0
  260s  서버 RSS 444 MB  자식 197 MB  요청 1071  오류 0
  270s  서버 RSS 433 MB  자식 197 MB  요청 1113  오류 0
  280s  서버 RSS 405 MB  자식 197 MB  요청 1145  오류 0
  290s  서버 RSS 412 MB  자식 197 MB  요청 1186  오류 0
  300s  서버 RSS 435 MB  자식 197 MB  요청 1218  오류 0
  310s  서버 RSS 457 MB  자식 197 MB  요청 1253  오류 0
  320s  서버 RSS 457 MB  자식 197 MB  요청 1286  오류 0
  330s  서버 RSS 412 MB  자식 197 MB  요청 1319  오류 0
  340s  서버 RSS 440 MB  자식 197 MB  요청 1352  오류 0
  350s  서버 RSS 433 MB  자식 197 MB  요청 1386  오류 0
  360s  서버 RSS 454 MB  자식 197 MB  요청 1418  오류 0
  370s  서버 RSS 454 MB  자식 197 MB  요청 1454  오류 0
  380s  서버 RSS 410 MB  자식 197 MB  요청 1490  오류 0
  390s  서버 RSS 411 MB  자식 197 MB  요청 1518  오류 0
  400s  서버 RSS 418 MB  자식 197 MB  요청 1554  오류 0
  410s  서버 RSS 411 MB  자식 197 MB  요청 1589  오류 0
  420s  서버 RSS 456 MB  자식 197 MB  요청 1628  오류 0
  430s  서버 RSS 479 MB  자식 197 MB  요청 1658  오류 0
  440s  서버 RSS 434 MB  자식 197 MB  요청 1689  오류 0
  450s  서버 RSS 456 MB  자식 197 MB  요청 1723  오류 0
  460s  서버 RSS 436 MB  자식 197 MB  요청 1762  오류 0
  470s  서버 RSS 480 MB  자식 197 MB  요청 1796  오류 0
  480s  서버 RSS 458 MB  자식 197 MB  요청 1832  오류 0
# 부하·장시간 (hotfix74)

사용자 6 · 8분 · job 2098450b4603 (1999행 · 77장)

요청 1855 · 오류 0

| 일 | 수 | p50 | p95 | 최대 |
| --- | ---: | ---: | ---: | ---: |
| edit | 265 | 0.02s | 0.03s | 0.18s |
| evidence | 265 | 2.60s | 3.42s | 3.58s |
| home | 265 | 2.75s | 3.88s | 4.37s |
| memo | 265 | 0.07s | 0.28s | 0.59s |
| page | 265 | 0.06s | 0.83s | 1.77s |
| review | 265 | 1.00s | 3.41s | 4.54s |
| rows | 265 | 4.39s | 6.19s | 7.87s |
