  page   6    1.38s   valves.tags 0.71s instruments 0.29s valves.bodies 0.22s valves.actuators 0.16s annotations 0.00s
  page   7    1.41s   valves.tags 0.76s valves.bodies 0.26s instruments 0.22s valves.actuators 0.17s annotations 0.00s
  page   8   15.19s   valves.tags 14.67s instruments 0.19s valves.bodies 0.19s valves.actuators 0.14s annotations 0.00s
  page   9    1.19s   valves.tags 0.60s instruments 0.23s valves.bodies 0.22s valves.actuators 0.14s annotations 0.00s
  page  10    2.06s   valves.tags 0.86s valves.actuators 0.55s valves.bodies 0.38s instruments 0.27s annotations 0.00s
  page  11    1.61s   valves.tags 0.74s valves.bodies 0.33s valves.actuators 0.31s instruments 0.23s annotations 0.00s
  page  12    1.65s   valves.tags 0.63s valves.actuators 0.52s valves.bodies 0.25s instruments 0.24s annotations 0.00s
  page  13    1.60s   valves.tags 0.70s valves.bodies 0.50s valves.actuators 0.24s instruments 0.16s annotations 0.00s
  page  14    0.78s   valves.actuators 0.28s valves.bodies 0.22s instruments 0.18s valves.tags 0.10s annotations 0.00s
  page  15    1.12s   instruments 0.47s valves.bodies 0.34s valves.actuators 0.20s valves.tags 0.11s annotations 0.00s
  page  16    1.78s   valves.actuators 0.92s valves.bodies 0.43s instruments 0.32s valves.tags 0.12s annotations 0.00s
  page  17    1.74s   valves.tags 0.81s valves.bodies 0.45s valves.actuators 0.27s instruments 0.21s annotations 0.00s
  page  18    3.33s   valves.actuators 2.06s valves.tags 0.68s valves.bodies 0.33s instruments 0.26s annotations 0.00s
  page  19    0.51s   valves.bodies 0.16s valves.actuators 0.15s instruments 0.11s valves.tags 0.09s annotations 0.00s
  page  20    0.60s   instruments 0.20s valves.bodies 0.16s valves.actuators 0.14s valves.tags 0.09s annotations 0.00s
  page  21    0.62s   instruments 0.21s valves.bodies 0.19s valves.actuators 0.12s valves.tags 0.09s annotations 0.00s
  page  22    2.51s   valves.tags 0.88s valves.bodies 0.75s valves.actuators 0.60s instruments 0.28s annotations 0.00s
  page  23    1.85s   valves.tags 0.73s valves.actuators 0.53s instruments 0.37s valves.bodies 0.23s annotations 0.00s
  page  24    1.27s   valves.tags 0.73s instruments 0.22s valves.bodies 0.19s valves.actuators 0.13s annotations 0.00s
  page  25    2.83s   valves.tags 0.90s valves.actuators 0.84s valves.bodies 0.72s instruments 0.36s annotations 0.00s
  page  26    1.47s   valves.tags 0.63s valves.bodies 0.37s instruments 0.24s valves.actuators 0.22s annotations 0.00s
  page  27    1.47s   valves.tags 0.84s valves.bodies 0.28s instruments 0.19s valves.actuators 0.16s annotations 0.00s
  page  28    1.48s   valves.tags 0.69s valves.bodies 0.39s instruments 0.20s valves.actuators 0.20s annotations 0.00s
  page  29    1.53s   valves.actuators 1.04s valves.bodies 0.20s instruments 0.18s valves.tags 0.10s annotations 0.00s
  page  30    0.67s   instruments 0.25s valves.bodies 0.18s valves.actuators 0.14s valves.tags 0.10s annotations 0.00s
  page  31    1.23s   valves.tags 0.66s instruments 0.20s valves.bodies 0.19s valves.actuators 0.17s annotations 0.00s
  page  32    1.34s   valves.tags 0.69s valves.bodies 0.26s instruments 0.25s valves.actuators 0.14s annotations 0.00s
  page  33    1.37s   valves.tags 0.48s instruments 0.43s valves.bodies 0.32s valves.actuators 0.14s annotations 0.00s
  page  34    1.38s   valves.tags 0.50s instruments 0.39s valves.bodies 0.32s valves.actuators 0.17s annotations 0.00s
  page  35    0.42s   valves.bodies 0.14s instruments 0.13s valves.actuators 0.09s valves.tags 0.06s annotations 0.00s
  page  36    1.66s   valves.tags 0.74s valves.actuators 0.50s valves.bodies 0.23s instruments 0.19s annotations 0.00s
  page  37    1.11s   valves.tags 0.63s instruments 0.18s valves.bodies 0.16s valves.actuators 0.14s annotations 0.00s
  page  38    0.77s   valves.bodies 0.28s instruments 0.25s valves.actuators 0.13s valves.tags 0.10s annotations 0.00s
  page  39    0.50s   valves.bodies 0.19s valves.actuators 0.12s instruments 0.11s valves.tags 0.08s annotations 0.00s
  page  40    0.67s   instruments 0.21s valves.bodies 0.16s valves.actuators 0.16s valves.tags 0.14s annotations 0.00s
  page  42    1.92s   valves.tags 0.63s valves.actuators 0.63s valves.bodies 0.46s instruments 0.20s annotations 0.00s
  page  43    0.54s   valves.bodies 0.17s instruments 0.14s valves.actuators 0.13s valves.tags 0.09s annotations 0.00s
  page  44    1.61s   valves.tags 0.82s valves.actuators 0.36s valves.bodies 0.23s instruments 0.20s annotations 0.00s
  page  45    0.53s   valves.bodies 0.18s instruments 0.14s valves.actuators 0.13s valves.tags 0.09s annotations 0.00s
  page  46    1.31s   valves.tags 0.65s valves.actuators 0.28s valves.bodies 0.19s instruments 0.19s annotations 0.00s
  page  47    1.61s   valves.tags 0.77s valves.actuators 0.44s valves.bodies 0.20s instruments 0.20s annotations 0.00s
  page  48    0.56s   valves.bodies 0.23s valves.actuators 0.12s instruments 0.10s valves.tags 0.10s annotations 0.00s
  page  49    1.36s   valves.tags 0.58s valves.bodies 0.35s instruments 0.27s valves.actuators 0.17s annotations 0.00s
  page  50    1.37s   valves.tags 0.57s instruments 0.37s valves.bodies 0.27s valves.actuators 0.17s annotations 0.00s
  page  51    1.55s   valves.actuators 0.78s instruments 0.40s valves.bodies 0.25s valves.tags 0.12s annotations 0.00s
  page  52    1.57s   valves.actuators 0.78s instruments 0.42s valves.bodies 0.23s valves.tags 0.14s annotations 0.00s
  page  53    0.96s   valves.actuators 0.41s instruments 0.26s valves.bodies 0.21s valves.tags 0.09s annotations 0.00s
  page  54    1.21s   valves.actuators 0.48s instruments 0.44s valves.bodies 0.18s valves.tags 0.10s annotations 0.00s
  page  55    1.33s   valves.actuators 0.69s instruments 0.32s valves.bodies 0.18s valves.tags 0.14s annotations 0.00s
  page  56    0.73s   valves.actuators 0.24s valves.bodies 0.22s instruments 0.19s valves.tags 0.08s annotations 0.00s
  page  57    0.77s   valves.actuators 0.33s instruments 0.22s valves.bodies 0.15s valves.tags 0.08s annotations 0.00s
  page  58    1.31s   valves.actuators 0.70s instruments 0.33s valves.bodies 0.17s valves.tags 0.11s annotations 0.00s
  page  59    0.59s   valves.bodies 0.18s valves.actuators 0.15s instruments 0.14s valves.tags 0.13s annotations 0.00s
  page  60    0.60s   valves.bodies 0.24s valves.actuators 0.13s instruments 0.12s valves.tags 0.11s annotations 0.00s
analysis took 673.8s, by stage:
  instruments              262.39s   38.9%
  layout                   252.71s   37.5%
  valves.tags               38.70s    5.7%
  titleblocks               23.03s    3.4%
  valves.actuators          22.67s    3.4%
  describe_axis             22.28s    3.3%
  valves.bodies             15.52s    2.3%
  pipe_graph                13.42s    2.0%
  candidates                 8.05s    1.2%
  legend_rules               6.18s    0.9%
  titleblock_glyphs          5.22s    0.8%
  open_pdf                   3.02s    0.4%
  equipment                  0.43s    0.1%
  description                0.11s    0.0%
  unit_multipliers           0.05s    0.0%
  annotations                0.01s    0.0%
  valves.glyph_library       0.01s    0.0%
  slowest pages: p8 15.3s, p18 3.5s, p25 3.1s, p22 2.8s, p10 2.3s
analysis took 673.8s, by stage:
  instruments              262.39s   38.9%
  layout                   252.71s   37.5%
  valves.tags               38.70s    5.7%
  titleblocks               23.03s    3.4%
  valves.actuators          22.67s    3.4%
  describe_axis             22.28s    3.3%
  valves.bodies             15.52s    2.3%
  pipe_graph                13.42s    2.0%
  candidates                 8.05s    1.2%
  legend_rules               6.18s    0.9%
  titleblock_glyphs          5.22s    0.8%
  open_pdf                   3.02s    0.4%
  equipment                  0.43s    0.1%
  description                0.11s    0.0%
  unit_multipliers           0.05s    0.0%
  annotations                0.01s    0.0%
  valves.glyph_library       0.01s    0.0%
  slowest pages: p8 15.3s, p18 3.5s, p25 3.1s, p22 2.8s, p10 2.3s
wall 747.3 rows 902 fp None
