    0.0   0.01 ok running starting
    0.5   0.00 ok running starting
    1.0   0.00 ok running opening the document
    1.5   0.00 ok running opening the document
    2.0   0.00 ok running opening the document
    2.5   0.00 ok running opening the document
    3.1   0.00 ok running opening the document
    3.6   0.00 ok running measuring sheet 1 of 60
    4.1   0.00 ok running measuring sheet 1 of 60
    4.6   0.00 ok running measuring sheet 1 of 60
    5.1   0.00 ok running measuring sheet 2 of 60
    5.6   0.00 ok running measuring sheet 2 of 60
    6.1   0.00 ok running measuring sheet 2 of 60
    6.6   0.00 ok running measuring sheet 2 of 60
    7.1   0.00 ok running measuring sheet 2 of 60
    7.6   0.00 ok running measuring sheet 3 of 60
    8.1   0.00 ok running measuring sheet 3 of 60
    8.6   0.00 ok running measuring sheet 3 of 60
    9.1   0.00 ok running measuring sheet 4 of 60
    9.6   0.00 ok running measuring sheet 4 of 60
   10.1   0.00 ok running measuring sheet 4 of 60
   10.6   0.00 ok running measuring sheet 4 of 60
   11.1   0.00 ok running measuring sheet 5 of 60
   11.7   0.00 ok running measuring sheet 5 of 60
   12.2   0.00 ok running measuring sheet 5 of 60
   12.7   0.00 ok running measuring sheet 5 of 60
   13.2   0.00 ok running measuring sheet 5 of 60
   13.7   0.00 ok running measuring sheet 6 of 60
   14.2   0.00 ok running measuring sheet 6 of 60
   14.7   0.00 ok running measuring sheet 6 of 60
   15.2   0.00 ok running measuring sheet 6 of 60
   15.7   0.00 ok running measuring sheet 6 of 60
   16.2   0.00 ok running measuring sheet 7 of 60
   16.7   0.00 ok running measuring sheet 7 of 60
   17.2   0.00 ok running measuring sheet 7 of 60
   17.7   0.00 ok running measuring sheet 7 of 60
   18.2   0.01 ok running measuring sheet 7 of 60
   18.7   0.00 ok running measuring sheet 8 of 60
   19.3   0.00 ok running measuring sheet 8 of 60
   19.8   0.00 ok running measuring sheet 8 of 60
   20.3   0.02 ok running measuring sheet 9 of 60
   20.8   0.00 ok running measuring sheet 9 of 60
   21.3   0.00 ok running measuring sheet 9 of 60
   21.8   0.00 ok running measuring sheet 9 of 60
   22.3   0.00 ok running measuring sheet 9 of 60
   22.8   0.00 ok running measuring sheet 9 of 60
   23.3   0.00 ok running measuring sheet 9 of 60
   23.8   0.00 ok running measuring sheet 9 of 60
   24.3   0.00 ok running measuring sheet 10 of 60
   24.8   0.00 ok running measuring sheet 10 of 60
   25.4   0.00 ok running measuring sheet 10 of 60
   25.9   0.00 ok running measuring sheet 10 of 60
   26.4   0.00 ok running measuring sheet 11 of 60
   26.9   0.00 ok running measuring sheet 11 of 60
   27.4   0.00 ok running measuring sheet 11 of 60
   27.9   0.00 ok running measuring sheet 11 of 60
   28.4   0.00 ok running measuring sheet 11 of 60
   28.9   0.00 ok running measuring sheet 11 of 60
   29.4   0.00 ok running measuring sheet 11 of 60
   29.9   0.00 ok running measuring sheet 11 of 60
   30.4   0.00 ok running measuring sheet 11 of 60
   30.9   0.00 ok running measuring sheet 12 of 60
   31.4   0.00 ok running measuring sheet 12 of 60
   31.9   0.00 ok running measuring sheet 12 of 60
   32.4   0.00 ok running measuring sheet 12 of 60
   32.9   0.00 ok running measuring sheet 13 of 60
   33.5   0.00 ok running measuring sheet 13 of 60
   34.0   0.00 ok running measuring sheet 13 of 60
   34.5   0.00 ok running measuring sheet 13 of 60
   35.0   0.00 ok running measuring sheet 13 of 60
   35.5   0.00 ok running measuring sheet 13 of 60
   36.0   0.00 ok running measuring sheet 13 of 60
   36.5   0.00 ok running measuring sheet 13 of 60
   37.0   0.00 ok running measuring sheet 14 of 60
   37.5   0.00 ok running measuring sheet 14 of 60
   38.0   0.00 ok running measuring sheet 14 of 60
   38.5   0.00 ok running measuring sheet 14 of 60
   39.0   0.00 ok running measuring sheet 14 of 60
   39.5   0.00 ok running measuring sheet 15 of 60
   40.0   0.00 ok running measuring sheet 15 of 60
   40.5   0.00 ok running measuring sheet 15 of 60
   41.0   0.00 ok running measuring sheet 15 of 60
   41.6   0.00 ok running measuring sheet 15 of 60
   42.1   0.01 ok running measuring sheet 16 of 60
   42.6   0.00 ok running measuring sheet 16 of 60
   43.1   0.00 ok running measuring sheet 16 of 60
   43.6   0.00 ok running measuring sheet 16 of 60
   44.1   0.00 ok running measuring sheet 16 of 60
   44.6   0.00 ok running measuring sheet 16 of 60
   45.1   0.00 ok running measuring sheet 16 of 60
   45.6   0.00 ok running measuring sheet 16 of 60
   46.1   0.00 ok running measuring sheet 16 of 60
   46.6   0.00 ok running measuring sheet 16 of 60
   47.1   0.00 ok running measuring sheet 17 of 60
   47.6   0.00 ok running measuring sheet 17 of 60
   48.1   0.00 ok running measuring sheet 17 of 60
   48.6   0.00 ok running measuring sheet 17 of 60
   49.2   0.00 ok running measuring sheet 17 of 60
   49.7   0.00 ok running measuring sheet 18 of 60
   50.2   0.00 ok running measuring sheet 18 of 60
   50.7   0.00 ok running measuring sheet 18 of 60
   51.2   0.00 ok running measuring sheet 18 of 60
   51.7   0.00 ok running measuring sheet 18 of 60
   52.2   0.00 ok running measuring sheet 19 of 60
   52.7   0.00 ok running measuring sheet 19 of 60
   53.2   0.00 ok running measuring sheet 19 of 60
   53.7   0.00 ok running measuring sheet 19 of 60
   54.2   0.00 ok running measuring sheet 19 of 60
   54.7   0.00 ok running measuring sheet 19 of 60
   55.2   0.00 ok running measuring sheet 19 of 60
   55.7   0.00 ok running measuring sheet 19 of 60
   56.2   0.00 ok running measuring sheet 19 of 60
   56.7   0.00 ok running measuring sheet 19 of 60
   57.2   0.00 ok running measuring sheet 19 of 60
   57.8   0.00 ok running measuring sheet 20 of 60
   58.3   0.00 ok running measuring sheet 20 of 60
   58.8   0.00 ok running measuring sheet 20 of 60
   59.3   0.00 ok running measuring sheet 20 of 60
   59.8   0.00 ok running measuring sheet 21 of 60
   60.3   0.00 ok running measuring sheet 21 of 60
   60.8   0.00 ok running measuring sheet 21 of 60
   61.3   0.00 ok running measuring sheet 21 of 60
   61.8   0.00 ok running measuring sheet 21 of 60
   62.3   0.00 ok running measuring sheet 22 of 60
   62.8   0.00 ok running measuring sheet 22 of 60
   63.3   0.01 ok running measuring sheet 22 of 60
   63.8   0.00 ok running measuring sheet 22 of 60
   64.3   0.00 ok running measuring sheet 22 of 60
   64.9   0.00 ok running measuring sheet 23 of 60
   65.4   0.00 ok running measuring sheet 23 of 60
   65.9   0.00 ok running measuring sheet 23 of 60
   66.4   0.00 ok running measuring sheet 23 of 60
   66.9   0.00 ok running measuring sheet 23 of 60
   67.4   0.00 ok running measuring sheet 23 of 60
   67.9   0.00 ok running measuring sheet 23 of 60
   68.4   0.00 ok running measuring sheet 23 of 60
   68.9   0.00 ok running measuring sheet 23 of 60
   69.4   0.00 ok running measuring sheet 23 of 60
   69.9   0.00 ok running measuring sheet 23 of 60
   70.4   0.00 ok running measuring sheet 23 of 60
   70.9   0.00 ok running measuring sheet 23 of 60
   71.5   0.01 ok running measuring sheet 24 of 60
   72.0   0.00 ok running measuring sheet 24 of 60
   72.5   0.00 ok running measuring sheet 24 of 60
   73.0   0.00 ok running measuring sheet 24 of 60
   73.5   0.01 ok running measuring sheet 25 of 60
   74.0   0.00 ok running measuring sheet 25 of 60
   74.5   0.00 ok running measuring sheet 25 of 60
   75.0   0.00 ok running measuring sheet 25 of 60
   75.5   0.00 ok running measuring sheet 25 of 60
   76.0   0.00 ok running measuring sheet 26 of 60
   76.5   0.00 ok running measuring sheet 26 of 60
   77.0   0.00 ok running measuring sheet 26 of 60
   77.5   0.00 ok running measuring sheet 26 of 60
   78.0   0.00 ok running measuring sheet 26 of 60
   78.5   0.00 ok running measuring sheet 27 of 60
   79.0   0.00 ok running measuring sheet 27 of 60
   79.6   0.00 ok running measuring sheet 27 of 60
   80.1   0.00 ok running measuring sheet 27 of 60
   80.6   0.00 ok running measuring sheet 28 of 60
   81.1   0.00 ok running measuring sheet 28 of 60
   81.6   0.00 ok running measuring sheet 28 of 60
   82.1   0.00 ok running measuring sheet 28 of 60
   82.6   0.00 ok running measuring sheet 28 of 60
   83.1   0.00 ok running measuring sheet 28 of 60
   83.6   0.00 ok running measuring sheet 28 of 60
   84.1   0.00 ok running measuring sheet 28 of 60
   84.6   0.00 ok running measuring sheet 28 of 60
   85.1   0.00 ok running measuring sheet 28 of 60
   85.6   0.00 ok running measuring sheet 28 of 60
   86.1   0.00 ok running measuring sheet 28 of 60
   86.6   0.00 ok running measuring sheet 28 of 60
   87.1   0.00 ok running measuring sheet 28 of 60
   87.6   0.00 ok running measuring sheet 28 of 60
   88.2   0.01 ok running measuring sheet 29 of 60
   88.7   0.00 ok running measuring sheet 29 of 60
   89.2   0.00 ok running measuring sheet 29 of 60
   89.7   0.00 ok running measuring sheet 29 of 60
   90.2   0.01 ok running measuring sheet 29 of 60
   90.7   0.00 ok running measuring sheet 30 of 60
   91.2   0.00 ok running measuring sheet 30 of 60
   91.7   0.00 ok running measuring sheet 30 of 60
   92.2   0.00 ok running measuring sheet 30 of 60
   92.7   0.00 ok running measuring sheet 31 of 60
   93.2   0.01 ok running measuring sheet 31 of 60
   93.7   0.00 ok running measuring sheet 31 of 60
   94.2   0.00 ok running measuring sheet 31 of 60
   94.7   0.00 ok running measuring sheet 31 of 60
   95.3   0.00 ok running measuring sheet 32 of 60
   95.8   0.00 ok running measuring sheet 32 of 60
   96.3   0.01 ok running measuring sheet 32 of 60
   96.8   0.00 ok running measuring sheet 33 of 60
   97.3   0.00 ok running measuring sheet 33 of 60
   97.8   0.00 ok running measuring sheet 33 of 60
   98.3   0.00 ok running measuring sheet 34 of 60
   98.8   0.00 ok running measuring sheet 34 of 60
   99.3   0.00 ok running measuring sheet 35 of 60
   99.8   0.00 ok running measuring sheet 35 of 60
  100.3   0.00 ok running measuring sheet 35 of 60
  100.8   0.00 ok running measuring sheet 35 of 60
  101.3   0.00 ok running measuring sheet 35 of 60
  101.8   0.00 ok running measuring sheet 35 of 60
  102.3   0.00 ok running measuring sheet 35 of 60
  102.8   0.00 ok running measuring sheet 35 of 60
  103.4   0.00 ok running measuring sheet 35 of 60
  103.9   0.00 ok running measuring sheet 35 of 60
  104.4   0.01 ok running measuring sheet 35 of 60
  104.9   0.00 ok running measuring sheet 35 of 60
  105.4   0.00 ok running measuring sheet 35 of 60
  105.9   0.00 ok running measuring sheet 35 of 60
  106.4   0.00 ok running measuring sheet 35 of 60
  106.9   0.00 ok running measuring sheet 36 of 60
  107.4   0.00 ok running measuring sheet 36 of 60
  107.9   0.00 ok running measuring sheet 36 of 60
  108.4   0.01 ok running measuring sheet 36 of 60
  108.9   0.01 ok running measuring sheet 37 of 60
  109.4   0.00 ok running measuring sheet 37 of 60
  109.9   0.00 ok running measuring sheet 37 of 60
  110.5   0.00 ok running measuring sheet 37 of 60
  111.0   0.01 ok running measuring sheet 38 of 60
  111.5   0.00 ok running measuring sheet 38 of 60
  112.0   0.00 ok running measuring sheet 38 of 60
  112.5   0.00 ok running measuring sheet 38 of 60
  113.0   0.00 ok running measuring sheet 38 of 60
  113.5   0.00 ok running measuring sheet 39 of 60
  114.0   0.00 ok running measuring sheet 39 of 60
  114.5   0.00 ok running measuring sheet 39 of 60
  115.0   0.00 ok running measuring sheet 39 of 60
  115.5   0.01 ok running measuring sheet 40 of 60
  116.0   0.00 ok running measuring sheet 40 of 60
  116.5   0.00 ok running measuring sheet 40 of 60
  117.0   0.00 ok running measuring sheet 40 of 60
  117.5   0.01 ok running measuring sheet 41 of 60
  118.1   0.00 ok running measuring sheet 41 of 60
  118.6   0.00 ok running measuring sheet 41 of 60
  119.1   0.00 ok running measuring sheet 41 of 60
  119.6   0.00 ok running measuring sheet 41 of 60
  120.1   0.00 ok running measuring sheet 42 of 60
  120.6   0.00 ok running measuring sheet 42 of 60
  121.1   0.00 ok running measuring sheet 42 of 60
  121.6   0.00 ok running measuring sheet 42 of 60
  122.1   0.01 ok running measuring sheet 42 of 60
  122.6   0.00 ok running measuring sheet 42 of 60
  123.1   0.00 ok running measuring sheet 42 of 60
  123.6   0.00 ok running measuring sheet 42 of 60
  124.1   0.01 ok running measuring sheet 42 of 60
  124.6   0.00 ok running measuring sheet 42 of 60
  125.1   0.00 ok running measuring sheet 42 of 60
  125.6   0.00 ok running measuring sheet 42 of 60
  126.2   0.00 ok running measuring sheet 42 of 60
  126.7   0.00 ok running measuring sheet 42 of 60
  127.2   0.00 ok running measuring sheet 42 of 60
  127.7   0.00 ok running measuring sheet 42 of 60
  128.2   0.00 ok running measuring sheet 42 of 60
  128.7   0.00 ok running measuring sheet 42 of 60
  129.2   0.00 ok running measuring sheet 42 of 60
  129.7   0.00 ok running measuring sheet 43 of 60
  130.2   0.00 ok running measuring sheet 43 of 60
  130.7   0.00 ok running measuring sheet 43 of 60
  131.2   0.00 ok running measuring sheet 43 of 60
  131.7   0.00 ok running measuring sheet 43 of 60
  132.2   0.00 ok running measuring sheet 44 of 60
  132.8   0.00 ok running measuring sheet 44 of 60
  133.3   0.00 ok running measuring sheet 44 of 60
  133.8   0.00 ok running measuring sheet 44 of 60
  134.3   0.00 ok running measuring sheet 45 of 60
  134.8   0.00 ok running measuring sheet 45 of 60
  135.3   0.00 ok running measuring sheet 45 of 60
  135.8   0.00 ok running measuring sheet 45 of 60
  136.3   0.00 ok running measuring sheet 46 of 60
  136.8   0.00 ok running measuring sheet 46 of 60
  137.3   0.00 ok running measuring sheet 46 of 60
  137.8   0.00 ok running measuring sheet 46 of 60
  138.3   0.00 ok running measuring sheet 47 of 60
  138.8   0.00 ok running measuring sheet 47 of 60
  139.3   0.00 ok running measuring sheet 47 of 60
  139.8   0.00 ok running measuring sheet 47 of 60
  140.3   0.01 ok running measuring sheet 47 of 60
  140.9   0.00 ok running measuring sheet 48 of 60
  141.4   0.00 ok running measuring sheet 48 of 60
  141.9   0.00 ok running measuring sheet 48 of 60
  142.4   0.00 ok running measuring sheet 48 of 60
  142.9   0.00 ok running measuring sheet 49 of 60
  143.4   0.00 ok running measuring sheet 49 of 60
  143.9   0.00 ok running measuring sheet 49 of 60
  144.4   0.00 ok running measuring sheet 49 of 60
  144.9   0.01 ok running measuring sheet 50 of 60
  145.4   0.00 ok running measuring sheet 50 of 60
  145.9   0.00 ok running measuring sheet 50 of 60
  146.4   0.00 ok running measuring sheet 50 of 60
  146.9   0.00 ok running measuring sheet 50 of 60
  147.4   0.00 ok running measuring sheet 51 of 60
  147.9   0.00 ok running measuring sheet 51 of 60
  148.4   0.00 ok running measuring sheet 51 of 60
  149.0   0.00 ok running measuring sheet 51 of 60
  149.5   0.00 ok running measuring sheet 51 of 60
  150.0   0.01 ok running measuring sheet 51 of 60
  150.5   0.00 ok running measuring sheet 51 of 60
  151.0   0.00 ok running measuring sheet 51 of 60
  151.5   0.00 ok running measuring sheet 51 of 60
  152.0   0.00 ok running measuring sheet 51 of 60
  152.5   0.00 ok running measuring sheet 51 of 60
  153.0   0.00 ok running measuring sheet 51 of 60
  153.5   0.00 ok running measuring sheet 51 of 60
  154.0   0.00 ok running measuring sheet 51 of 60
  154.5   0.00 ok running measuring sheet 51 of 60
  155.0   0.00 ok running measuring sheet 51 of 60
  155.5   0.00 ok running measuring sheet 51 of 60
  156.0   0.00 ok running measuring sheet 51 of 60
  156.6   0.00 ok running measuring sheet 51 of 60
  157.1   0.00 ok running measuring sheet 51 of 60
  157.6   0.00 ok running measuring sheet 51 of 60
  158.1   0.00 ok running measuring sheet 52 of 60
  158.6   0.00 ok running measuring sheet 52 of 60
  159.1   0.00 ok running measuring sheet 52 of 60
  159.6   0.00 ok running measuring sheet 52 of 60
  160.1   0.00 ok running measuring sheet 53 of 60
  160.6   0.00 ok running measuring sheet 53 of 60
  161.1   0.00 ok running measuring sheet 53 of 60
  161.6   0.00 ok running measuring sheet 53 of 60
  162.1   0.00 ok running measuring sheet 54 of 60
  162.6   0.00 ok running measuring sheet 54 of 60
  163.1   0.00 ok running measuring sheet 54 of 60
  163.6   0.00 ok running measuring sheet 54 of 60
  164.1   0.00 ok running measuring sheet 55 of 60
  164.7   0.00 ok running measuring sheet 55 of 60
  165.2   0.00 ok running measuring sheet 55 of 60
  165.7   0.00 ok running measuring sheet 55 of 60
  166.2   0.00 ok running measuring sheet 55 of 60
  166.7   0.00 ok running measuring sheet 56 of 60
  167.2   0.00 ok running measuring sheet 56 of 60
  167.7   0.01 ok running measuring sheet 56 of 60
  168.2   0.00 ok running measuring sheet 56 of 60
  168.7   0.00 ok running measuring sheet 57 of 60
  169.2   0.00 ok running measuring sheet 57 of 60
  169.7   0.00 ok running measuring sheet 57 of 60
  170.2   0.00 ok running measuring sheet 58 of 60
  170.7   0.00 ok running measuring sheet 58 of 60
  171.2   0.00 ok running measuring sheet 58 of 60
  171.7   0.00 ok running measuring sheet 59 of 60
  172.3   0.00 ok running measuring sheet 59 of 60
  172.8   0.00 ok running measuring sheet 59 of 60
  173.3   0.00 ok running measuring sheet 59 of 60
  173.8   0.00 ok running measuring sheet 60 of 60
  174.3   0.00 ok running measuring sheet 60 of 60
  174.8   0.00 ok running measuring sheet 60 of 60
  175.3   0.00 ok running measuring the sheet
  175.8   0.00 ok running measuring the sheet
  176.3   0.00 ok running measuring the sheet
  176.8   0.00 ok running measuring the sheet
  177.3   0.00 ok running measuring the sheet
  177.8   0.01 ok running measuring the sheet
  178.3   0.00 ok running measuring the sheet
  178.8   0.00 ok running measuring the sheet
  179.3   0.00 ok running measuring the sheet
  179.8   0.00 ok running measuring the sheet
  180.4   0.00 ok running measuring the sheet
  180.9   0.00 ok running measuring the sheet
  181.4   0.00 ok running measuring the sheet
  181.9   0.00 ok running measuring the sheet
  182.4   0.00 ok running measuring the sheet
  182.9   0.00 ok running measuring the sheet
  183.4   0.01 ok running measuring the sheet
  183.9   0.00 ok running measuring the sheet
  184.4   0.00 ok running measuring the sheet
  184.9   0.00 ok running measuring the sheet
  185.4   0.00 ok running measuring the sheet
  185.9   0.00 ok running measuring the sheet
  186.4   0.00 ok running measuring the sheet
  186.9   0.00 ok running measuring the sheet
  187.4   0.00 ok running measuring the sheet
  188.0   0.00 ok running measuring the sheet
  188.5   0.01 ok running measuring the sheet
  189.0   0.00 ok running measuring the sheet
  189.5   0.00 ok running measuring the sheet
  190.0   0.00 ok running measuring the sheet
  190.5   0.00 ok running measuring the sheet
  191.0   0.00 ok running measuring the sheet
  191.5   0.00 ok running measuring the sheet
  192.0   0.00 ok running measuring the sheet
  192.5   0.00 ok running measuring the sheet
  193.0   0.00 ok running measuring the sheet
  193.5   0.00 ok running measuring the sheet
  194.0   0.00 ok running measuring the sheet
  194.5   0.00 ok running measuring the sheet
  195.0   0.00 ok running measuring the sheet
  195.5   0.00 ok running measuring the sheet
  196.1   0.00 ok running measuring the sheet
  196.6   0.00 ok running measuring the sheet
  197.1   0.00 ok running measuring the sheet
  197.6   0.00 ok running measuring the sheet
  198.1   0.00 ok running measuring the sheet
  198.6   0.00 ok running measuring the sheet
  199.1   0.00 ok running measuring the sheet
  199.6   0.00 ok running measuring the sheet
  200.1   0.00 ok running measuring the sheet
  200.6   0.00 ok running measuring the sheet
  201.1   0.01 ok running measuring the sheet
  201.6   0.00 ok running measuring the sheet
  202.1   0.00 ok running measuring the sheet
  202.6   0.00 ok running measuring the sheet
  203.1   0.00 ok running measuring the sheet
  203.6   0.00 ok running measuring the sheet
  204.2   0.01 ok running measuring the sheet
  204.7   0.00 ok running measuring the sheet
  205.2   0.00 ok running measuring the sheet
  205.7   0.00 ok running measuring the sheet
  206.2   0.00 ok running measuring the sheet
  206.7   0.00 ok running measuring the sheet
  207.2   0.00 ok running measuring the sheet
  207.7   0.00 ok running measuring the sheet
  208.2   0.00 ok running measuring the sheet
  208.7   0.00 ok running measuring the sheet
  209.2   0.00 ok running measuring the sheet
  209.7   0.00 ok running measuring the sheet
  210.2   0.00 ok running measuring the sheet
  210.7   0.00 ok running measuring the sheet
  211.2   0.00 ok running measuring the sheet
  211.8   0.00 ok running measuring the sheet
  212.3   0.00 ok running measuring the sheet
  212.8   0.00 ok running measuring the sheet
  213.3   0.00 ok running measuring the sheet
  213.8   0.00 ok running measuring the sheet
  214.3   0.00 ok running measuring the sheet
  214.8   0.00 ok running measuring the sheet
  215.3   0.00 ok running measuring the sheet
  215.8   0.00 ok running measuring the sheet
  216.3   0.00 ok running measuring the sheet
  216.8   0.00 ok running measuring the sheet
  217.3   0.00 ok running measuring the sheet
  217.8   0.00 ok running measuring the sheet
  218.3   0.00 ok running measuring the sheet
  218.8   0.00 ok running measuring the sheet
  219.3   0.00 ok running measuring the sheet
  219.9   0.00 ok running measuring the sheet
  220.4   0.00 ok running measuring the sheet
  220.9   0.00 ok running measuring the sheet
  221.4   0.00 ok running measuring the sheet
  221.9   0.00 ok running measuring the sheet
  222.4   0.00 ok running measuring the sheet
  222.9   0.00 ok running measuring the sheet
  223.4   0.00 ok running measuring the sheet
  223.9   0.00 ok running measuring the sheet
  224.4   0.00 ok running measuring the sheet
  224.9   0.01 ok running measuring the sheet
  225.4   0.00 ok running measuring the sheet
  225.9   0.00 ok running measuring the sheet
  226.4   0.00 ok running measuring the sheet
  226.9   0.00 ok running measuring the sheet
  227.5   0.00 ok running measuring the sheet
  228.0   0.00 ok running measuring the sheet
  228.5   0.00 ok running measuring the sheet
  229.0   0.00 ok running measuring the sheet
  229.5   0.00 ok running measuring the sheet
  230.0   0.00 ok running measuring the sheet
  230.5   0.00 ok running measuring the sheet
  231.0   0.00 ok running measuring the sheet
  231.5   0.00 ok running measuring the sheet
  232.0   0.00 ok running measuring the sheet
  232.5   0.00 ok running measuring the sheet
  233.0   0.00 ok running measuring the sheet
  233.5   0.00 ok running measuring the sheet
  234.0   0.00 ok running measuring the sheet
  234.5   0.00 ok running measuring the sheet
  235.0   0.00 ok running measuring the sheet
  235.6   0.01 ok running measuring the sheet
  236.1   0.00 ok running measuring the sheet
  236.6   0.00 ok running measuring the sheet
  237.1   0.00 ok running measuring the sheet
  237.6   0.00 ok running measuring the sheet
  238.1   0.00 ok running measuring the sheet
  238.6   0.00 ok running measuring the sheet
  239.1   0.00 ok running measuring the sheet
  239.6   0.00 ok running measuring the sheet
  240.1   0.00 ok running measuring the sheet
  240.6   0.00 ok running measuring the sheet
  241.1   0.00 ok running measuring the sheet
  241.6   0.00 ok running measuring the sheet
  242.1   0.00 ok running measuring the sheet
  242.6   0.00 ok running measuring the sheet
  243.1   0.00 ok running measuring the sheet
  243.7   0.00 ok running measuring the sheet
  244.2   0.00 ok running measuring the sheet
  244.7   0.00 ok running measuring the sheet
  245.2   0.00 ok running measuring the sheet
  245.7   0.00 ok running measuring the sheet
  246.2   0.00 ok running measuring the sheet
  246.7   0.00 ok running measuring the sheet
  247.2   0.00 ok running measuring the sheet
  247.7   0.00 ok running measuring the sheet
  248.2   0.00 ok running measuring the sheet
  248.7   0.00 ok running measuring the sheet
  249.2   0.00 ok running measuring the sheet
  249.7   0.00 ok running measuring the sheet
  250.2   0.00 ok running measuring the sheet
  250.7   0.00 ok running measuring the sheet
  251.3   0.00 ok running measuring the sheet
  251.8   0.00 ok running measuring the sheet
  252.3   0.00 ok running measuring the sheet
  252.8   0.00 ok running measuring the sheet
  253.3   0.01 ok running measuring the sheet
  253.8   0.00 ok running measuring the sheet
  254.3   0.00 ok running measuring the sheet
  254.8   0.00 ok running measuring the sheet
  255.3   0.00 ok running measuring the sheet
  255.8   0.00 ok running measuring the sheet
  256.3   0.00 ok running measuring the sheet
  256.8   0.00 ok running measuring the sheet
  257.3   0.00 ok running reading title blocks
  257.8   0.00 ok running reading title blocks
  258.3   0.00 ok running reading title blocks
  258.8   0.00 ok running reading title blocks
  259.4   0.00 ok running reading title blocks
  259.9   0.00 ok running reading title blocks
  260.4   0.01 ok running reading title blocks
  260.9   0.00 ok running reading title blocks
  261.4   0.00 ok running reading title blocks
  261.9   0.01 ok running reading title blocks
  262.4   0.00 ok running reading title blocks
  262.9   0.00 ok running reading title blocks
  263.4   0.00 ok running reading title blocks
  263.9   0.00 ok running reading title blocks
  264.4   0.00 ok running reading title blocks
  264.9   0.00 ok running reading title blocks
  265.4   0.00 ok running reading title blocks
  265.9   0.00 ok running reading title blocks
  266.5   0.00 ok running reading title blocks
  267.0   0.01 ok running reading title blocks
  267.5   0.00 ok running reading title blocks
  268.0   0.00 ok running reading title blocks
  268.5   0.00 ok running reading title blocks
  269.0   0.00 ok running reading title blocks
  269.5   0.00 ok running reading title blocks
  270.0   0.00 ok running reading title blocks
  270.5   0.01 ok running reading title blocks
  271.0   0.00 ok running reading title blocks
  271.5   0.00 ok running reading title blocks
  272.0   0.00 ok running reading title blocks
  272.5   0.00 ok running reading title blocks
  273.0   0.00 ok running reading title blocks
  273.6   0.00 ok running reading title blocks
  274.1   0.00 ok running reading title blocks
  274.6   0.00 ok running reading title blocks
  275.1   0.00 ok running reading title blocks
  275.6   0.00 ok running reading title blocks
  276.1   0.00 ok running reading title blocks
  276.6   0.00 ok running reading title blocks
  277.1   0.00 ok running reading title blocks
  277.6   0.00 ok running reading title blocks
  278.1   0.00 ok running reading title blocks
  278.6   0.00 ok running reading title blocks
  279.1   0.00 ok running reading title blocks
  279.6   0.01 ok running measuring rules off the legend sheets
  280.1   0.00 ok running measuring rules off the legend sheets
  280.6   0.00 ok running measuring rules off the legend sheets
  281.2   0.00 ok running measuring rules off the legend sheets
  281.7   0.00 ok running measuring rules off the legend sheets
  282.2   0.00 ok running valve bodies and actuators
  282.7   0.00 ok running valve bodies and actuators
  283.2   0.00 ok running valve bodies and actuators
  283.7   0.00 ok running valve bodies and actuators
  284.2   0.00 ok running valve bodies and actuators
  284.7   0.00 ok running valve bodies and actuators
  285.2   0.00 ok running valve bodies and actuators
  285.7   0.00 ok running valve bodies and actuators
  286.2   0.00 ok running valve bodies and actuators
  286.7   0.00 ok running valve bodies and actuators
  287.2   0.00 ok running valve bodies and actuators
  287.7   0.00 ok running valve bodies and actuators
  288.2   0.00 ok running valve bodies and actuators
  288.8   0.00 ok running valve bodies and actuators
  289.3   0.00 ok running valve bodies and actuators
  289.8   0.00 ok running valve bodies and actuators
  290.3   0.00 ok running valve bodies and actuators
  290.8   0.00 ok running valve bodies and actuators
  291.3   0.00 ok running valve bodies and actuators
  291.8   0.01 ok running valve bodies and actuators
  292.3   0.00 ok running valve bodies and actuators
  292.8   0.00 ok running valve bodies and actuators
  293.3   0.00 ok running valve bodies and actuators
  293.8   0.00 ok running valve bodies and actuators
  294.3   0.00 ok running valve bodies and actuators
  294.8   0.00 ok running valve bodies and actuators
  295.3   0.01 ok running valve bodies and actuators
  295.8   0.00 ok running valve bodies and actuators
  296.4   0.00 ok running valve bodies and actuators
  296.9   0.00 ok running valve bodies and actuators
  297.4   0.00 ok running valve bodies and actuators
  297.9   0.00 ok running valve bodies and actuators
  298.4   0.00 ok running valve bodies and actuators
  298.9   0.00 ok running valve bodies and actuators
  299.4   0.00 ok running valve bodies and actuators
  299.9   0.00 ok running valve bodies and actuators
  300.4   0.01 ok running valve bodies and actuators
  300.9   0.00 ok running valve bodies and actuators
  301.4   0.00 ok running valve bodies and actuators
  301.9   0.00 ok running valve bodies and actuators
  302.4   0.00 ok running valve bodies and actuators
  302.9   0.00 ok running valve bodies and actuators
  303.4   0.00 ok running valve bodies and actuators
  304.0   0.01 ok running valve bodies and actuators
  304.5   0.00 ok running valve bodies and actuators
  305.0   0.01 ok running valve bodies and actuators
  305.5   0.01 ok running valve bodies and actuators
  306.0   0.00 ok running valve bodies and actuators
  306.5   0.00 ok running valve bodies and actuators
  307.0   0.00 ok running valve bodies and actuators
  307.5   0.00 ok running valve bodies and actuators
  308.0   0.00 ok running valve bodies and actuators
  308.5   0.00 ok running valve bodies and actuators
  309.0   0.00 ok running valve bodies and actuators
  309.5   0.00 ok running valve bodies and actuators
  310.0   0.00 ok running valve bodies and actuators
  310.5   0.00 ok running valve bodies and actuators
  311.1   0.00 ok running valve bodies and actuators
  311.6   0.00 ok running valve bodies and actuators
  312.1   0.00 ok running valve bodies and actuators
  312.6   0.00 ok running valve bodies and actuators
  313.1   0.00 ok running valve bodies and actuators
  313.6   0.00 ok running valve bodies and actuators
  314.1   0.00 ok running valve bodies and actuators
  314.6   0.00 ok running valve bodies and actuators
  315.1   0.00 ok running valve bodies and actuators
  315.6   0.00 ok running valve bodies and actuators
  316.1   0.00 ok running valve bodies and actuators
  316.6   0.00 ok running valve bodies and actuators
  317.1   0.00 ok running valve bodies and actuators
  317.6   0.00 ok running valve bodies and actuators
  318.1   0.00 ok running valve bodies and actuators
  318.7   0.00 ok running valve bodies and actuators
  319.2   0.00 ok running valve bodies and actuators
  319.7   0.00 ok running valve bodies and actuators
  320.2   0.00 ok running valve bodies and actuators
  320.7   0.00 ok running valve bodies and actuators
  321.2   0.00 ok running valve bodies and actuators
  321.7   0.00 ok running valve bodies and actuators
  322.2   0.00 ok running valve bodies and actuators
  322.7   0.00 ok running valve bodies and actuators
  323.2   0.00 ok running valve bodies and actuators
  323.7   0.00 ok running valve bodies and actuators
  324.2   0.00 ok running valve bodies and actuators
  324.7   0.00 ok running valve bodies and actuators
  325.2   0.00 ok running valve bodies and actuators
  325.7   0.00 ok running valve bodies and actuators
  326.2   0.00 ok running valve bodies and actuators
  326.8   0.00 ok running valve bodies and actuators
  327.3   0.00 ok running valve bodies and actuators
  327.8   0.00 ok running valve bodies and actuators
  328.3   0.00 ok running valve bodies and actuators
  328.8   0.00 ok running valve bodies and actuators
  329.3   0.00 ok running valve bodies and actuators
  329.8   0.00 ok running valve bodies and actuators
  330.3   0.00 ok running valve bodies and actuators
  330.8   0.00 ok running valve bodies and actuators
  331.3   0.00 ok running valve bodies and actuators
  331.8   0.00 ok running page 6 of 60
  332.3   0.00 ok running page 6 of 60
  332.8   0.00 ok running page 6 of 60
  333.3   0.00 ok running page 6 of 60
  333.8   0.00 ok running page 6 of 60
  334.4   0.00 ok running page 6 of 60
  334.9   0.00 ok running page 6 of 60
  335.4   0.00 ok running page 6 of 60
  335.9   0.00 ok running page 6 of 60
  336.4   0.00 ok running page 6 of 60
  336.9   0.00 ok running page 6 of 60
  337.4   0.00 ok running page 6 of 60
  337.9   0.00 ok running page 7 of 60
  338.4   0.00 ok running page 7 of 60
  338.9   0.00 ok running page 7 of 60
  339.4   0.00 ok running page 7 of 60
  339.9   0.00 ok running page 7 of 60
  340.4   0.00 ok running page 7 of 60
  340.9   0.00 ok running page 7 of 60
  341.4   0.00 ok running page 7 of 60
  342.0   0.00 ok running page 7 of 60
  342.5   0.00 ok running page 7 of 60
  343.0   0.00 ok running page 7 of 60
  343.5   0.00 ok running page 7 of 60
  344.0   0.00 ok running page 7 of 60
  344.5   0.01 ok running page 8 of 60
  345.0   0.00 ok running page 8 of 60
  345.5   0.00 ok running page 8 of 60
  346.0   0.00 ok running page 8 of 60
  346.5   0.00 ok running page 8 of 60
  347.0   0.00 ok running page 8 of 60
  347.5   0.00 ok running page 8 of 60
  348.0   0.01 ok running page 8 of 60
  348.5   0.01 ok running page 8 of 60
  349.1   0.00 ok running page 8 of 60
  349.6   0.00 ok running page 9 of 60
  350.1   0.00 ok running page 9 of 60
  350.6   0.01 ok running page 9 of 60
  351.1   0.00 ok running page 9 of 60
  351.6   0.00 ok running page 9 of 60
  352.1   0.00 ok running page 9 of 60
  352.6   0.00 ok running page 9 of 60
  353.1   0.00 ok running page 9 of 60
  353.6   0.00 ok running page 9 of 60
  354.1   0.01 ok running page 9 of 60
  354.6   0.00 ok running page 9 of 60
  355.1   0.00 ok running page 9 of 60
  355.6   0.00 ok running page 9 of 60
  356.1   0.00 ok running page 10 of 60
  356.7   0.00 ok running page 10 of 60
  357.2   0.01 ok running page 10 of 60
  357.7   0.00 ok running page 10 of 60
  358.2   0.00 ok running page 10 of 60
  358.7   0.00 ok running page 10 of 60
  359.2   0.00 ok running page 10 of 60
  359.7   0.00 ok running page 11 of 60
  360.2   0.00 ok running page 11 of 60
  360.7   0.00 ok running page 11 of 60
  361.2   0.00 ok running page 11 of 60
  361.7   0.00 ok running page 11 of 60
  362.2   0.00 ok running page 11 of 60
  362.7   0.00 ok running page 11 of 60
  363.2   0.00 ok running page 11 of 60
  363.7   0.00 ok running page 11 of 60
  364.3   0.00 ok running page 11 of 60
  364.8   0.00 ok running page 11 of 60
  365.3   0.00 ok running page 11 of 60
  365.8   0.00 ok running page 11 of 60
  366.3   0.00 ok running page 11 of 60
  366.8   0.00 ok running page 11 of 60
  367.3   0.00 ok running page 11 of 60
  367.8   0.00 ok running page 11 of 60
  368.3   0.00 ok running page 11 of 60
  368.8   0.00 ok running page 11 of 60
  369.3   0.00 ok running page 12 of 60
  369.8   0.01 ok running page 12 of 60
  370.3   0.00 ok running page 12 of 60
  370.8   0.00 ok running page 12 of 60
  371.3   0.00 ok running page 12 of 60
  371.9   0.01 ok running page 12 of 60
  372.4   0.00 ok running page 12 of 60
  372.9   0.00 ok running page 12 of 60
  373.4   0.00 ok running page 12 of 60
  373.9   0.00 ok running page 12 of 60
  374.4   0.00 ok running page 12 of 60
  374.9   0.00 ok running page 12 of 60
  375.4   0.00 ok running page 12 of 60
  375.9   0.00 ok running page 12 of 60
  376.4   0.00 ok running page 12 of 60
  376.9   0.00 ok running page 12 of 60
  377.4   0.00 ok running page 12 of 60
  377.9   0.00 ok running page 12 of 60
  378.4   0.01 ok running page 12 of 60
  379.0   0.00 ok running page 12 of 60
  379.5   0.01 ok running page 12 of 60
  380.0   0.00 ok running page 12 of 60
  380.5   0.00 ok running page 12 of 60
  381.0   0.01 ok running page 12 of 60
  381.5   0.00 ok running page 12 of 60
  382.0   0.00 ok running page 12 of 60
  382.5   0.01 ok running page 12 of 60
  383.0   0.00 ok running page 12 of 60
  383.5   0.00 ok running page 12 of 60
  384.0   0.00 ok running page 12 of 60
  384.5   0.00 ok running page 13 of 60
  385.0   0.00 ok running page 13 of 60
  385.5   0.00 ok running page 13 of 60
  386.1   0.00 ok running page 13 of 60
  386.6   0.00 ok running page 13 of 60
  387.1   0.00 ok running page 13 of 60
  387.6   0.00 ok running page 13 of 60
  388.1   0.00 ok running page 13 of 60
  388.6   0.00 ok running page 14 of 60
  389.1   0.00 ok running page 14 of 60
  389.6   0.00 ok running page 14 of 60
  390.1   0.00 ok running page 14 of 60
  390.6   0.00 ok running page 14 of 60
  391.1   0.00 ok running page 14 of 60
  391.6   0.00 ok running page 14 of 60
  392.1   0.00 ok running page 15 of 60
  392.6   0.00 ok running page 15 of 60
  393.1   0.00 ok running page 15 of 60
  393.6   0.00 ok running page 15 of 60
  394.2   0.00 ok running page 15 of 60
  394.7   0.00 ok running page 15 of 60
  395.2   0.00 ok running page 15 of 60
  395.7   0.00 ok running page 16 of 60
  396.2   0.00 ok running page 16 of 60
  396.7   0.00 ok running page 16 of 60
  397.2   0.00 ok running page 16 of 60
  397.7   0.00 ok running page 16 of 60
  398.2   0.00 ok running page 16 of 60
  398.7   0.00 ok running page 16 of 60
  399.2   0.00 ok running page 17 of 60
  399.7   0.00 ok running page 17 of 60
  400.2   0.00 ok running page 17 of 60
  400.7   0.00 ok running page 17 of 60
  401.2   0.01 ok running page 17 of 60
  401.8   0.00 ok running page 17 of 60
  402.3   0.00 ok running page 17 of 60
  402.8   0.00 ok running page 18 of 60
  403.3   0.00 ok running page 18 of 60
  403.8   0.00 ok running page 18 of 60
  404.3   0.00 ok running page 18 of 60
  404.8   0.00 ok running page 18 of 60
  405.3   0.00 ok running page 18 of 60
  405.8   0.00 ok running page 18 of 60
  406.3   0.00 ok running page 18 of 60
  406.8   0.00 ok running page 19 of 60
  407.3   0.00 ok running page 19 of 60
  407.8   0.00 ok running page 20 of 60
  408.3   0.00 ok running page 20 of 60
  408.9   0.00 ok running page 20 of 60
  409.4   0.00 ok running page 20 of 60
  409.9   0.00 ok running page 20 of 60
  410.4   0.00 ok running page 20 of 60
  410.9   0.00 ok running page 20 of 60
  411.4   0.00 ok running page 21 of 60
  411.9   0.00 ok running page 21 of 60
  412.4   0.00 ok running page 21 of 60
  412.9   0.00 ok running page 21 of 60
  413.4   0.00 ok running page 21 of 60
  413.9   0.00 ok running page 21 of 60
  414.4   0.00 ok running page 21 of 60
  414.9   0.00 ok running page 22 of 60
  415.4   0.00 ok running page 22 of 60
  415.9   0.00 ok running page 22 of 60
  416.4   0.00 ok running page 22 of 60
  417.0   0.00 ok running page 22 of 60
  417.5   0.00 ok running page 22 of 60
  418.0   0.00 ok running page 22 of 60
  418.5   0.00 ok running page 22 of 60
  419.0   0.01 ok running page 22 of 60
  419.5   0.00 ok running page 22 of 60
  420.0   0.00 ok running page 22 of 60
  420.5   0.00 ok running page 22 of 60
  421.0   0.00 ok running page 22 of 60
  421.5   0.00 ok running page 22 of 60
  422.0   0.00 ok running page 22 of 60
  422.5   0.01 ok running page 22 of 60
  423.0   0.00 ok running page 22 of 60
  423.5   0.00 ok running page 22 of 60
  424.1   0.00 ok running page 22 of 60
  424.6   0.00 ok running page 22 of 60
  425.1   0.00 ok running page 22 of 60
  425.6   0.00 ok running page 22 of 60
  426.1   0.00 ok running page 22 of 60
  426.6   0.01 ok running page 22 of 60
  427.1   0.00 ok running page 22 of 60
  427.6   0.00 ok running page 22 of 60
  428.1   0.01 ok running page 22 of 60
  428.6   0.00 ok running page 22 of 60
  429.1   0.00 ok running page 22 of 60
  429.6   0.00 ok running page 23 of 60
  430.1   0.00 ok running page 23 of 60
  430.6   0.00 ok running page 23 of 60
  431.1   0.00 ok running page 23 of 60
  431.7   0.00 ok running page 23 of 60
  432.2   0.00 ok running page 23 of 60
  432.7   0.00 ok running page 23 of 60
  433.2   0.00 ok running page 23 of 60
  433.7   0.00 ok running page 24 of 60
  434.2   0.00 ok running page 24 of 60
  434.7   0.00 ok running page 24 of 60
  435.2   0.00 ok running page 24 of 60
  435.7   0.00 ok running page 24 of 60
  436.2   0.00 ok running page 24 of 60
  436.7   0.00 ok running page 24 of 60
  437.2   0.00 ok running page 24 of 60
  437.7   0.00 ok running page 24 of 60
  438.2   0.00 ok running page 24 of 60
  438.7   0.00 ok running page 24 of 60
  439.2   0.00 ok running page 24 of 60
  439.8   0.00 ok running page 25 of 60
  440.3   0.00 ok running page 25 of 60
  440.8   0.00 ok running page 25 of 60
  441.3   0.00 ok running page 25 of 60
  441.8   0.00 ok running page 25 of 60
  442.3   0.00 ok running page 25 of 60
  442.8   0.00 ok running page 25 of 60
  443.3   0.00 ok running page 26 of 60
  443.8   0.00 ok running page 26 of 60
  444.3   0.00 ok running page 26 of 60
  444.8   0.00 ok running page 26 of 60
  445.3   0.00 ok running page 26 of 60
  445.8   0.00 ok running page 26 of 60
  446.3   0.00 ok running page 26 of 60
  446.8   0.00 ok running page 27 of 60
  447.4   0.00 ok running page 27 of 60
  447.9   0.00 ok running page 27 of 60
  448.4   0.00 ok running page 27 of 60
  448.9   0.00 ok running page 27 of 60
  449.4   0.00 ok running page 27 of 60
  449.9   0.00 ok running page 27 of 60
  450.4   0.00 ok running page 28 of 60
  450.9   0.00 ok running page 28 of 60
  451.4   0.00 ok running page 28 of 60
  451.9   0.00 ok running page 28 of 60
  452.4   0.00 ok running page 28 of 60
  452.9   0.00 ok running page 28 of 60
  453.4   0.00 ok running page 29 of 60
  453.9   0.00 ok running page 29 of 60
  454.4   0.00 ok running page 29 of 60
  454.9   0.00 ok running page 29 of 60
  455.4   0.00 ok running page 29 of 60
  456.0   0.00 ok running page 29 of 60
  456.5   0.00 ok running page 29 of 60
  457.0   0.00 ok running page 29 of 60
  457.5   0.00 ok running page 29 of 60
  458.0   0.00 ok running page 30 of 60
  458.5   0.00 ok running page 30 of 60
  459.0   0.01 ok running page 30 of 60
  459.5   0.00 ok running page 30 of 60
  460.0   0.00 ok running page 30 of 60
  460.5   0.00 ok running page 30 of 60
  461.0   0.00 ok running page 30 of 60
  461.5   0.00 ok running page 30 of 60
  462.0   0.01 ok running page 30 of 60
  462.5   0.00 ok running page 30 of 60
  463.1   0.00 ok running page 30 of 60
  463.6   0.00 ok running page 31 of 60
  464.1   0.00 ok running page 31 of 60
  464.6   0.00 ok running page 31 of 60
  465.1   0.00 ok running page 31 of 60
  465.6   0.00 ok running page 31 of 60
  466.1   0.00 ok running page 31 of 60
  466.6   0.00 ok running page 31 of 60
  467.1   0.00 ok running page 31 of 60
  467.6   0.00 ok running page 31 of 60
  468.1   0.00 ok running page 31 of 60
  468.6   0.00 ok running page 31 of 60
  469.1   0.00 ok running page 32 of 60
  469.6   0.00 ok running page 32 of 60
  470.1   0.00 ok running page 32 of 60
  470.7   0.01 ok running page 32 of 60
  471.2   0.00 ok running page 32 of 60
  471.7   0.00 ok running page 32 of 60
  472.2   0.01 ok running page 32 of 60
  472.7   0.00 ok running page 33 of 60
  473.2   0.00 ok running page 33 of 60
  473.7   0.00 ok running page 33 of 60
  474.2   0.00 ok running page 33 of 60
  474.7   0.00 ok running page 33 of 60
  475.2   0.00 ok running page 33 of 60
  475.7   0.00 ok running page 33 of 60
  476.2   0.00 ok running page 33 of 60
  476.7   0.00 ok running page 33 of 60
  477.2   0.00 ok running page 33 of 60
  477.7   0.00 ok running page 33 of 60
  478.3   0.00 ok running page 33 of 60
  478.8   0.01 ok running page 33 of 60
  479.3   0.00 ok running page 33 of 60
  479.8   0.01 ok running page 33 of 60
  480.3   0.01 ok running page 33 of 60
  480.8   0.00 ok running page 33 of 60
  481.3   0.00 ok running page 33 of 60
  481.8   0.00 ok running page 33 of 60
  482.3   0.01 ok running page 33 of 60
  482.8   0.00 ok running page 33 of 60
  483.3   0.00 ok running page 33 of 60
  483.8   0.00 ok running page 33 of 60
  484.3   0.00 ok running page 33 of 60
  484.9   0.00 ok running page 33 of 60
  485.4   0.00 ok running page 33 of 60
  485.9   0.01 ok running page 33 of 60
  486.4   0.00 ok running page 33 of 60
  486.9   0.00 ok running page 33 of 60
  487.4   0.00 ok running page 33 of 60
  487.9   0.00 ok running page 33 of 60
  488.4   0.00 ok running page 33 of 60
  488.9   0.00 ok running page 33 of 60
  489.4   0.00 ok running page 34 of 60
  489.9   0.00 ok running page 34 of 60
  490.4   0.00 ok running page 34 of 60
  490.9   0.00 ok running page 34 of 60
  491.4   0.00 ok running page 34 of 60
  491.9   0.00 ok running page 34 of 60
  492.4   0.00 ok running page 34 of 60
  493.0   0.00 ok running page 34 of 60
  493.5   0.00 ok running page 35 of 60
  494.0   0.00 ok running page 35 of 60
  494.5   0.00 ok running page 35 of 60
  495.0   0.00 ok running page 35 of 60
  495.5   0.00 ok running page 36 of 60
  496.0   0.00 ok running page 36 of 60
  496.5   0.00 ok running page 36 of 60
  497.0   0.00 ok running page 36 of 60
  497.5   0.00 ok running page 36 of 60
  498.0   0.00 ok running page 36 of 60
  498.5   0.00 ok running page 36 of 60
  499.0   0.01 ok running page 36 of 60
  499.5   0.00 ok running page 37 of 60
  500.0   0.00 ok running page 37 of 60
  500.6   0.00 ok running page 37 of 60
  501.1   0.00 ok running page 37 of 60
  501.6   0.00 ok running page 37 of 60
  502.1   0.00 ok running page 37 of 60
  502.6   0.00 ok running page 37 of 60
  503.1   0.00 ok running page 38 of 60
  503.6   0.00 ok running page 38 of 60
  504.1   0.00 ok running page 38 of 60
  504.6   0.00 ok running page 38 of 60
  505.1   0.00 ok running page 38 of 60
  505.6   0.00 ok running page 38 of 60
  506.1   0.01 ok running page 38 of 60
  506.6   0.01 ok running page 39 of 60
  507.1   0.00 ok running page 39 of 60
  507.6   0.00 ok running page 40 of 60
  508.1   0.00 ok running page 40 of 60
  508.7   0.00 ok running page 40 of 60
  509.2   0.01 ok running page 40 of 60
  509.7   0.00 ok running page 40 of 60
  510.2   0.00 ok running page 40 of 60
  510.7   0.00 ok running page 42 of 60
  511.2   0.00 ok running page 42 of 60
  511.7   0.00 ok running page 42 of 60
  512.2   0.00 ok running page 42 of 60
  512.7   0.00 ok running page 42 of 60
  513.2   0.00 ok running page 42 of 60
  513.7   0.01 ok running page 42 of 60
  514.2   0.00 ok running page 42 of 60
  514.7   0.00 ok running page 42 of 60
  515.2   0.01 ok running page 42 of 60
  515.8   0.00 ok running page 43 of 60
  516.3   0.00 ok running page 43 of 60
  516.8   0.00 ok running page 43 of 60
  517.3   0.00 ok running page 43 of 60
  517.8   0.00 ok running page 43 of 60
  518.3   0.00 ok running page 43 of 60
  518.8   0.00 ok running page 43 of 60
  519.3   0.00 ok running page 44 of 60
  519.8   0.00 ok running page 44 of 60
  520.3   0.00 ok running page 44 of 60
  520.8   0.00 ok running page 44 of 60
  521.3   0.00 ok running page 44 of 60
  521.8   0.00 ok running page 44 of 60
  522.3   0.00 ok running page 44 of 60
  522.8   0.00 ok running page 44 of 60
  523.3   0.00 ok running page 45 of 60
  523.9   0.00 ok running page 45 of 60
  524.4   0.00 ok running page 45 of 60
  524.9   0.00 ok running page 45 of 60
  525.4   0.00 ok running page 45 of 60
  525.9   0.00 ok running page 45 of 60
  526.4   0.00 ok running page 46 of 60
  526.9   0.00 ok running page 46 of 60
  527.4   0.00 ok running page 46 of 60
  527.9   0.01 ok running page 46 of 60
  528.4   0.00 ok running page 46 of 60
  528.9   0.00 ok running page 46 of 60
  529.4   0.00 ok running page 46 of 60
  529.9   0.00 ok running page 46 of 60
  530.4   0.00 ok running page 46 of 60
  530.9   0.00 ok running page 46 of 60
  531.5   0.00 ok running page 46 of 60
  532.0   0.00 ok running page 46 of 60
  532.5   0.00 ok running page 46 of 60
  533.0   0.00 ok running page 46 of 60
  533.5   0.00 ok running page 46 of 60
  534.0   0.00 ok running page 46 of 60
  534.5   0.00 ok running page 46 of 60
  535.0   0.00 ok running page 46 of 60
  535.5   0.01 ok running page 46 of 60
  536.0   0.00 ok running page 46 of 60
  536.5   0.00 ok running page 46 of 60
  537.0   0.01 ok running page 46 of 60
  537.5   0.01 ok running page 46 of 60
  538.0   0.00 ok running page 46 of 60
  538.5   0.00 ok running page 46 of 60
  539.1   0.00 ok running page 46 of 60
  539.6   0.00 ok running page 46 of 60
  540.1   0.00 ok running page 46 of 60
  540.6   0.00 ok running page 46 of 60
  541.1   0.00 ok running page 46 of 60
  541.6   0.00 ok running page 46 of 60
  542.1   0.00 ok running page 47 of 60
  542.6   0.00 ok running page 47 of 60
  543.1   0.01 ok running page 47 of 60
  543.6   0.00 ok running page 47 of 60
  544.1   0.00 ok running page 47 of 60
  544.6   0.00 ok running page 47 of 60
  545.1   0.00 ok running page 47 of 60
  545.6   0.00 ok running page 48 of 60
  546.1   0.00 ok running page 48 of 60
  546.7   0.00 ok running page 48 of 60
  547.2   0.00 ok running page 49 of 60
  547.7   0.00 ok running page 49 of 60
  548.2   0.00 ok running page 49 of 60
  548.7   0.00 ok running page 49 of 60
  549.2   0.01 ok running page 49 of 60
  549.7   0.00 ok running page 49 of 60
  550.2   0.01 ok running page 49 of 60
  550.7   0.00 ok running page 50 of 60
  551.2   0.00 ok running page 50 of 60
  551.7   0.00 ok running page 50 of 60
  552.2   0.00 ok running page 50 of 60
  552.7   0.00 ok running page 50 of 60
  553.2   0.00 ok running page 50 of 60
  553.8   0.00 ok running page 50 of 60
  554.3   0.00 ok running page 51 of 60
  554.8   0.01 ok running page 51 of 60
  555.3   0.00 ok running page 51 of 60
  555.8   0.00 ok running page 51 of 60
  556.3   0.00 ok running page 51 of 60
  556.8   0.00 ok running page 51 of 60
  557.3   0.00 ok running page 51 of 60
  557.8   0.00 ok running page 52 of 60
  558.3   0.00 ok running page 52 of 60
  558.8   0.00 ok running page 52 of 60
  559.3   0.00 ok running page 52 of 60
  559.8   0.00 ok running page 52 of 60
  560.3   0.00 ok running page 52 of 60
  560.9   0.01 ok running page 52 of 60
  561.4   0.00 ok running page 52 of 60
  561.9   0.00 ok running page 53 of 60
  562.4   0.00 ok running page 53 of 60
  562.9   0.00 ok running page 53 of 60
  563.4   0.00 ok running page 53 of 60
  563.9   0.00 ok running page 53 of 60
  564.4   0.00 ok running page 53 of 60
  564.9   0.00 ok running page 53 of 60
  565.4   0.00 ok running page 54 of 60
  565.9   0.00 ok running page 54 of 60
  566.4   0.00 ok running page 54 of 60
  566.9   0.00 ok running page 54 of 60
  567.4   0.00 ok running page 54 of 60
  567.9   0.00 ok running page 54 of 60
  568.5   0.00 ok running page 54 of 60
  569.0   0.00 ok running page 55 of 60
  569.5   0.00 ok running page 55 of 60
  570.0   0.00 ok running page 55 of 60
  570.5   0.00 ok running page 55 of 60
  571.0   0.00 ok running page 55 of 60
  571.5   0.00 ok running page 55 of 60
  572.0   0.00 ok running page 55 of 60
  572.5   0.00 ok running page 55 of 60
  573.0   0.00 ok running page 56 of 60
  573.5   0.00 ok running page 56 of 60
  574.0   0.00 ok running page 56 of 60
  574.5   0.00 ok running page 56 of 60
  575.0   0.00 ok running page 56 of 60
  575.5   0.00 ok running page 56 of 60
  576.1   0.00 ok running page 56 of 60
  576.6   0.00 ok running page 56 of 60
  577.1   0.00 ok running page 56 of 60
  577.6   0.00 ok running page 56 of 60
  578.1   0.00 ok running page 56 of 60
  578.6   0.00 ok running page 56 of 60
  579.1   0.00 ok running page 56 of 60
  579.6   0.00 ok running page 56 of 60
  580.1   0.00 ok running page 56 of 60
  580.6   0.00 ok running page 56 of 60
  581.1   0.00 ok running page 56 of 60
  581.6   0.00 ok running page 56 of 60
  582.1   0.01 ok running page 56 of 60
  582.6   0.00 ok running page 56 of 60
  583.1   0.00 ok running page 56 of 60
  583.7   0.00 ok running page 56 of 60
  584.2   0.00 ok running page 56 of 60
  584.7   0.00 ok running page 56 of 60
  585.2   0.00 ok running page 56 of 60
  585.7   0.00 ok running page 56 of 60
  586.2   0.00 ok running page 56 of 60
  586.7   0.00 ok running page 56 of 60
  587.2   0.00 ok running page 56 of 60
  587.7   0.00 ok running page 56 of 60
  588.2   0.00 ok running page 56 of 60
  588.7   0.00 ok running page 56 of 60
  589.2   0.00 ok running page 57 of 60
  589.7   0.00 ok running page 57 of 60
  590.2   0.00 ok running page 57 of 60
  590.7   0.00 ok running page 57 of 60
  591.3   0.00 ok running page 57 of 60
  591.8   0.01 ok running page 57 of 60
  592.3   0.01 ok running page 57 of 60
  592.8   0.00 ok running page 58 of 60
  593.3   0.00 ok running page 58 of 60
  593.8   0.01 ok running page 58 of 60
  594.3   0.00 ok running page 58 of 60
  594.8   0.00 ok running page 58 of 60
  595.3   0.00 ok running page 58 of 60
  595.8   0.00 ok running page 58 of 60
  596.3   0.00 ok running page 59 of 60
  596.8   0.00 ok running page 59 of 60
  597.3   0.00 ok running page 59 of 60
  597.8   0.00 ok running page 60 of 60
  598.4   0.00 ok running page 60 of 60
  598.9   0.00 ok running page 60 of 60
  599.4   0.00 ok running page 60 of 60
  599.9   0.00 ok running page 60 of 60
  600.4   0.00 ok running page 60 of 60
  600.9   0.00 ok running page 60 of 60
  601.4   0.00 ok running tracing pipe connectivity
  601.9   0.00 ok running tracing pipe connectivity
  602.4   0.00 ok running tracing pipe connectivity
  602.9   0.00 ok running finding equipment
  603.4   0.00 ok running finding equipment
  603.9   0.00 ok running finding equipment
  604.4   0.00 ok running finding equipment
  604.9   0.00 ok running finding equipment
  605.4   0.00 ok running judging description axes
  606.0   0.00 ok running judging description axes
  606.5   0.00 ok running judging description axes
  607.0   0.00 ok running judging description axes
  607.5   0.00 ok running judging description axes
  608.0   0.00 ok running judging description axes
  608.5   0.01 ok running judging description axes
  609.0   0.00 ok running judging description axes
  609.5   0.00 ok running judging description axes
  610.0   0.00 ok running judging description axes
  610.5   0.00 ok running judging description axes
  611.0   0.00 ok running judging description axes
  611.5   0.00 ok running judging description axes
  612.0   0.00 ok running judging description axes
  612.5   0.00 ok running assembling descriptions
  613.0   0.00 ok running assembling descriptions
  613.5   0.00 ok running assembling descriptions
  614.1   0.00 ok running assembling descriptions
  614.6   0.00 ok running assembling descriptions
  615.1   0.00 ok running assembling descriptions
  615.6   0.00 ok running assembling descriptions
  616.1   0.00 ok running assembling descriptions
  616.6   0.00 ok running assembling descriptions
  617.1   0.00 ok running assembling descriptions
  617.6   0.00 ok running assembling descriptions
  618.1   0.00 ok running assembling descriptions
  618.6   0.00 ok running assembling descriptions
  619.1   0.00 ok running assembling descriptions
  619.6   0.00 ok running assembling descriptions
  620.1   0.00 ok running assembling descriptions
  620.6   0.00 ok running assembling descriptions
  621.1   0.00 ok running assembling descriptions
  621.6   0.00 ok running assembling descriptions
  622.2   0.00 ok running assembling descriptions
  622.7   0.00 ok running assembling descriptions
  623.2   0.00 ok running assembling descriptions
  623.7   0.00 ok running assembling descriptions
  624.2   0.00 ok running assembling descriptions
  624.7   0.00 ok running assembling descriptions
  625.2   0.00 ok running assembling descriptions
  625.7   0.00 ok running done
  626.2   0.00 ok running done
  626.7   0.00 ok running done
  627.2   0.00 ok running done
  627.7   0.00 ok running done
  628.2   0.00 ok running done
  628.8   0.00 ok done done
