    0.5   0.01 ok running opening the document
    2.1   0.89 ok running opening the document
    3.8   0.54 ok running measuring sheet 1 of 60
    4.7   0.35 ok running measuring sheet 1 of 60
    5.7   0.40 ok running measuring sheet 1 of 60
    7.0   0.74 ok running measuring sheet 2 of 60
    7.7   0.21 ok running measuring sheet 2 of 60
    8.6   0.35 ok running measuring sheet 2 of 60
   10.0   0.81 ok running measuring sheet 3 of 60
   11.1   0.53 ok running measuring sheet 3 of 60
   12.6   0.30 ok running measuring sheet 3 of 60
   14.1   0.85 ok running measuring sheet 4 of 60
   15.4   0.30 ok running measuring sheet 5 of 60
   17.2   1.22 ok running measuring sheet 5 of 60
   18.5   0.15 ok running measuring sheet 6 of 60
   20.3   1.25 ok running measuring sheet 6 of 60
   21.8   0.33 ok running measuring sheet 6 of 60
   22.8   0.45 ok running measuring sheet 7 of 60
   24.8   1.41 ok running measuring sheet 7 of 60
   26.0   0.67 ok running measuring sheet 8 of 60
   27.0   0.41 ok running measuring sheet 8 of 60
   29.5   0.40 ok running measuring sheet 9 of 60
   30.5   0.35 ok running measuring sheet 9 of 60
   32.0   0.93 ok running measuring sheet 10 of 60
   32.9   0.35 ok running measuring sheet 10 of 60
   34.2   0.79 ok running measuring sheet 11 of 60
   36.4   1.60 ok running measuring sheet 11 of 60
   37.3   0.35 ok running measuring sheet 11 of 60
   38.5   0.54 ok running measuring sheet 12 of 60
   39.5   0.39 ok running measuring sheet 12 of 60
   40.7   0.59 ok running measuring sheet 13 of 60
   41.6   0.39 ok running measuring sheet 13 of 60
   44.3   2.08 ok running measuring sheet 13 of 60
   45.5   0.66 ok running measuring sheet 14 of 60
   46.6   0.45 ok running measuring sheet 14 of 60
   47.8   0.64 ok running measuring sheet 15 of 60
   48.8   0.39 ok running measuring sheet 15 of 60
   53.0   3.00 TimeoutError running measuring sheet 16 of 60
   53.9   0.29 ok running measuring sheet 16 of 60
   55.6   1.07 ok running measuring sheet 17 of 60
   56.6   0.42 ok running measuring sheet 17 of 60
   57.8   0.72 ok running measuring sheet 18 of 60
   58.9   0.49 ok running measuring sheet 18 of 60
   60.2   0.72 ok running measuring sheet 19 of 60
   64.3   3.00 TimeoutError running measuring sheet 19 of 60
   65.5   0.64 ok running measuring sheet 20 of 60
   66.3   0.14 ok running measuring sheet 20 of 60
   67.7   0.26 ok running measuring sheet 21 of 60
   68.6   0.31 ok running measuring sheet 21 of 60
   69.9   0.16 ok running measuring sheet 22 of 60
   70.8   0.40 ok running measuring sheet 22 of 60
   72.6   0.51 ok running measuring sheet 23 of 60
   73.6   0.46 ok running measuring sheet 23 of 60
   78.1   3.00 TimeoutError running measuring sheet 23 of 60
   79.7   0.97 ok running measuring sheet 24 of 60
   80.5   0.27 ok running measuring sheet 24 of 60
   82.1   0.94 ok running measuring sheet 25 of 60
   82.8   0.09 ok running measuring sheet 25 of 60
   84.3   0.97 ok running measuring sheet 26 of 60
   85.4   0.44 ok running measuring sheet 26 of 60
   86.0   0.08 ok running measuring sheet 26 of 60
   87.3   0.67 ok running measuring sheet 27 of 60
   88.2   0.39 ok running measuring sheet 27 of 60
   94.4   3.00 TimeoutError running measuring sheet 28 of 60
   95.2   0.27 ok running measuring sheet 28 of 60
   96.3   0.66 ok running measuring sheet 29 of 60
   97.1   0.25 ok running measuring sheet 29 of 60
   98.0   0.37 ok running measuring sheet 29 of 60
   99.3   0.64 ok running measuring sheet 30 of 60
  100.3   0.48 ok running measuring sheet 30 of 60
  101.7   0.66 ok running measuring sheet 31 of 60
  102.6   0.28 ok running measuring sheet 31 of 60
  103.8   0.66 ok running measuring sheet 32 of 60
  104.6   0.29 ok running measuring sheet 32 of 60
  105.8   0.22 ok running measuring sheet 33 of 60
  106.8   0.44 ok running measuring sheet 33 of 60
  108.0   0.63 ok running measuring sheet 34 of 60
  114.8   3.00 TimeoutError running measuring sheet 35 of 60
  116.0   0.08 ok running measuring sheet 36 of 60
  117.2   0.52 ok running measuring sheet 36 of 60
  118.8   1.03 ok running measuring sheet 37 of 60
  120.4   0.50 ok running measuring sheet 37 of 60
  121.2   0.17 ok running measuring sheet 38 of 60
  122.7   0.44 ok running measuring sheet 39 of 60
  123.4   0.13 ok running measuring sheet 39 of 60
  124.2   0.31 ok running measuring sheet 39 of 60
  125.6   0.83 ok running measuring sheet 40 of 60
  126.6   0.43 ok running measuring sheet 40 of 60
  128.0   0.77 ok running measuring sheet 41 of 60
  129.0   0.43 ok running measuring sheet 41 of 60
  130.5   0.96 ok running measuring sheet 42 of 60
  131.3   0.20 ok running measuring sheet 42 of 60
  139.6   3.00 TimeoutError running measuring sheet 43 of 60
  140.7   0.48 ok running measuring sheet 43 of 60
  142.0   0.71 ok running measuring sheet 44 of 60
  142.9   0.34 ok running measuring sheet 44 of 60
  144.3   0.90 ok running measuring sheet 45 of 60
  145.3   0.43 ok running measuring sheet 45 of 60
  146.6   0.68 ok running measuring sheet 46 of 60
  147.2   0.05 ok running measuring sheet 46 of 60
  148.5   0.71 ok running measuring sheet 47 of 60
  149.5   0.47 ok running measuring sheet 47 of 60
  151.2   1.10 ok running measuring sheet 48 of 60
  152.9   0.49 ok running measuring sheet 49 of 60
  153.8   0.35 ok running measuring sheet 49 of 60
  155.3   0.41 ok running measuring sheet 50 of 60
  156.3   0.44 ok running measuring sheet 50 of 60
  157.7   0.85 ok running measuring sheet 51 of 60
  167.6   3.00 TimeoutError running measuring sheet 51 of 60
  169.2   1.11 ok running measuring sheet 52 of 60
  170.7   0.37 ok running measuring sheet 53 of 60
  171.5   0.25 ok running measuring sheet 53 of 60
  172.4   0.22 ok running measuring sheet 53 of 60
  173.6   0.68 ok running measuring sheet 54 of 60
  174.6   0.41 ok running measuring sheet 54 of 60
  175.7   0.48 ok running measuring sheet 55 of 60
  176.6   0.36 ok running measuring sheet 55 of 60
  178.1   0.95 ok running measuring sheet 56 of 60
  178.7   0.06 ok running measuring sheet 56 of 60
  180.1   0.73 ok running measuring sheet 57 of 60
  181.0   0.39 ok running measuring sheet 57 of 60
  182.5   0.91 ok running measuring sheet 58 of 60
  183.5   0.43 ok running measuring sheet 58 of 60
  184.7   0.59 ok running measuring sheet 59 of 60
  185.6   0.29 ok running measuring sheet 59 of 60
  186.5   0.00 ok running measuring sheet 60 of 60
  187.6   0.52 ok running measuring sheet 60 of 60
  188.5   0.36 ok running measuring the sheet
  189.5   0.41 ok running measuring the sheet
  190.3   0.24 ok running measuring the sheet
