{"page": 15, "rows_on_page": 73, "band": {"ms": 50, "longtasks": 0, "longtask_ms": 0, "requests": 0, "kb": 0, "selected": 73}, "scope_multi": {"ms": 795, "longtasks": 0, "longtask_ms": 0, "requests": 73, "kb": 36, "ok": true}, "qty_page": {"ms": 897, "longtasks": 1, "longtask_ms": 68, "requests": 73, "kb": 43, "ok": true}, "edit_one": {"ms": 92, "longtasks": 0, "longtask_ms": 0, "requests": 1, "kb": 1, "ok": true}, "dismiss": {"ms": 10788, "longtasks": 0, "longtask_ms": 0, "requests": 29, "kb": 473, "n": 20, "ok": true}, "restore": {"ms": 1305, "longtasks": 2, "longtask_ms": 170, "requests": 10, "kb": 460, "ok": true}, "add_row": {"ms": 3283, "longtasks": 1, "longtask_ms": 68, "requests": 10, "kb": 460, "ok": true}, "errors": []}
{"page": 15, "rows_on_page": 73, "band": {"ms": 64, "longtasks": 0, "longtask_ms": 0, "requests": 0, "kb": 0, "selected": 73}, "scope_multi": {"ms": 851, "longtasks": 0, "longtask_ms": 0, "requests": 73, "kb": 36, "ok": true}, "qty_page": {"ms": 960, "longtasks": 0, "longtask_ms": 0, "requests": 73, "kb": 43, "ok": true}, "edit_one": {"ms": 81, "longtasks": 0, "longtask_ms": 0, "requests": 1, "kb": 1, "ok": true}, "dismiss": {"ms": 10901, "longtasks": 0, "longtask_ms": 0, "requests": 29, "kb": 473, "n": 20, "ok": true}, "restore": {"ms": 1344, "longtasks": 2, "longtask_ms": 224, "requests": 10, "kb": 460, "ok": true}, "add_row": {"ms": 3564, "longtasks": 2, "longtask_ms": 143, "requests": 10, "kb": 460, "ok": true}, "errors": []}
{"page": 15, "rows_on_page": 73, "band": {"ms": 65, "longtasks": 0, "longtask_ms": 0, "requests": 0, "kb": 0, "selected": 73}, "scope_multi": {"ms": 847, "longtasks": 0, "longtask_ms": 0, "requests": 73, "kb": 36, "ok": true}, "qty_page": {"ms": 980, "longtasks": 0, "longtask_ms": 0, "requests": 73, "kb": 43, "ok": true}, "edit_one": {"ms": 96, "longtasks": 0, "longtask_ms": 0, "requests": 1, "kb": 1, "ok": true}, "dismiss": {"ms": 11162, "longtasks": 0, "longtask_ms": 0, "requests": 29, "kb": 473, "n": 20, "ok": true}, "restore": {"ms": 1272, "longtasks": 2, "longtask_ms": 189, "requests": 10, "kb": 460, "ok": true}, "add_row": {"ms": 3482, "longtasks": 2, "longtask_ms": 149, "requests": 10, "kb": 460, "ok": true}, "errors": []}
{
 "band": {
  "median_ms": 64,
  "max_ms": 65,
  "requests": 0,
  "kb": 0,
  "longtasks": 0
 },
 "scope_multi": {
  "median_ms": 847,
  "max_ms": 851,
  "requests": 73,
  "kb": 36,
  "longtasks": 0
 },
 "qty_page": {
  "median_ms": 960,
  "max_ms": 980,
  "requests": 73,
  "kb": 43,
  "longtasks": 0
 },
 "edit_one": {
  "median_ms": 92,
  "max_ms": 96,
  "requests": 1,
  "kb": 1,
  "longtasks": 0
 },
 "dismiss": {
  "median_ms": 10901,
  "max_ms": 11162,
  "requests": 29,
  "kb": 473,
  "longtasks": 0
 },
 "restore": {
  "median_ms": 1305,
  "max_ms": 1344,
  "requests": 10,
  "kb": 460,
  "longtasks": 2
 },
 "add_row": {
  "median_ms": 3482,
  "max_ms": 3564,
  "requests": 10,
  "kb": 460,
  "longtasks": 2
 }
}
